Running on partition: a100-80gb
GPU: NVIDIA A100 80GB PCIe
Syncing dependencies with uv...
Starting training from /home/sohn31/Group-VLM-RL...
global_step=60, episodic_return=15.000
global_step=60, episodic_return=15.000
global_step=68, episodic_return=17.000
global_step=76, episodic_return=19.000
global_step=108, episodic_return=11.000
global_step=140, episodic_return=15.000
global_step=152, episodic_return=20.000
global_step=188, episodic_return=31.000
global_step=212, episodic_return=17.000
global_step=220, episodic_return=16.000
global_step=244, episodic_return=33.000
global_step=276, episodic_return=13.000
global_step=280, episodic_return=22.000
global_step=296, episodic_return=20.000
global_step=296, episodic_return=12.000
global_step=340, episodic_return=15.000
global_step=344, episodic_return=11.000
global_step=372, episodic_return=18.000
global_step=388, episodic_return=11.000
global_step=440, episodic_return=23.000
global_step=452, episodic_return=42.000
global_step=460, episodic_return=17.000
global_step=464, episodic_return=22.000
global_step=488, episodic_return=11.000
global_step=508, episodic_return=13.000
SPS: 674
global_step=556, episodic_return=16.000
global_step=624, episodic_return=16.000
global_step=664, episodic_return=50.000
global_step=708, episodic_return=20.000
global_step=708, episodic_return=49.000
global_step=708, episodic_return=60.000
global_step=724, episodic_return=14.000
global_step=768, episodic_return=14.000
global_step=804, episodic_return=23.000
global_step=804, episodic_return=23.000
global_step=808, episodic_return=20.000
global_step=872, episodic_return=15.000
global_step=932, episodic_return=14.000
global_step=940, episodic_return=42.000
global_step=976, episodic_return=42.000
global_step=984, episodic_return=12.000
SPS: 1044
global_step=1040, episodic_return=58.000
global_step=1052, episodic_return=27.000
global_step=1108, episodic_return=32.000
global_step=1116, episodic_return=32.000
global_step=1140, episodic_return=24.000
global_step=1160, episodic_return=12.000
global_step=1208, episodic_return=38.000
global_step=1208, episodic_return=16.000
global_step=1220, episodic_return=25.000
global_step=1220, episodic_return=14.000
global_step=1276, episodic_return=16.000
global_step=1316, episodic_return=23.000
global_step=1352, episodic_return=35.000
global_step=1364, episodic_return=35.000
global_step=1416, episodic_return=24.000
global_step=1416, episodic_return=12.000
global_step=1420, episodic_return=16.000
global_step=1464, episodic_return=11.000
global_step=1464, episodic_return=11.000
global_step=1476, episodic_return=49.000
global_step=1476, episodic_return=13.000
SPS: 1403
global_step=1556, episodic_return=22.000
global_step=1584, episodic_return=29.000
global_step=1588, episodic_return=27.000
global_step=1588, episodic_return=27.000
global_step=1640, episodic_return=13.000
global_step=1652, episodic_return=15.000
global_step=1656, episodic_return=24.000
global_step=1668, episodic_return=19.000
global_step=1704, episodic_return=15.000
global_step=1748, episodic_return=23.000
global_step=1764, episodic_return=23.000
global_step=1832, episodic_return=20.000
global_step=1832, episodic_return=31.000
global_step=1840, episodic_return=18.000
global_step=1896, episodic_return=15.000
global_step=1952, episodic_return=73.000
global_step=1972, episodic_return=34.000
global_step=2040, episodic_return=16.000
SPS: 1694
global_step=2056, episodic_return=25.000
global_step=2088, episodic_return=61.000
global_step=2116, episodic_return=14.000
global_step=2124, episodic_return=20.000
global_step=2132, episodic_return=58.000
global_step=2156, episodic_return=16.000
global_step=2176, episodic_return=14.000
global_step=2180, episodic_return=11.000
global_step=2184, episodic_return=14.000
global_step=2236, episodic_return=14.000
global_step=2240, episodic_return=14.000
global_step=2268, episodic_return=20.000
global_step=2268, episodic_return=27.000
global_step=2300, episodic_return=14.000
global_step=2312, episodic_return=18.000
global_step=2312, episodic_return=10.000
global_step=2348, episodic_return=8.000
global_step=2404, episodic_return=33.000
global_step=2432, episodic_return=32.000
global_step=2464, episodic_return=28.000
global_step=2484, episodic_return=19.000
global_step=2488, episodic_return=43.000
global_step=2540, episodic_return=26.000
global_step=2548, episodic_return=20.000
global_step=2560, episodic_return=18.000
SPS: 1884
global_step=2596, episodic_return=11.000
global_step=2600, episodic_return=14.000
global_step=2600, episodic_return=27.000
global_step=2668, episodic_return=16.000
global_step=2748, episodic_return=37.000
global_step=2784, episodic_return=28.000
global_step=2832, episodic_return=67.000
global_step=2884, episodic_return=24.000
global_step=2884, episodic_return=70.000
global_step=2924, episodic_return=43.000
global_step=2928, episodic_return=23.000
global_step=2936, episodic_return=12.000
global_step=2960, episodic_return=18.000
global_step=2988, episodic_return=15.000
global_step=2996, episodic_return=16.000
global_step=3028, episodic_return=16.000
SPS: 1977
global_step=3076, episodic_return=21.000
global_step=3092, episodic_return=23.000
global_step=3152, episodic_return=18.000
global_step=3168, episodic_return=18.000
global_step=3180, episodic_return=60.000
global_step=3220, episodic_return=9.000
global_step=3248, episodic_return=54.000
global_step=3256, episodic_return=25.000
global_step=3264, episodic_return=23.000
global_step=3268, episodic_return=11.000
global_step=3312, episodic_return=11.000
global_step=3312, episodic_return=15.000
global_step=3360, episodic_return=25.000
global_step=3384, episodic_return=17.000
global_step=3432, episodic_return=17.000
global_step=3488, episodic_return=54.000
global_step=3500, episodic_return=46.000
global_step=3512, episodic_return=31.000
SPS: 2149
global_step=3632, episodic_return=29.000
global_step=3668, episodic_return=44.000
global_step=3684, episodic_return=12.000
global_step=3692, episodic_return=64.000
global_step=3696, episodic_return=48.000
global_step=3760, episodic_return=18.000
global_step=3772, episodic_return=19.000
global_step=3792, episodic_return=23.000
global_step=3828, episodic_return=13.000
global_step=3832, episodic_return=40.000
global_step=3916, episodic_return=20.000
global_step=3928, episodic_return=33.000
global_step=3936, episodic_return=26.000
global_step=3940, episodic_return=44.000
global_step=3976, episodic_return=14.000
global_step=4036, episodic_return=26.000
global_step=4052, episodic_return=28.000
global_step=4060, episodic_return=29.000
global_step=4084, episodic_return=11.000
SPS: 2298
global_step=4100, episodic_return=9.000
global_step=4148, episodic_return=42.000
global_step=4192, episodic_return=22.000
global_step=4204, episodic_return=37.000
global_step=4244, episodic_return=39.000
global_step=4276, episodic_return=31.000
global_step=4316, episodic_return=27.000
global_step=4336, episodic_return=35.000
global_step=4404, episodic_return=31.000
global_step=4420, episodic_return=43.000
global_step=4436, episodic_return=29.000
global_step=4472, episodic_return=33.000
global_step=4532, episodic_return=14.000
global_step=4536, episodic_return=28.000
global_step=4544, episodic_return=26.000
global_step=4588, episodic_return=12.000
global_step=4600, episodic_return=16.000
SPS: 2428
global_step=4636, episodic_return=57.000
global_step=4648, episodic_return=25.000
global_step=4676, episodic_return=18.000
global_step=4716, episodic_return=19.000
global_step=4736, episodic_return=21.000
global_step=4764, episodic_return=43.000
global_step=4784, episodic_return=16.000
global_step=4820, episodic_return=13.000
global_step=4836, episodic_return=12.000
global_step=4836, episodic_return=39.000
global_step=4868, episodic_return=32.000
global_step=4896, episodic_return=14.000
global_step=4924, episodic_return=25.000
global_step=4932, episodic_return=23.000
global_step=4932, episodic_return=15.000
global_step=4960, episodic_return=15.000
global_step=5000, episodic_return=16.000
global_step=5024, episodic_return=22.000
global_step=5044, episodic_return=20.000
global_step=5068, episodic_return=35.000
global_step=5088, episodic_return=21.000
SPS: 2542
global_step=5136, episodic_return=16.000
global_step=5160, episodic_return=33.000
global_step=5224, episodic_return=33.000
global_step=5292, episodic_return=38.000
global_step=5296, episodic_return=33.000
global_step=5344, episodic_return=74.000
global_step=5392, episodic_return=41.000
global_step=5412, episodic_return=16.000
global_step=5428, episodic_return=32.000
global_step=5444, episodic_return=37.000
global_step=5496, episodic_return=25.000
global_step=5520, episodic_return=18.000
global_step=5564, episodic_return=37.000
global_step=5564, episodic_return=33.000
global_step=5588, episodic_return=16.000
global_step=5600, episodic_return=25.000
global_step=5620, episodic_return=13.000
SPS: 2645
global_step=5676, episodic_return=18.000
global_step=5708, episodic_return=21.000
global_step=5712, episodic_return=30.000
global_step=5760, episodic_return=48.000
global_step=5804, episodic_return=22.000
global_step=5852, episodic_return=11.000
global_step=5868, episodic_return=39.000
global_step=5880, episodic_return=29.000
global_step=5880, episodic_return=50.000
global_step=5916, episodic_return=11.000
global_step=6000, episodic_return=29.000
global_step=6004, episodic_return=21.000
global_step=6012, episodic_return=32.000
global_step=6072, episodic_return=54.000
global_step=6076, episodic_return=17.000
global_step=6096, episodic_return=23.000
SPS: 2738
global_step=6184, episodic_return=21.000
global_step=6204, episodic_return=47.000
global_step=6224, episodic_return=36.000
global_step=6232, episodic_return=39.000
global_step=6264, episodic_return=19.000
global_step=6280, episodic_return=11.000
global_step=6300, episodic_return=18.000
global_step=6352, episodic_return=17.000
global_step=6388, episodic_return=30.000
global_step=6456, episodic_return=62.000
global_step=6496, episodic_return=48.000
global_step=6500, episodic_return=36.000
global_step=6512, episodic_return=30.000
global_step=6568, episodic_return=16.000
global_step=6588, episodic_return=22.000
global_step=6604, episodic_return=36.000
global_step=6628, episodic_return=14.000
SPS: 2806
global_step=6668, episodic_return=38.000
global_step=6752, episodic_return=20.000
global_step=6792, episodic_return=46.000
global_step=6872, episodic_return=70.000
global_step=6892, episodic_return=65.000
global_step=6920, episodic_return=11.000
global_step=6976, episodic_return=13.000
global_step=7036, episodic_return=35.000
global_step=7072, episodic_return=23.000
SPS: 2647
global_step=7196, episodic_return=39.000
global_step=7220, episodic_return=106.000
global_step=7224, episodic_return=117.000
global_step=7244, episodic_return=42.000
global_step=7272, episodic_return=18.000
global_step=7352, episodic_return=32.000
global_step=7436, episodic_return=40.000
global_step=7440, episodic_return=48.000
global_step=7532, episodic_return=23.000
global_step=7556, episodic_return=82.000
global_step=7588, episodic_return=58.000
global_step=7604, episodic_return=40.000
global_step=7640, episodic_return=12.000
global_step=7668, episodic_return=15.000
global_step=7676, episodic_return=29.000
SPS: 2718
global_step=7740, episodic_return=15.000
global_step=7780, episodic_return=61.000
global_step=7784, episodic_return=35.000
global_step=7808, episodic_return=34.000
global_step=7904, episodic_return=30.000
global_step=7928, episodic_return=46.000
global_step=7952, episodic_return=11.000
global_step=7968, episodic_return=45.000
global_step=7984, episodic_return=43.000
global_step=8020, episodic_return=22.000
global_step=8068, episodic_return=11.000
global_step=8100, episodic_return=36.000
SPS: 2785
global_step=8196, episodic_return=31.000
global_step=8200, episodic_return=24.000
global_step=8236, episodic_return=62.000
global_step=8312, episodic_return=27.000
global_step=8364, episodic_return=41.000
global_step=8376, episodic_return=34.000
global_step=8412, episodic_return=11.000
global_step=8464, episodic_return=123.000
global_step=8516, episodic_return=25.000
global_step=8536, episodic_return=55.000
global_step=8564, episodic_return=24.000
global_step=8580, episodic_return=15.000
global_step=8604, episodic_return=56.000
global_step=8672, episodic_return=33.000
SPS: 2846
global_step=8712, episodic_return=26.000
global_step=8760, episodic_return=48.000
global_step=8760, episodic_return=44.000
global_step=8812, episodic_return=34.000
global_step=8812, episodic_return=24.000
global_step=8952, episodic_return=47.000
global_step=8980, episodic_return=41.000
global_step=8988, episodic_return=56.000
global_step=9012, episodic_return=49.000
global_step=9072, episodic_return=22.000
global_step=9200, episodic_return=46.000
global_step=9208, episodic_return=54.000
SPS: 2903
global_step=9224, episodic_return=67.000
global_step=9308, episodic_return=58.000
global_step=9380, episodic_return=42.000
global_step=9380, episodic_return=38.000
global_step=9408, episodic_return=24.000
global_step=9408, episodic_return=51.000
global_step=9512, episodic_return=32.000
global_step=9528, episodic_return=29.000
global_step=9560, episodic_return=44.000
global_step=9580, episodic_return=16.000
global_step=9608, episodic_return=11.000
global_step=9652, episodic_return=30.000
global_step=9708, episodic_return=74.000
SPS: 2956
global_step=9768, episodic_return=46.000
global_step=9776, episodic_return=41.000
global_step=9828, episodic_return=29.000
global_step=9864, episodic_return=21.000
global_step=9876, episodic_return=11.000
global_step=9900, episodic_return=61.000
global_step=9924, episodic_return=14.000
global_step=9980, episodic_return=52.000
global_step=10028, episodic_return=25.000
global_step=10140, episodic_return=59.000
global_step=10224, episodic_return=86.000
global_step=10224, episodic_return=60.000
global_step=10228, episodic_return=49.000
global_step=10236, episodic_return=23.000
SPS: 3005
global_step=10304, episodic_return=19.000
global_step=10364, episodic_return=31.000
global_step=10372, episodic_return=35.000
global_step=10392, episodic_return=21.000
global_step=10428, episodic_return=50.000
global_step=10468, episodic_return=25.000
global_step=10516, episodic_return=35.000
global_step=10520, episodic_return=22.000
global_step=10604, episodic_return=21.000
global_step=10620, episodic_return=37.000
global_step=10656, episodic_return=65.000
global_step=10684, episodic_return=19.000
global_step=10720, episodic_return=49.000
global_step=10732, episodic_return=18.000
SPS: 3051
global_step=10808, episodic_return=21.000
global_step=10828, episodic_return=51.000
global_step=10840, episodic_return=38.000
global_step=10860, episodic_return=12.000
global_step=10980, episodic_return=29.000
global_step=11044, episodic_return=77.000
global_step=11116, episodic_return=33.000
global_step=11148, episodic_return=76.000
SPS: 3092
global_step=11320, episodic_return=42.000
global_step=11352, episodic_return=130.000
global_step=11364, episodic_return=61.000
global_step=11456, episodic_return=25.000
global_step=11480, episodic_return=39.000
global_step=11500, episodic_return=113.000
global_step=11536, episodic_return=42.000
global_step=11584, episodic_return=25.000
global_step=11640, episodic_return=45.000
global_step=11724, episodic_return=55.000
SPS: 3133
global_step=11820, episodic_return=44.000
global_step=11892, episodic_return=88.000
global_step=11924, episodic_return=49.000
global_step=11960, episodic_return=93.000
global_step=12028, episodic_return=33.000
global_step=12040, episodic_return=54.000
global_step=12240, episodic_return=78.000
global_step=12244, episodic_return=50.000
global_step=12244, episodic_return=70.000
global_step=12268, episodic_return=59.000
global_step=12288, episodic_return=11.000
SPS: 3168
global_step=12408, episodic_return=40.000
global_step=12444, episodic_return=38.000
global_step=12464, episodic_return=54.000
global_step=12476, episodic_return=51.000
global_step=12492, episodic_return=20.000
global_step=12636, episodic_return=39.000
global_step=12640, episodic_return=36.000
global_step=12648, episodic_return=50.000
global_step=12652, episodic_return=46.000
global_step=12792, episodic_return=38.000
SPS: 3204
global_step=12876, episodic_return=56.000
global_step=12888, episodic_return=58.000
global_step=12956, episodic_return=78.000
global_step=13020, episodic_return=15.000
global_step=13028, episodic_return=37.000
global_step=13072, episodic_return=45.000
global_step=13188, episodic_return=39.000
global_step=13224, episodic_return=37.000
global_step=13256, episodic_return=115.000
SPS: 3237
global_step=13376, episodic_return=37.000
global_step=13468, episodic_return=69.000
global_step=13472, episodic_return=112.000
global_step=13560, episodic_return=45.000
global_step=13656, episodic_return=46.000
global_step=13720, episodic_return=39.000
global_step=13784, episodic_return=77.000
global_step=13796, episodic_return=134.000
SPS: 3270
global_step=13832, episodic_return=43.000
global_step=13840, episodic_return=10.000
global_step=13868, episodic_return=20.000
global_step=13972, episodic_return=62.000
global_step=14044, episodic_return=52.000
global_step=14164, episodic_return=73.000
global_step=14180, episodic_return=84.000
global_step=14180, episodic_return=51.000
global_step=14240, episodic_return=48.000
global_step=14268, episodic_return=21.000
SPS: 3301
global_step=14340, episodic_return=24.000
global_step=14380, episodic_return=27.000
global_step=14400, episodic_return=58.000
global_step=14432, episodic_return=62.000
global_step=14524, episodic_return=45.000
global_step=14544, episodic_return=35.000
global_step=14620, episodic_return=59.000
global_step=14684, episodic_return=39.000
global_step=14788, episodic_return=60.000
global_step=14804, episodic_return=92.000
SPS: 3328
global_step=14984, episodic_return=48.000
global_step=15044, episodic_return=59.000
global_step=15096, episodic_return=118.000
global_step=15116, episodic_return=107.000
global_step=15164, episodic_return=44.000
global_step=15196, episodic_return=24.000
global_step=15204, episodic_return=39.000
global_step=15356, episodic_return=39.000
SPS: 3356
global_step=15372, episodic_return=51.000
global_step=15424, episodic_return=76.000
global_step=15608, episodic_return=45.000
global_step=15632, episodic_return=64.000
global_step=15648, episodic_return=72.000
global_step=15656, episodic_return=112.000
global_step=15688, episodic_return=13.000
global_step=15860, episodic_return=42.000
SPS: 3380
global_step=15876, episodic_return=56.000
global_step=15892, episodic_return=58.000
global_step=16068, episodic_return=47.000
global_step=16096, episodic_return=121.000
global_step=16216, episodic_return=80.000
global_step=16260, episodic_return=47.000
global_step=16340, episodic_return=60.000
SPS: 3406
global_step=16512, episodic_return=162.000
global_step=16516, episodic_return=74.000
global_step=16600, episodic_return=64.000
global_step=16656, episodic_return=98.000
global_step=16800, episodic_return=71.000
global_step=16812, episodic_return=73.000
SPS: 3430
global_step=16912, episodic_return=77.000
global_step=16964, episodic_return=76.000
global_step=16988, episodic_return=46.000
global_step=17032, episodic_return=54.000
global_step=17152, episodic_return=46.000
global_step=17168, episodic_return=44.000
global_step=17240, episodic_return=51.000
global_step=17384, episodic_return=35.000
global_step=17408, episodic_return=63.000
SPS: 3453
global_step=17444, episodic_return=68.000
global_step=17456, episodic_return=135.000
global_step=17540, episodic_return=38.000
global_step=17632, episodic_return=55.000
global_step=17660, episodic_return=50.000
global_step=17824, episodic_return=47.000
global_step=17824, episodic_return=94.000
global_step=17896, episodic_return=58.000
global_step=17900, episodic_return=89.000
SPS: 3475
global_step=18024, episodic_return=49.000
global_step=18128, episodic_return=56.000
global_step=18140, episodic_return=78.000
global_step=18196, episodic_return=74.000
global_step=18264, episodic_return=33.000
global_step=18424, episodic_return=56.000
SPS: 3496
global_step=18444, episodic_return=104.000
global_step=18500, episodic_return=89.000
global_step=18632, episodic_return=91.000
global_step=18656, episodic_return=57.000
global_step=18720, episodic_return=54.000
global_step=18884, episodic_return=56.000
SPS: 3517
global_step=18948, episodic_return=125.000
global_step=18960, episodic_return=81.000
global_step=19016, episodic_return=73.000
global_step=19016, episodic_return=32.000
global_step=19108, episodic_return=36.000
global_step=19116, episodic_return=41.000
global_step=19244, episodic_return=56.000
global_step=19348, episodic_return=57.000
global_step=19436, episodic_return=81.000
SPS: 3361
global_step=19472, episodic_return=56.000
global_step=19660, episodic_return=160.000
global_step=19692, episodic_return=85.000
global_step=19732, episodic_return=64.000
global_step=19868, episodic_return=51.000
global_step=19872, episodic_return=108.000
global_step=19944, episodic_return=52.000
SPS: 3381
global_step=20016, episodic_return=80.000
global_step=20076, episodic_return=51.000
global_step=20172, episodic_return=74.000
global_step=20176, episodic_return=57.000
global_step=20200, episodic_return=45.000
global_step=20260, episodic_return=45.000
global_step=20420, episodic_return=60.000
global_step=20432, episodic_return=64.000
SPS: 3401
global_step=20500, episodic_return=59.000
global_step=20596, episodic_return=98.000
global_step=20620, episodic_return=49.000
global_step=20628, episodic_return=48.000
global_step=20748, episodic_return=31.000
global_step=20780, episodic_return=69.000
global_step=20884, episodic_return=63.000
global_step=20980, episodic_return=57.000
global_step=20980, episodic_return=95.000
SPS: 3419
global_step=21052, episodic_return=67.000
global_step=21128, episodic_return=60.000
global_step=21240, episodic_return=64.000
global_step=21328, episodic_return=68.000
global_step=21420, episodic_return=72.000
SPS: 3438
global_step=21532, episodic_return=72.000
global_step=21580, episodic_return=62.000
global_step=21632, episodic_return=162.000
global_step=21784, episodic_return=50.000
global_step=21908, episodic_return=68.000
SPS: 3455
global_step=22020, episodic_return=58.000
global_step=22068, episodic_return=133.000
global_step=22112, episodic_return=172.000
global_step=22148, episodic_return=59.000
global_step=22228, episodic_return=51.000
global_step=22280, episodic_return=52.000
global_step=22356, episodic_return=60.000
global_step=22448, episodic_return=54.000
global_step=22452, episodic_return=75.000
global_step=22488, episodic_return=51.000
SPS: 3472
global_step=22544, episodic_return=46.000
global_step=22696, episodic_return=60.000
global_step=22732, episodic_return=70.000
global_step=22780, episodic_return=58.000
global_step=22836, episodic_return=86.000
global_step=22944, episodic_return=61.000
global_step=22984, episodic_return=62.000
global_step=23028, episodic_return=61.000
SPS: 3487
global_step=23060, episodic_return=55.000
global_step=23120, episodic_return=43.000
global_step=23268, episodic_return=51.000
global_step=23288, episodic_return=64.000
global_step=23360, episodic_return=59.000
global_step=23396, episodic_return=102.000
global_step=23468, episodic_return=49.000
SPS: 3503
global_step=23580, episodic_return=72.000
global_step=23628, episodic_return=66.000
global_step=23704, episodic_return=58.000
global_step=23784, episodic_return=96.000
global_step=23992, episodic_return=102.000
global_step=24004, episodic_return=74.000
global_step=24028, episodic_return=99.000
SPS: 3518
global_step=24108, episodic_return=80.000
global_step=24216, episodic_return=46.000
global_step=24236, episodic_return=57.000
global_step=24408, episodic_return=74.000
global_step=24428, episodic_return=52.000
global_step=24504, episodic_return=66.000
SPS: 3533
global_step=24596, episodic_return=46.000
global_step=24636, episodic_return=160.000
global_step=24792, episodic_return=90.000
global_step=24812, episodic_return=76.000
global_step=25024, episodic_return=57.000
global_step=25028, episodic_return=53.000
SPS: 3547
global_step=25112, episodic_return=128.000
global_step=25280, episodic_return=63.000
global_step=25396, episodic_return=70.000
global_step=25444, episodic_return=40.000
SPS: 3562
global_step=25632, episodic_return=248.000
global_step=25632, episodic_return=58.000
global_step=25764, episodic_return=79.000
global_step=25816, episodic_return=45.000
global_step=25836, episodic_return=50.000
global_step=25928, episodic_return=224.000
global_step=26004, episodic_return=59.000
global_step=26056, episodic_return=54.000
SPS: 3575
global_step=26180, episodic_return=43.000
global_step=26276, episodic_return=86.000
global_step=26280, episodic_return=55.000
global_step=26384, episodic_return=50.000
global_step=26504, episodic_return=55.000
SPS: 3588
global_step=26668, episodic_return=40.000
global_step=26728, episodic_return=112.000
global_step=26920, episodic_return=62.000
global_step=26940, episodic_return=52.000
SPS: 3600
global_step=27324, episodic_return=95.000
global_step=27348, episodic_return=382.000
global_step=27424, episodic_return=259.000
global_step=27556, episodic_return=57.000
global_step=27636, episodic_return=71.000
SPS: 3612
global_step=27700, episodic_return=68.000
global_step=27872, episodic_return=78.000
global_step=27960, episodic_return=64.000
global_step=28012, episodic_return=93.000
global_step=28120, episodic_return=61.000
global_step=28160, episodic_return=309.000
SPS: 3624
global_step=28192, episodic_return=57.000
global_step=28220, episodic_return=51.000
global_step=28440, episodic_return=69.000
global_step=28444, episodic_return=55.000
global_step=28508, episodic_return=78.000
global_step=28564, episodic_return=110.000
SPS: 3636
global_step=28736, episodic_return=72.000
global_step=28752, episodic_return=60.000
global_step=28788, episodic_return=86.000
global_step=28792, episodic_return=56.000
global_step=28940, episodic_return=50.000
global_step=29132, episodic_return=94.000
SPS: 3647
global_step=29288, episodic_return=86.000
global_step=29524, episodic_return=97.000
global_step=29644, episodic_return=88.000
global_step=29684, episodic_return=223.000
SPS: 3659
global_step=29752, episodic_return=56.000
global_step=29860, episodic_return=43.000
global_step=29868, episodic_return=55.000
global_step=29996, episodic_return=60.000
global_step=30032, episodic_return=309.000
SPS: 3670
global_step=30248, episodic_return=94.000
global_step=30272, episodic_return=102.000
global_step=30300, episodic_return=75.000
global_step=30300, episodic_return=66.000
global_step=30500, episodic_return=56.000
global_step=30500, episodic_return=62.000
global_step=30656, episodic_return=88.000
SPS: 3679
global_step=30824, episodic_return=80.000
global_step=30984, episodic_return=120.000
global_step=31140, episodic_return=78.000
SPS: 3690
global_step=31264, episodic_return=151.000
global_step=31312, episodic_return=81.000
global_step=31516, episodic_return=93.000
global_step=31532, episodic_return=54.000
global_step=31740, episodic_return=51.000
SPS: 3699
global_step=31888, episodic_return=92.000
global_step=31980, episodic_return=178.000
global_step=32128, episodic_return=59.000
global_step=32128, episodic_return=456.000
SPS: 3709
global_step=32312, episodic_return=82.000
global_step=32396, episodic_return=163.000
global_step=32400, episodic_return=67.000
global_step=32488, episodic_return=43.000
global_step=32600, episodic_return=117.000
global_step=32724, episodic_return=80.000
global_step=32732, episodic_return=60.000
SPS: 3718
global_step=32780, episodic_return=44.000
global_step=32956, episodic_return=57.000
global_step=33032, episodic_return=74.000
global_step=33200, episodic_return=104.000
global_step=33232, episodic_return=208.000
global_step=33252, episodic_return=54.000
global_step=33256, episodic_return=74.000
SPS: 3727
global_step=33492, episodic_return=58.000
global_step=33516, episodic_return=78.000
global_step=33568, episodic_return=78.000
global_step=33692, episodic_return=43.000
global_step=33764, episodic_return=67.000
SPS: 3736
global_step=33808, episodic_return=143.000
global_step=33844, episodic_return=68.000
global_step=34112, episodic_return=86.000
global_step=34128, episodic_return=108.000
global_step=34192, episodic_return=95.000
SPS: 3745
global_step=34356, episodic_return=60.000
global_step=34384, episodic_return=134.000
global_step=34448, episodic_return=79.000
global_step=34496, episodic_return=75.000
global_step=34704, episodic_return=79.000
global_step=34712, episodic_return=88.000
global_step=34784, episodic_return=83.000
SPS: 3753
global_step=35016, episodic_return=77.000
global_step=35040, episodic_return=81.000
global_step=35096, episodic_return=149.000
SPS: 3762
global_step=35360, episodic_return=143.000
global_step=35364, episodic_return=66.000
global_step=35608, episodic_return=61.000
global_step=35624, episodic_return=145.000
global_step=35656, episodic_return=72.000
global_step=35824, episodic_return=201.000
SPS: 3769
global_step=35908, episodic_return=62.000
global_step=35948, episodic_return=80.000
global_step=36100, episodic_return=47.000
global_step=36168, episodic_return=85.000
global_step=36204, episodic_return=148.000
global_step=36232, episodic_return=70.000
SPS: 3777
global_step=36432, episodic_return=82.000
global_step=36440, episodic_return=67.000
global_step=36544, episodic_return=84.000
global_step=36716, episodic_return=68.000
global_step=36716, episodic_return=70.000
global_step=36820, episodic_return=146.000
global_step=36824, episodic_return=69.000
SPS: 3785
global_step=36912, episodic_return=48.000
global_step=37000, episodic_return=70.000
global_step=37020, episodic_return=49.000
global_step=37132, episodic_return=76.000
global_step=37232, episodic_return=57.000
global_step=37244, episodic_return=82.000
global_step=37328, episodic_return=76.000
SPS: 3791
global_step=37416, episodic_return=70.000
global_step=37528, episodic_return=73.000
global_step=37592, episodic_return=65.000
global_step=37640, episodic_return=55.000
global_step=37708, episodic_return=115.000
global_step=37860, episodic_return=82.000
SPS: 3798
global_step=37892, episodic_return=74.000
global_step=37956, episodic_return=61.000
global_step=37964, episodic_return=80.000
global_step=38132, episodic_return=59.000
global_step=38208, episodic_return=86.000
global_step=38284, episodic_return=79.000
global_step=38340, episodic_return=51.000
global_step=38352, episodic_return=98.000
SPS: 3805
global_step=38520, episodic_return=77.000
global_step=38532, episodic_return=61.000
global_step=38660, episodic_return=76.000
global_step=38728, episodic_return=48.000
SPS: 3812
global_step=38932, episodic_return=67.000
global_step=38952, episodic_return=107.000
global_step=38964, episodic_return=155.000
global_step=38968, episodic_return=59.000
global_step=39108, episodic_return=43.000
global_step=39224, episodic_return=63.000
global_step=39236, episodic_return=70.000
global_step=39288, episodic_return=80.000
global_step=39292, episodic_return=45.000
SPS: 3819
global_step=39448, episodic_return=52.000
global_step=39516, episodic_return=56.000
global_step=39536, episodic_return=60.000
global_step=39572, episodic_return=86.000
global_step=39760, episodic_return=60.000
global_step=39812, episodic_return=68.000
SPS: 3826
global_step=39964, episodic_return=128.000
global_step=40068, episodic_return=76.000
global_step=40144, episodic_return=82.000
global_step=40344, episodic_return=94.000
global_step=40348, episodic_return=193.000
global_step=40368, episodic_return=55.000
SPS: 3832
global_step=40456, episodic_return=96.000
global_step=40652, episodic_return=48.000
global_step=40832, episodic_return=121.000
global_step=40900, episodic_return=61.000
SPS: 3839
global_step=41024, episodic_return=47.000
global_step=41064, episodic_return=173.000
global_step=41156, episodic_return=63.000
global_step=41312, episodic_return=71.000
global_step=41392, episodic_return=260.000
global_step=41392, episodic_return=58.000
global_step=41456, episodic_return=97.000
SPS: 3845
global_step=41576, episodic_return=45.000
global_step=41620, episodic_return=56.000
global_step=41636, episodic_return=80.000
global_step=41824, episodic_return=50.000
global_step=41824, episodic_return=61.000
global_step=41868, episodic_return=102.000
SPS: 3851
global_step=42008, episodic_return=45.000
global_step=42020, episodic_return=48.000
global_step=42020, episodic_return=95.000
global_step=42244, episodic_return=55.000
global_step=42256, episodic_return=61.000
global_step=42280, episodic_return=64.000
global_step=42296, episodic_return=106.000
SPS: 3857
global_step=42524, episodic_return=60.000
global_step=42544, episodic_return=61.000
global_step=42580, episodic_return=80.000
global_step=42684, episodic_return=109.000
global_step=42712, episodic_return=41.000
global_step=42752, episodic_return=42.000
global_step=42896, episodic_return=52.000
global_step=42940, episodic_return=46.000
global_step=42952, episodic_return=59.000
SPS: 3862
global_step=43088, episodic_return=140.000
global_step=43144, episodic_return=61.000
global_step=43168, episodic_return=53.000
global_step=43224, episodic_return=70.000
global_step=43376, episodic_return=57.000
global_step=43388, episodic_return=54.000
SPS: 3868
global_step=43536, episodic_return=77.000
global_step=43624, episodic_return=61.000
global_step=43628, episodic_return=134.000
global_step=43636, episodic_return=61.000
global_step=43764, episodic_return=56.000
global_step=43836, episodic_return=51.000
global_step=43980, episodic_return=53.000
global_step=44004, episodic_return=94.000
global_step=44004, episodic_return=41.000
SPS: 3874
global_step=44168, episodic_return=46.000
global_step=44388, episodic_return=187.000
global_step=44400, episodic_return=98.000
global_step=44428, episodic_return=64.000
global_step=44472, episodic_return=116.000
SPS: 3878
global_step=44624, episodic_return=55.000
global_step=44624, episodic_return=58.000
global_step=44692, episodic_return=65.000
global_step=44800, episodic_return=43.000
global_step=44856, episodic_return=40.000
global_step=44972, episodic_return=86.000
global_step=45020, episodic_return=54.000
global_step=45044, episodic_return=142.000
SPS: 3884
global_step=45064, episodic_return=51.000
global_step=45236, episodic_return=65.000
global_step=45248, episodic_return=50.000
global_step=45292, episodic_return=56.000
global_step=45308, episodic_return=71.000
global_step=45424, episodic_return=43.000
global_step=45444, episodic_return=51.000
SPS: 3889
global_step=45572, episodic_return=69.000
global_step=45612, episodic_return=75.000
global_step=45664, episodic_return=54.000
global_step=45796, episodic_return=92.000
global_step=45864, episodic_return=62.000
global_step=45864, episodic_return=72.000
global_step=46008, episodic_return=85.000
global_step=46020, episodic_return=55.000
SPS: 3894
global_step=46100, episodic_return=58.000
global_step=46144, episodic_return=69.000
global_step=46284, episodic_return=65.000
global_step=46284, episodic_return=45.000
global_step=46416, episodic_return=67.000
global_step=46436, episodic_return=106.000
global_step=46496, episodic_return=52.000
SPS: 3899
global_step=46644, episodic_return=89.000
global_step=46664, episodic_return=41.000
global_step=46824, episodic_return=101.000
global_step=46964, episodic_return=74.000
global_step=46976, episodic_return=82.000
global_step=47028, episodic_return=50.000
SPS: 3904
global_step=47160, episodic_return=180.000
global_step=47200, episodic_return=55.000
global_step=47204, episodic_return=43.000
global_step=47232, episodic_return=66.000
global_step=47444, episodic_return=70.000
global_step=47480, episodic_return=69.000
global_step=47484, episodic_return=62.000
global_step=47592, episodic_return=96.000
SPS: 3909
global_step=47676, episodic_return=57.000
global_step=47700, episodic_return=53.000
global_step=47788, episodic_return=76.000
global_step=47816, episodic_return=55.000
global_step=47924, episodic_return=61.000
global_step=47988, episodic_return=49.000
global_step=48012, episodic_return=77.000
SPS: 3914
global_step=48188, episodic_return=43.000
global_step=48264, episodic_return=84.000
global_step=48316, episodic_return=81.000
global_step=48480, episodic_return=72.000
global_step=48484, episodic_return=54.000
SPS: 3919
global_step=48696, episodic_return=53.000
global_step=48796, episodic_return=77.000
global_step=48836, episodic_return=254.000
global_step=48900, episodic_return=50.000
global_step=48972, episodic_return=43.000
SPS: 3923
global_step=49160, episodic_return=64.000
global_step=49176, episodic_return=214.000
global_step=49216, episodic_return=94.000
global_step=49228, episodic_return=63.000
global_step=49336, episodic_return=43.000
global_step=49372, episodic_return=48.000
global_step=49444, episodic_return=53.000
global_step=49536, episodic_return=49.000
global_step=49560, episodic_return=46.000
SPS: 3928
