Running on partition: a100-80gb
GPU: NVIDIA A100 80GB PCIe
Syncing dependencies with uv...
Starting training from /home/sohn31/Group-VLM-RL...
Turbo VLM Initialized: FP16=True, Skip=16, Goal='a pole balancing upright on a cart'
Text Features (FP16): [[ 1.2980e-03  3.0041e-03  1.3840e-02  2.2903e-02 -2.8595e-02  7.6561e-03
  -1.7822e-02 -3.7689e-02 -2.9480e-02  3.3936e-02  4.9347e-02 -1.9875e-03
   6.8665e-02 -2.3994e-03  1.3138e-02  7.4463e-02 -3.9368e-02 -1.0712e-02
  -3.8391e-02 -1.6907e-02  4.2572e-02  6.9008e-03 -2.3514e-02 -3.5095e-02
  -4.4212e-03  5.9082e-02  1.6479e-02  2.4765e-02  3.6259e-03 -2.4353e-02
  -1.5900e-02  5.2338e-02  5.3635e-03 -1.9083e-03  4.3678e-03  1.0384e-02
  -4.6051e-02 -9.9411e-03  2.9163e-03  3.3417e-02  3.9276e-02  2.3788e-02
   1.1208e-02  2.5787e-02  2.1393e-02 -2.1801e-03 -2.0279e-02  1.9516e-02
  -4.9042e-02 -4.6692e-02  2.9037e-02 -5.0140e-02 -7.6477e-02 -8.9569e-03
  -4.5715e-02 -1.1024e-02  1.2146e-02 -1.7578e-02  2.7695e-02 -2.5085e-02
   1.7685e-02 -2.1393e-02  2.3346e-03 -4.7455e-03 -6.9153e-02 -2.8458e-02
  -1.9424e-02  5.9082e-02  8.9951e-03 -2.0050e-02  2.4353e-02 -3.5522e-02
   5.0629e-02  6.2073e-02 -2.9564e-05 -2.6627e-02  1.6113e-02 -1.4755e-02
  -3.1972e-04 -1.7929e-02 -1.2543e-02  2.0660e-02  4.6134e-04  8.7051e-03
  -2.3117e-03  2.0508e-02 -4.1847e-03  1.2169e-02  5.3520e-03  2.1286e-02
  -2.8244e-02  1.7227e-02 -1.1530e-01  5.6946e-02 -2.1011e-02  7.4234e-03
  -6.7558e-03 -2.8198e-02 -2.6703e-03 -1.2299e-02  1.9196e-02  5.0354e-02
  -9.7198e-03  1.3199e-02  5.2124e-02 -4.5180e-04 -2.5894e-02 -6.5193e-03
   1.1856e-02 -2.6913e-03 -4.7668e-02 -8.7204e-03  2.5314e-02 -2.4887e-02
  -1.9760e-02  3.6713e-02 -6.6162e-02  2.2526e-03  1.4549e-02  9.1324e-03
   2.0523e-03 -6.7383e-02 -1.6922e-02 -2.6672e-02  2.9282e-02 -1.4999e-02
   1.2253e-02 -3.1311e-02 -4.4922e-02  2.5894e-02  7.5645e-03 -2.8931e-02
   1.6052e-02  4.7217e-01  2.5970e-02 -1.5053e-02  1.2115e-02 -4.7089e-02
   1.1368e-02 -5.4169e-02 -4.3030e-02  3.7415e-02 -2.1454e-02  6.7368e-03
  -3.5004e-02 -8.8272e-03 -3.3264e-02  1.4954e-02  5.8777e-02  2.1973e-02
   3.4885e-03 -6.0699e-02  5.8868e-02  1.2886e-02  4.1008e-03 -8.0719e-03
  -3.9032e-02 -8.1360e-02  8.2779e-04  7.6477e-02 -1.6235e-02  3.5309e-02
   4.1008e-03 -2.5269e-02 -2.6531e-03 -4.6875e-02  2.3438e-02  2.3346e-02
   1.1658e-02  4.1962e-02  5.6458e-02 -1.0796e-03  4.3945e-02  8.4839e-03
  -9.2407e-02  8.2245e-03  1.7654e-02  8.8348e-03  2.2018e-02 -2.5757e-02
   3.3936e-02 -6.9046e-04 -2.5757e-02  9.2163e-03  1.0178e-02  3.3508e-02
  -1.7746e-02 -2.5085e-02 -1.4832e-02 -2.8625e-02  4.2297e-02 -4.7035e-03
  -1.1053e-01  4.4952e-02 -3.0594e-02 -2.2385e-02 -4.3701e-02  5.4901e-02
   1.3428e-02  4.2297e-02 -9.6741e-03 -5.1117e-03  8.7357e-03  3.6133e-02
  -2.2171e-02 -4.0375e-02  5.3986e-02 -7.5493e-03  2.6321e-02 -3.7964e-02
   5.4291e-02 -3.0270e-03 -4.3335e-02  3.5858e-02 -6.1569e-03 -1.0567e-02
  -7.9422e-03 -5.4138e-02  8.3618e-03 -6.5979e-02  2.1286e-02 -1.6432e-03
  -2.2144e-03 -1.3863e-02  6.2332e-03 -2.9404e-02 -5.1727e-02  2.1759e-02
   1.6083e-02 -3.2654e-02  3.5461e-02  2.4643e-03  6.7871e-02  5.9280e-03
   4.6844e-02 -2.1267e-03  1.0818e-02  3.8319e-03 -1.0635e-02 -2.7313e-02
  -4.0970e-03  3.1067e-02 -3.0899e-02  3.1952e-02 -2.3758e-02  6.4636e-02
  -2.0187e-02  2.3743e-02  1.8845e-02  4.5891e-03 -3.6133e-02  9.4757e-03
   3.2867e-02  3.5309e-02  4.3915e-02 -4.5738e-03 -3.9001e-02  1.5121e-02
   5.2917e-02  4.8798e-02 -5.0537e-02  1.5579e-02 -3.5715e-04  1.7090e-02
  -1.7853e-02 -2.6703e-02  5.4810e-02  2.9182e-03 -2.4109e-02  2.4128e-03
  -7.4097e-02 -1.3474e-02  3.1219e-02 -3.1036e-02 -5.1239e-02 -2.3270e-02
  -1.7853e-02  1.5434e-02  6.3049e-02 -6.8893e-03  4.5837e-02 -2.0813e-02
  -2.9495e-02  2.2552e-02 -2.8976e-02  4.0253e-02  1.7151e-02  3.1799e-02
   2.4521e-02  6.8970e-02  7.7026e-02 -2.8275e-02 -1.8860e-02  4.3640e-02
  -2.1561e-02  6.1859e-02 -3.2837e-02 -7.6866e-03 -4.3945e-02 -2.4948e-02
   1.1681e-02 -3.4698e-02  3.0167e-02 -1.2634e-02 -3.6957e-02 -7.8674e-02
  -1.8143e-02  1.9852e-02 -1.2951e-03 -6.4148e-02  4.8218e-02  3.4637e-02
   4.7266e-01 -5.5023e-02 -2.7008e-02  3.1647e-02  3.0807e-02 -3.0441e-02
  -8.7967e-03  5.0545e-04  3.5309e-02  2.1576e-02  3.2166e-02  6.7024e-03
  -8.6548e-02  1.7303e-02  2.5879e-02 -3.1433e-02 -9.1705e-03 -1.2012e-01
  -3.3855e-03 -5.2704e-02 -6.2012e-02  3.8700e-03  2.4166e-03 -2.8400e-03
   9.0790e-03  6.0616e-03  3.6194e-02  3.5019e-03 -5.2521e-02  6.6681e-03
   8.5878e-04 -2.8107e-02  1.3031e-02  4.7852e-02  3.9490e-02  8.7214e-04
  -6.8283e-03 -1.0366e-03  7.6332e-03 -7.3166e-03  4.7188e-03 -3.7323e-02
  -3.1677e-02 -4.3945e-02 -1.1909e-02  2.4002e-02  3.1586e-02  3.3386e-02
  -1.3336e-02  1.6968e-02  9.1124e-04 -2.1317e-02  4.3243e-02 -4.5135e-02
  -1.7532e-02  5.8250e-03  2.6428e-02 -1.4519e-02 -1.7197e-02  2.2369e-02
   3.2318e-02  9.7656e-03 -2.2644e-02 -5.1308e-03 -7.0343e-03  2.2339e-02
   5.9845e-02 -3.6285e-02  1.8356e-02  6.7932e-02  4.5654e-02 -4.1779e-02
   8.0414e-03  1.5579e-02  1.9043e-02 -2.8744e-03 -2.0325e-02 -2.9709e-02
  -1.0229e-01  2.5696e-02  3.1376e-03 -1.5535e-03  1.2299e-02 -1.0704e-02
   1.5747e-02  3.0441e-02  2.5970e-02  1.9073e-02 -1.7212e-02  2.8076e-02
   1.3145e-02 -2.1576e-02 -8.0032e-03 -5.4741e-03 -2.0828e-02  1.7517e-02
   3.9825e-02  5.2002e-02 -3.1464e-02  1.4610e-03  6.2317e-02 -9.3918e-03
  -4.7112e-03 -1.1436e-02 -2.2491e-02 -4.2114e-02  4.9194e-02 -3.6163e-02
  -1.3939e-02 -9.7275e-03  1.7838e-02 -7.4341e-02  1.0757e-02  1.3256e-03
  -1.7441e-02 -2.7893e-02  1.5594e-02 -6.8855e-04 -7.5195e-02  5.4504e-02
   5.6496e-03 -1.8112e-02 -2.1225e-02 -5.3589e-02 -3.1860e-02 -5.1193e-03
  -2.2018e-02  3.5934e-03 -7.7972e-03 -9.0332e-03 -3.3051e-02 -4.4327e-03
  -3.3020e-02  4.0405e-02 -3.7018e-02 -1.9012e-02 -2.3136e-03  3.4668e-02
   1.4824e-02  2.8503e-02  5.4550e-03  3.5858e-02  1.2047e-02 -1.2291e-02
  -1.5778e-02  3.2501e-02 -3.0380e-02 -3.1097e-02  7.2556e-03  4.3854e-02
  -6.0883e-03  5.9128e-03  1.9150e-02 -2.6474e-02  2.7985e-02 -3.9917e-02
   2.4231e-02 -2.1896e-02  3.7441e-03 -2.2797e-02  4.0741e-03  6.7444e-03
   4.4098e-02  2.0695e-03 -1.3008e-02  1.7578e-02 -2.6703e-02  2.1286e-02
   2.9419e-02 -4.4128e-02  2.5415e-04 -6.9160e-03  2.8961e-02  4.8523e-03
   3.7140e-02  2.6703e-02  3.4882e-02  6.8474e-03  3.1433e-02 -4.2877e-02
   1.0628e-02  1.2915e-01  4.0497e-02 -1.5945e-02  5.4535e-02 -3.1799e-02
  -3.6011e-02  1.0643e-02 -3.8727e-02  3.7689e-02 -1.2978e-02  4.0710e-02
   4.3610e-02 -1.6953e-02 -6.1150e-03  3.1567e-03 -3.2745e-02 -3.0869e-02
   4.1321e-02 -2.7283e-02]]
Device: cuda, Model dtype: torch.float16
Turbo VLM Initialized: FP16=True, Skip=16, Goal='a pole balancing upright on a cart'
Text Features (FP16): [[ 1.2980e-03  3.0041e-03  1.3840e-02  2.2903e-02 -2.8595e-02  7.6561e-03
  -1.7822e-02 -3.7689e-02 -2.9480e-02  3.3936e-02  4.9347e-02 -1.9875e-03
   6.8665e-02 -2.3994e-03  1.3138e-02  7.4463e-02 -3.9368e-02 -1.0712e-02
  -3.8391e-02 -1.6907e-02  4.2572e-02  6.9008e-03 -2.3514e-02 -3.5095e-02
  -4.4212e-03  5.9082e-02  1.6479e-02  2.4765e-02  3.6259e-03 -2.4353e-02
  -1.5900e-02  5.2338e-02  5.3635e-03 -1.9083e-03  4.3678e-03  1.0384e-02
  -4.6051e-02 -9.9411e-03  2.9163e-03  3.3417e-02  3.9276e-02  2.3788e-02
   1.1208e-02  2.5787e-02  2.1393e-02 -2.1801e-03 -2.0279e-02  1.9516e-02
  -4.9042e-02 -4.6692e-02  2.9037e-02 -5.0140e-02 -7.6477e-02 -8.9569e-03
  -4.5715e-02 -1.1024e-02  1.2146e-02 -1.7578e-02  2.7695e-02 -2.5085e-02
   1.7685e-02 -2.1393e-02  2.3346e-03 -4.7455e-03 -6.9153e-02 -2.8458e-02
  -1.9424e-02  5.9082e-02  8.9951e-03 -2.0050e-02  2.4353e-02 -3.5522e-02
   5.0629e-02  6.2073e-02 -2.9564e-05 -2.6627e-02  1.6113e-02 -1.4755e-02
  -3.1972e-04 -1.7929e-02 -1.2543e-02  2.0660e-02  4.6134e-04  8.7051e-03
  -2.3117e-03  2.0508e-02 -4.1847e-03  1.2169e-02  5.3520e-03  2.1286e-02
  -2.8244e-02  1.7227e-02 -1.1530e-01  5.6946e-02 -2.1011e-02  7.4234e-03
  -6.7558e-03 -2.8198e-02 -2.6703e-03 -1.2299e-02  1.9196e-02  5.0354e-02
  -9.7198e-03  1.3199e-02  5.2124e-02 -4.5180e-04 -2.5894e-02 -6.5193e-03
   1.1856e-02 -2.6913e-03 -4.7668e-02 -8.7204e-03  2.5314e-02 -2.4887e-02
  -1.9760e-02  3.6713e-02 -6.6162e-02  2.2526e-03  1.4549e-02  9.1324e-03
   2.0523e-03 -6.7383e-02 -1.6922e-02 -2.6672e-02  2.9282e-02 -1.4999e-02
   1.2253e-02 -3.1311e-02 -4.4922e-02  2.5894e-02  7.5645e-03 -2.8931e-02
   1.6052e-02  4.7217e-01  2.5970e-02 -1.5053e-02  1.2115e-02 -4.7089e-02
   1.1368e-02 -5.4169e-02 -4.3030e-02  3.7415e-02 -2.1454e-02  6.7368e-03
  -3.5004e-02 -8.8272e-03 -3.3264e-02  1.4954e-02  5.8777e-02  2.1973e-02
   3.4885e-03 -6.0699e-02  5.8868e-02  1.2886e-02  4.1008e-03 -8.0719e-03
  -3.9032e-02 -8.1360e-02  8.2779e-04  7.6477e-02 -1.6235e-02  3.5309e-02
   4.1008e-03 -2.5269e-02 -2.6531e-03 -4.6875e-02  2.3438e-02  2.3346e-02
   1.1658e-02  4.1962e-02  5.6458e-02 -1.0796e-03  4.3945e-02  8.4839e-03
  -9.2407e-02  8.2245e-03  1.7654e-02  8.8348e-03  2.2018e-02 -2.5757e-02
   3.3936e-02 -6.9046e-04 -2.5757e-02  9.2163e-03  1.0178e-02  3.3508e-02
  -1.7746e-02 -2.5085e-02 -1.4832e-02 -2.8625e-02  4.2297e-02 -4.7035e-03
  -1.1053e-01  4.4952e-02 -3.0594e-02 -2.2385e-02 -4.3701e-02  5.4901e-02
   1.3428e-02  4.2297e-02 -9.6741e-03 -5.1117e-03  8.7357e-03  3.6133e-02
  -2.2171e-02 -4.0375e-02  5.3986e-02 -7.5493e-03  2.6321e-02 -3.7964e-02
   5.4291e-02 -3.0270e-03 -4.3335e-02  3.5858e-02 -6.1569e-03 -1.0567e-02
  -7.9422e-03 -5.4138e-02  8.3618e-03 -6.5979e-02  2.1286e-02 -1.6432e-03
  -2.2144e-03 -1.3863e-02  6.2332e-03 -2.9404e-02 -5.1727e-02  2.1759e-02
   1.6083e-02 -3.2654e-02  3.5461e-02  2.4643e-03  6.7871e-02  5.9280e-03
   4.6844e-02 -2.1267e-03  1.0818e-02  3.8319e-03 -1.0635e-02 -2.7313e-02
  -4.0970e-03  3.1067e-02 -3.0899e-02  3.1952e-02 -2.3758e-02  6.4636e-02
  -2.0187e-02  2.3743e-02  1.8845e-02  4.5891e-03 -3.6133e-02  9.4757e-03
   3.2867e-02  3.5309e-02  4.3915e-02 -4.5738e-03 -3.9001e-02  1.5121e-02
   5.2917e-02  4.8798e-02 -5.0537e-02  1.5579e-02 -3.5715e-04  1.7090e-02
  -1.7853e-02 -2.6703e-02  5.4810e-02  2.9182e-03 -2.4109e-02  2.4128e-03
  -7.4097e-02 -1.3474e-02  3.1219e-02 -3.1036e-02 -5.1239e-02 -2.3270e-02
  -1.7853e-02  1.5434e-02  6.3049e-02 -6.8893e-03  4.5837e-02 -2.0813e-02
  -2.9495e-02  2.2552e-02 -2.8976e-02  4.0253e-02  1.7151e-02  3.1799e-02
   2.4521e-02  6.8970e-02  7.7026e-02 -2.8275e-02 -1.8860e-02  4.3640e-02
  -2.1561e-02  6.1859e-02 -3.2837e-02 -7.6866e-03 -4.3945e-02 -2.4948e-02
   1.1681e-02 -3.4698e-02  3.0167e-02 -1.2634e-02 -3.6957e-02 -7.8674e-02
  -1.8143e-02  1.9852e-02 -1.2951e-03 -6.4148e-02  4.8218e-02  3.4637e-02
   4.7266e-01 -5.5023e-02 -2.7008e-02  3.1647e-02  3.0807e-02 -3.0441e-02
  -8.7967e-03  5.0545e-04  3.5309e-02  2.1576e-02  3.2166e-02  6.7024e-03
  -8.6548e-02  1.7303e-02  2.5879e-02 -3.1433e-02 -9.1705e-03 -1.2012e-01
  -3.3855e-03 -5.2704e-02 -6.2012e-02  3.8700e-03  2.4166e-03 -2.8400e-03
   9.0790e-03  6.0616e-03  3.6194e-02  3.5019e-03 -5.2521e-02  6.6681e-03
   8.5878e-04 -2.8107e-02  1.3031e-02  4.7852e-02  3.9490e-02  8.7214e-04
  -6.8283e-03 -1.0366e-03  7.6332e-03 -7.3166e-03  4.7188e-03 -3.7323e-02
  -3.1677e-02 -4.3945e-02 -1.1909e-02  2.4002e-02  3.1586e-02  3.3386e-02
  -1.3336e-02  1.6968e-02  9.1124e-04 -2.1317e-02  4.3243e-02 -4.5135e-02
  -1.7532e-02  5.8250e-03  2.6428e-02 -1.4519e-02 -1.7197e-02  2.2369e-02
   3.2318e-02  9.7656e-03 -2.2644e-02 -5.1308e-03 -7.0343e-03  2.2339e-02
   5.9845e-02 -3.6285e-02  1.8356e-02  6.7932e-02  4.5654e-02 -4.1779e-02
   8.0414e-03  1.5579e-02  1.9043e-02 -2.8744e-03 -2.0325e-02 -2.9709e-02
  -1.0229e-01  2.5696e-02  3.1376e-03 -1.5535e-03  1.2299e-02 -1.0704e-02
   1.5747e-02  3.0441e-02  2.5970e-02  1.9073e-02 -1.7212e-02  2.8076e-02
   1.3145e-02 -2.1576e-02 -8.0032e-03 -5.4741e-03 -2.0828e-02  1.7517e-02
   3.9825e-02  5.2002e-02 -3.1464e-02  1.4610e-03  6.2317e-02 -9.3918e-03
  -4.7112e-03 -1.1436e-02 -2.2491e-02 -4.2114e-02  4.9194e-02 -3.6163e-02
  -1.3939e-02 -9.7275e-03  1.7838e-02 -7.4341e-02  1.0757e-02  1.3256e-03
  -1.7441e-02 -2.7893e-02  1.5594e-02 -6.8855e-04 -7.5195e-02  5.4504e-02
   5.6496e-03 -1.8112e-02 -2.1225e-02 -5.3589e-02 -3.1860e-02 -5.1193e-03
  -2.2018e-02  3.5934e-03 -7.7972e-03 -9.0332e-03 -3.3051e-02 -4.4327e-03
  -3.3020e-02  4.0405e-02 -3.7018e-02 -1.9012e-02 -2.3136e-03  3.4668e-02
   1.4824e-02  2.8503e-02  5.4550e-03  3.5858e-02  1.2047e-02 -1.2291e-02
  -1.5778e-02  3.2501e-02 -3.0380e-02 -3.1097e-02  7.2556e-03  4.3854e-02
  -6.0883e-03  5.9128e-03  1.9150e-02 -2.6474e-02  2.7985e-02 -3.9917e-02
   2.4231e-02 -2.1896e-02  3.7441e-03 -2.2797e-02  4.0741e-03  6.7444e-03
   4.4098e-02  2.0695e-03 -1.3008e-02  1.7578e-02 -2.6703e-02  2.1286e-02
   2.9419e-02 -4.4128e-02  2.5415e-04 -6.9160e-03  2.8961e-02  4.8523e-03
   3.7140e-02  2.6703e-02  3.4882e-02  6.8474e-03  3.1433e-02 -4.2877e-02
   1.0628e-02  1.2915e-01  4.0497e-02 -1.5945e-02  5.4535e-02 -3.1799e-02
  -3.6011e-02  1.0643e-02 -3.8727e-02  3.7689e-02 -1.2978e-02  4.0710e-02
   4.3610e-02 -1.6953e-02 -6.1150e-03  3.1567e-03 -3.2745e-02 -3.0869e-02
   4.1321e-02 -2.7283e-02]]
Device: cuda, Model dtype: torch.float16
Turbo VLM Initialized: FP16=True, Skip=16, Goal='a pole balancing upright on a cart'
Text Features (FP16): [[ 1.2980e-03  3.0041e-03  1.3840e-02  2.2903e-02 -2.8595e-02  7.6561e-03
  -1.7822e-02 -3.7689e-02 -2.9480e-02  3.3936e-02  4.9347e-02 -1.9875e-03
   6.8665e-02 -2.3994e-03  1.3138e-02  7.4463e-02 -3.9368e-02 -1.0712e-02
  -3.8391e-02 -1.6907e-02  4.2572e-02  6.9008e-03 -2.3514e-02 -3.5095e-02
  -4.4212e-03  5.9082e-02  1.6479e-02  2.4765e-02  3.6259e-03 -2.4353e-02
  -1.5900e-02  5.2338e-02  5.3635e-03 -1.9083e-03  4.3678e-03  1.0384e-02
  -4.6051e-02 -9.9411e-03  2.9163e-03  3.3417e-02  3.9276e-02  2.3788e-02
   1.1208e-02  2.5787e-02  2.1393e-02 -2.1801e-03 -2.0279e-02  1.9516e-02
  -4.9042e-02 -4.6692e-02  2.9037e-02 -5.0140e-02 -7.6477e-02 -8.9569e-03
  -4.5715e-02 -1.1024e-02  1.2146e-02 -1.7578e-02  2.7695e-02 -2.5085e-02
   1.7685e-02 -2.1393e-02  2.3346e-03 -4.7455e-03 -6.9153e-02 -2.8458e-02
  -1.9424e-02  5.9082e-02  8.9951e-03 -2.0050e-02  2.4353e-02 -3.5522e-02
   5.0629e-02  6.2073e-02 -2.9564e-05 -2.6627e-02  1.6113e-02 -1.4755e-02
  -3.1972e-04 -1.7929e-02 -1.2543e-02  2.0660e-02  4.6134e-04  8.7051e-03
  -2.3117e-03  2.0508e-02 -4.1847e-03  1.2169e-02  5.3520e-03  2.1286e-02
  -2.8244e-02  1.7227e-02 -1.1530e-01  5.6946e-02 -2.1011e-02  7.4234e-03
  -6.7558e-03 -2.8198e-02 -2.6703e-03 -1.2299e-02  1.9196e-02  5.0354e-02
  -9.7198e-03  1.3199e-02  5.2124e-02 -4.5180e-04 -2.5894e-02 -6.5193e-03
   1.1856e-02 -2.6913e-03 -4.7668e-02 -8.7204e-03  2.5314e-02 -2.4887e-02
  -1.9760e-02  3.6713e-02 -6.6162e-02  2.2526e-03  1.4549e-02  9.1324e-03
   2.0523e-03 -6.7383e-02 -1.6922e-02 -2.6672e-02  2.9282e-02 -1.4999e-02
   1.2253e-02 -3.1311e-02 -4.4922e-02  2.5894e-02  7.5645e-03 -2.8931e-02
   1.6052e-02  4.7217e-01  2.5970e-02 -1.5053e-02  1.2115e-02 -4.7089e-02
   1.1368e-02 -5.4169e-02 -4.3030e-02  3.7415e-02 -2.1454e-02  6.7368e-03
  -3.5004e-02 -8.8272e-03 -3.3264e-02  1.4954e-02  5.8777e-02  2.1973e-02
   3.4885e-03 -6.0699e-02  5.8868e-02  1.2886e-02  4.1008e-03 -8.0719e-03
  -3.9032e-02 -8.1360e-02  8.2779e-04  7.6477e-02 -1.6235e-02  3.5309e-02
   4.1008e-03 -2.5269e-02 -2.6531e-03 -4.6875e-02  2.3438e-02  2.3346e-02
   1.1658e-02  4.1962e-02  5.6458e-02 -1.0796e-03  4.3945e-02  8.4839e-03
  -9.2407e-02  8.2245e-03  1.7654e-02  8.8348e-03  2.2018e-02 -2.5757e-02
   3.3936e-02 -6.9046e-04 -2.5757e-02  9.2163e-03  1.0178e-02  3.3508e-02
  -1.7746e-02 -2.5085e-02 -1.4832e-02 -2.8625e-02  4.2297e-02 -4.7035e-03
  -1.1053e-01  4.4952e-02 -3.0594e-02 -2.2385e-02 -4.3701e-02  5.4901e-02
   1.3428e-02  4.2297e-02 -9.6741e-03 -5.1117e-03  8.7357e-03  3.6133e-02
  -2.2171e-02 -4.0375e-02  5.3986e-02 -7.5493e-03  2.6321e-02 -3.7964e-02
   5.4291e-02 -3.0270e-03 -4.3335e-02  3.5858e-02 -6.1569e-03 -1.0567e-02
  -7.9422e-03 -5.4138e-02  8.3618e-03 -6.5979e-02  2.1286e-02 -1.6432e-03
  -2.2144e-03 -1.3863e-02  6.2332e-03 -2.9404e-02 -5.1727e-02  2.1759e-02
   1.6083e-02 -3.2654e-02  3.5461e-02  2.4643e-03  6.7871e-02  5.9280e-03
   4.6844e-02 -2.1267e-03  1.0818e-02  3.8319e-03 -1.0635e-02 -2.7313e-02
  -4.0970e-03  3.1067e-02 -3.0899e-02  3.1952e-02 -2.3758e-02  6.4636e-02
  -2.0187e-02  2.3743e-02  1.8845e-02  4.5891e-03 -3.6133e-02  9.4757e-03
   3.2867e-02  3.5309e-02  4.3915e-02 -4.5738e-03 -3.9001e-02  1.5121e-02
   5.2917e-02  4.8798e-02 -5.0537e-02  1.5579e-02 -3.5715e-04  1.7090e-02
  -1.7853e-02 -2.6703e-02  5.4810e-02  2.9182e-03 -2.4109e-02  2.4128e-03
  -7.4097e-02 -1.3474e-02  3.1219e-02 -3.1036e-02 -5.1239e-02 -2.3270e-02
  -1.7853e-02  1.5434e-02  6.3049e-02 -6.8893e-03  4.5837e-02 -2.0813e-02
  -2.9495e-02  2.2552e-02 -2.8976e-02  4.0253e-02  1.7151e-02  3.1799e-02
   2.4521e-02  6.8970e-02  7.7026e-02 -2.8275e-02 -1.8860e-02  4.3640e-02
  -2.1561e-02  6.1859e-02 -3.2837e-02 -7.6866e-03 -4.3945e-02 -2.4948e-02
   1.1681e-02 -3.4698e-02  3.0167e-02 -1.2634e-02 -3.6957e-02 -7.8674e-02
  -1.8143e-02  1.9852e-02 -1.2951e-03 -6.4148e-02  4.8218e-02  3.4637e-02
   4.7266e-01 -5.5023e-02 -2.7008e-02  3.1647e-02  3.0807e-02 -3.0441e-02
  -8.7967e-03  5.0545e-04  3.5309e-02  2.1576e-02  3.2166e-02  6.7024e-03
  -8.6548e-02  1.7303e-02  2.5879e-02 -3.1433e-02 -9.1705e-03 -1.2012e-01
  -3.3855e-03 -5.2704e-02 -6.2012e-02  3.8700e-03  2.4166e-03 -2.8400e-03
   9.0790e-03  6.0616e-03  3.6194e-02  3.5019e-03 -5.2521e-02  6.6681e-03
   8.5878e-04 -2.8107e-02  1.3031e-02  4.7852e-02  3.9490e-02  8.7214e-04
  -6.8283e-03 -1.0366e-03  7.6332e-03 -7.3166e-03  4.7188e-03 -3.7323e-02
  -3.1677e-02 -4.3945e-02 -1.1909e-02  2.4002e-02  3.1586e-02  3.3386e-02
  -1.3336e-02  1.6968e-02  9.1124e-04 -2.1317e-02  4.3243e-02 -4.5135e-02
  -1.7532e-02  5.8250e-03  2.6428e-02 -1.4519e-02 -1.7197e-02  2.2369e-02
   3.2318e-02  9.7656e-03 -2.2644e-02 -5.1308e-03 -7.0343e-03  2.2339e-02
   5.9845e-02 -3.6285e-02  1.8356e-02  6.7932e-02  4.5654e-02 -4.1779e-02
   8.0414e-03  1.5579e-02  1.9043e-02 -2.8744e-03 -2.0325e-02 -2.9709e-02
  -1.0229e-01  2.5696e-02  3.1376e-03 -1.5535e-03  1.2299e-02 -1.0704e-02
   1.5747e-02  3.0441e-02  2.5970e-02  1.9073e-02 -1.7212e-02  2.8076e-02
   1.3145e-02 -2.1576e-02 -8.0032e-03 -5.4741e-03 -2.0828e-02  1.7517e-02
   3.9825e-02  5.2002e-02 -3.1464e-02  1.4610e-03  6.2317e-02 -9.3918e-03
  -4.7112e-03 -1.1436e-02 -2.2491e-02 -4.2114e-02  4.9194e-02 -3.6163e-02
  -1.3939e-02 -9.7275e-03  1.7838e-02 -7.4341e-02  1.0757e-02  1.3256e-03
  -1.7441e-02 -2.7893e-02  1.5594e-02 -6.8855e-04 -7.5195e-02  5.4504e-02
   5.6496e-03 -1.8112e-02 -2.1225e-02 -5.3589e-02 -3.1860e-02 -5.1193e-03
  -2.2018e-02  3.5934e-03 -7.7972e-03 -9.0332e-03 -3.3051e-02 -4.4327e-03
  -3.3020e-02  4.0405e-02 -3.7018e-02 -1.9012e-02 -2.3136e-03  3.4668e-02
   1.4824e-02  2.8503e-02  5.4550e-03  3.5858e-02  1.2047e-02 -1.2291e-02
  -1.5778e-02  3.2501e-02 -3.0380e-02 -3.1097e-02  7.2556e-03  4.3854e-02
  -6.0883e-03  5.9128e-03  1.9150e-02 -2.6474e-02  2.7985e-02 -3.9917e-02
   2.4231e-02 -2.1896e-02  3.7441e-03 -2.2797e-02  4.0741e-03  6.7444e-03
   4.4098e-02  2.0695e-03 -1.3008e-02  1.7578e-02 -2.6703e-02  2.1286e-02
   2.9419e-02 -4.4128e-02  2.5415e-04 -6.9160e-03  2.8961e-02  4.8523e-03
   3.7140e-02  2.6703e-02  3.4882e-02  6.8474e-03  3.1433e-02 -4.2877e-02
   1.0628e-02  1.2915e-01  4.0497e-02 -1.5945e-02  5.4535e-02 -3.1799e-02
  -3.6011e-02  1.0643e-02 -3.8727e-02  3.7689e-02 -1.2978e-02  4.0710e-02
   4.3610e-02 -1.6953e-02 -6.1150e-03  3.1567e-03 -3.2745e-02 -3.0869e-02
   4.1321e-02 -2.7283e-02]]
Device: cuda, Model dtype: torch.float16
Turbo VLM Initialized: FP16=True, Skip=16, Goal='a pole balancing upright on a cart'
Text Features (FP16): [[ 1.2980e-03  3.0041e-03  1.3840e-02  2.2903e-02 -2.8595e-02  7.6561e-03
  -1.7822e-02 -3.7689e-02 -2.9480e-02  3.3936e-02  4.9347e-02 -1.9875e-03
   6.8665e-02 -2.3994e-03  1.3138e-02  7.4463e-02 -3.9368e-02 -1.0712e-02
  -3.8391e-02 -1.6907e-02  4.2572e-02  6.9008e-03 -2.3514e-02 -3.5095e-02
  -4.4212e-03  5.9082e-02  1.6479e-02  2.4765e-02  3.6259e-03 -2.4353e-02
  -1.5900e-02  5.2338e-02  5.3635e-03 -1.9083e-03  4.3678e-03  1.0384e-02
  -4.6051e-02 -9.9411e-03  2.9163e-03  3.3417e-02  3.9276e-02  2.3788e-02
   1.1208e-02  2.5787e-02  2.1393e-02 -2.1801e-03 -2.0279e-02  1.9516e-02
  -4.9042e-02 -4.6692e-02  2.9037e-02 -5.0140e-02 -7.6477e-02 -8.9569e-03
  -4.5715e-02 -1.1024e-02  1.2146e-02 -1.7578e-02  2.7695e-02 -2.5085e-02
   1.7685e-02 -2.1393e-02  2.3346e-03 -4.7455e-03 -6.9153e-02 -2.8458e-02
  -1.9424e-02  5.9082e-02  8.9951e-03 -2.0050e-02  2.4353e-02 -3.5522e-02
   5.0629e-02  6.2073e-02 -2.9564e-05 -2.6627e-02  1.6113e-02 -1.4755e-02
  -3.1972e-04 -1.7929e-02 -1.2543e-02  2.0660e-02  4.6134e-04  8.7051e-03
  -2.3117e-03  2.0508e-02 -4.1847e-03  1.2169e-02  5.3520e-03  2.1286e-02
  -2.8244e-02  1.7227e-02 -1.1530e-01  5.6946e-02 -2.1011e-02  7.4234e-03
  -6.7558e-03 -2.8198e-02 -2.6703e-03 -1.2299e-02  1.9196e-02  5.0354e-02
  -9.7198e-03  1.3199e-02  5.2124e-02 -4.5180e-04 -2.5894e-02 -6.5193e-03
   1.1856e-02 -2.6913e-03 -4.7668e-02 -8.7204e-03  2.5314e-02 -2.4887e-02
  -1.9760e-02  3.6713e-02 -6.6162e-02  2.2526e-03  1.4549e-02  9.1324e-03
   2.0523e-03 -6.7383e-02 -1.6922e-02 -2.6672e-02  2.9282e-02 -1.4999e-02
   1.2253e-02 -3.1311e-02 -4.4922e-02  2.5894e-02  7.5645e-03 -2.8931e-02
   1.6052e-02  4.7217e-01  2.5970e-02 -1.5053e-02  1.2115e-02 -4.7089e-02
   1.1368e-02 -5.4169e-02 -4.3030e-02  3.7415e-02 -2.1454e-02  6.7368e-03
  -3.5004e-02 -8.8272e-03 -3.3264e-02  1.4954e-02  5.8777e-02  2.1973e-02
   3.4885e-03 -6.0699e-02  5.8868e-02  1.2886e-02  4.1008e-03 -8.0719e-03
  -3.9032e-02 -8.1360e-02  8.2779e-04  7.6477e-02 -1.6235e-02  3.5309e-02
   4.1008e-03 -2.5269e-02 -2.6531e-03 -4.6875e-02  2.3438e-02  2.3346e-02
   1.1658e-02  4.1962e-02  5.6458e-02 -1.0796e-03  4.3945e-02  8.4839e-03
  -9.2407e-02  8.2245e-03  1.7654e-02  8.8348e-03  2.2018e-02 -2.5757e-02
   3.3936e-02 -6.9046e-04 -2.5757e-02  9.2163e-03  1.0178e-02  3.3508e-02
  -1.7746e-02 -2.5085e-02 -1.4832e-02 -2.8625e-02  4.2297e-02 -4.7035e-03
  -1.1053e-01  4.4952e-02 -3.0594e-02 -2.2385e-02 -4.3701e-02  5.4901e-02
   1.3428e-02  4.2297e-02 -9.6741e-03 -5.1117e-03  8.7357e-03  3.6133e-02
  -2.2171e-02 -4.0375e-02  5.3986e-02 -7.5493e-03  2.6321e-02 -3.7964e-02
   5.4291e-02 -3.0270e-03 -4.3335e-02  3.5858e-02 -6.1569e-03 -1.0567e-02
  -7.9422e-03 -5.4138e-02  8.3618e-03 -6.5979e-02  2.1286e-02 -1.6432e-03
  -2.2144e-03 -1.3863e-02  6.2332e-03 -2.9404e-02 -5.1727e-02  2.1759e-02
   1.6083e-02 -3.2654e-02  3.5461e-02  2.4643e-03  6.7871e-02  5.9280e-03
   4.6844e-02 -2.1267e-03  1.0818e-02  3.8319e-03 -1.0635e-02 -2.7313e-02
  -4.0970e-03  3.1067e-02 -3.0899e-02  3.1952e-02 -2.3758e-02  6.4636e-02
  -2.0187e-02  2.3743e-02  1.8845e-02  4.5891e-03 -3.6133e-02  9.4757e-03
   3.2867e-02  3.5309e-02  4.3915e-02 -4.5738e-03 -3.9001e-02  1.5121e-02
   5.2917e-02  4.8798e-02 -5.0537e-02  1.5579e-02 -3.5715e-04  1.7090e-02
  -1.7853e-02 -2.6703e-02  5.4810e-02  2.9182e-03 -2.4109e-02  2.4128e-03
  -7.4097e-02 -1.3474e-02  3.1219e-02 -3.1036e-02 -5.1239e-02 -2.3270e-02
  -1.7853e-02  1.5434e-02  6.3049e-02 -6.8893e-03  4.5837e-02 -2.0813e-02
  -2.9495e-02  2.2552e-02 -2.8976e-02  4.0253e-02  1.7151e-02  3.1799e-02
   2.4521e-02  6.8970e-02  7.7026e-02 -2.8275e-02 -1.8860e-02  4.3640e-02
  -2.1561e-02  6.1859e-02 -3.2837e-02 -7.6866e-03 -4.3945e-02 -2.4948e-02
   1.1681e-02 -3.4698e-02  3.0167e-02 -1.2634e-02 -3.6957e-02 -7.8674e-02
  -1.8143e-02  1.9852e-02 -1.2951e-03 -6.4148e-02  4.8218e-02  3.4637e-02
   4.7266e-01 -5.5023e-02 -2.7008e-02  3.1647e-02  3.0807e-02 -3.0441e-02
  -8.7967e-03  5.0545e-04  3.5309e-02  2.1576e-02  3.2166e-02  6.7024e-03
  -8.6548e-02  1.7303e-02  2.5879e-02 -3.1433e-02 -9.1705e-03 -1.2012e-01
  -3.3855e-03 -5.2704e-02 -6.2012e-02  3.8700e-03  2.4166e-03 -2.8400e-03
   9.0790e-03  6.0616e-03  3.6194e-02  3.5019e-03 -5.2521e-02  6.6681e-03
   8.5878e-04 -2.8107e-02  1.3031e-02  4.7852e-02  3.9490e-02  8.7214e-04
  -6.8283e-03 -1.0366e-03  7.6332e-03 -7.3166e-03  4.7188e-03 -3.7323e-02
  -3.1677e-02 -4.3945e-02 -1.1909e-02  2.4002e-02  3.1586e-02  3.3386e-02
  -1.3336e-02  1.6968e-02  9.1124e-04 -2.1317e-02  4.3243e-02 -4.5135e-02
  -1.7532e-02  5.8250e-03  2.6428e-02 -1.4519e-02 -1.7197e-02  2.2369e-02
   3.2318e-02  9.7656e-03 -2.2644e-02 -5.1308e-03 -7.0343e-03  2.2339e-02
   5.9845e-02 -3.6285e-02  1.8356e-02  6.7932e-02  4.5654e-02 -4.1779e-02
   8.0414e-03  1.5579e-02  1.9043e-02 -2.8744e-03 -2.0325e-02 -2.9709e-02
  -1.0229e-01  2.5696e-02  3.1376e-03 -1.5535e-03  1.2299e-02 -1.0704e-02
   1.5747e-02  3.0441e-02  2.5970e-02  1.9073e-02 -1.7212e-02  2.8076e-02
   1.3145e-02 -2.1576e-02 -8.0032e-03 -5.4741e-03 -2.0828e-02  1.7517e-02
   3.9825e-02  5.2002e-02 -3.1464e-02  1.4610e-03  6.2317e-02 -9.3918e-03
  -4.7112e-03 -1.1436e-02 -2.2491e-02 -4.2114e-02  4.9194e-02 -3.6163e-02
  -1.3939e-02 -9.7275e-03  1.7838e-02 -7.4341e-02  1.0757e-02  1.3256e-03
  -1.7441e-02 -2.7893e-02  1.5594e-02 -6.8855e-04 -7.5195e-02  5.4504e-02
   5.6496e-03 -1.8112e-02 -2.1225e-02 -5.3589e-02 -3.1860e-02 -5.1193e-03
  -2.2018e-02  3.5934e-03 -7.7972e-03 -9.0332e-03 -3.3051e-02 -4.4327e-03
  -3.3020e-02  4.0405e-02 -3.7018e-02 -1.9012e-02 -2.3136e-03  3.4668e-02
   1.4824e-02  2.8503e-02  5.4550e-03  3.5858e-02  1.2047e-02 -1.2291e-02
  -1.5778e-02  3.2501e-02 -3.0380e-02 -3.1097e-02  7.2556e-03  4.3854e-02
  -6.0883e-03  5.9128e-03  1.9150e-02 -2.6474e-02  2.7985e-02 -3.9917e-02
   2.4231e-02 -2.1896e-02  3.7441e-03 -2.2797e-02  4.0741e-03  6.7444e-03
   4.4098e-02  2.0695e-03 -1.3008e-02  1.7578e-02 -2.6703e-02  2.1286e-02
   2.9419e-02 -4.4128e-02  2.5415e-04 -6.9160e-03  2.8961e-02  4.8523e-03
   3.7140e-02  2.6703e-02  3.4882e-02  6.8474e-03  3.1433e-02 -4.2877e-02
   1.0628e-02  1.2915e-01  4.0497e-02 -1.5945e-02  5.4535e-02 -3.1799e-02
  -3.6011e-02  1.0643e-02 -3.8727e-02  3.7689e-02 -1.2978e-02  4.0710e-02
   4.3610e-02 -1.6953e-02 -6.1150e-03  3.1567e-03 -3.2745e-02 -3.0869e-02
   4.1321e-02 -2.7283e-02]]
Device: cuda, Model dtype: torch.float16
[VLM Debug] Reset Reward Calculated: 0.2773
[VLM Debug] Reset Reward Calculated: 0.2776
[VLM Debug] Reset Reward Calculated: 0.2808
[VLM Debug] Reset Reward Calculated: 0.2864
global_step=52, episodic_return=13.000
