Running on partition: a100-80gb
GPU: NVIDIA A100 80GB PCIe
Syncing dependencies with uv...
Starting training from /home/sohn31/Group-VLM-RL...
SPS: 617
SPS: 982
SPS: 1336
SPS: 1631
SPS: 1828
SPS: 1936
SPS: 2116
SPS: 2275
SPS: 2415
SPS: 2541
SPS: 2655
SPS: 2757
SPS: 2834
SPS: 2674
SPS: 2756
SPS: 2832
SPS: 2903
SPS: 2969
SPS: 3031
SPS: 3088
SPS: 3142
SPS: 3192
SPS: 3237
SPS: 3282
SPS: 3324
SPS: 3363
SPS: 3401
SPS: 3438
SPS: 3471
SPS: 3505
SPS: 3535
SPS: 3563
SPS: 3592
SPS: 3617
SPS: 3643
SPS: 3669
SPS: 3692
SPS: 3527
SPS: 3549
SPS: 3572
SPS: 3594
SPS: 3615
SPS: 3636
SPS: 3655
SPS: 3674
SPS: 3693
SPS: 3711
SPS: 3728
SPS: 3744
SPS: 3760
SPS: 3776
SPS: 3791
SPS: 3806
SPS: 3821
SPS: 3835
SPS: 3848
SPS: 3862
SPS: 3874
SPS: 3887
SPS: 3899
SPS: 3911
SPS: 3923
SPS: 3934
SPS: 3945
SPS: 3956
SPS: 3967
SPS: 3977
SPS: 3988
SPS: 3998
SPS: 4007
SPS: 4016
SPS: 4026
SPS: 4035
SPS: 4044
SPS: 4053
SPS: 4061
SPS: 4069
SPS: 4078
SPS: 4086
SPS: 4094
SPS: 4102
SPS: 4108
SPS: 4116
SPS: 4123
SPS: 4130
SPS: 4136
SPS: 4142
SPS: 4149
SPS: 4156
SPS: 4163
SPS: 4169
SPS: 4175
SPS: 4181
SPS: 4187
SPS: 4193
SPS: 4199
SPS: 4205
