Job ID: 10484990
GPU Info: NVIDIA A100 80GB PCIe
Starting SAC in MuJoCo environment training...
Command: srun uv run python experiments/mujoco/sac.py   --env-id HumanoidStandup-v4   --run-id 10484990   --seed 1   --total-timesteps 1000000   --track   --capture-video   --wandb-project-name cleanrl-experiments
global_step=999, episode=0, episodic_return=34947.267
    -> Best video saved: videos/HumanoidStandup-v4_sac_10484990/best_step-999_episode-0.mp4
    -> New best: episodic_return=34947.267
global_step=2000, episode=1, episodic_return=31144.238
global_step=3001, episode=2, episodic_return=30019.837
global_step=4002, episode=3, episodic_return=39021.821
    -> Best video saved: videos/HumanoidStandup-v4_sac_10484990/best_step-4002_episode-3.mp4
    -> New best: episodic_return=39021.821
global_step=5003, episode=4, episodic_return=30273.539
global_step=6004, episode=5, episodic_return=61825.086
    -> Best video saved: videos/HumanoidStandup-v4_sac_10484990/best_step-6004_episode-5.mp4
    -> New best: episodic_return=61825.086
global_step=7005, episode=6, episodic_return=91916.194
    -> Best video saved: videos/HumanoidStandup-v4_sac_10484990/best_step-7005_episode-6.mp4
    -> New best: episodic_return=91916.194
global_step=8006, episode=7, episodic_return=76489.356
global_step=9007, episode=8, episodic_return=121867.728
    -> Best video saved: videos/HumanoidStandup-v4_sac_10484990/best_step-9007_episode-8.mp4
    -> New best: episodic_return=121867.728
global_step=10008, episode=9, episodic_return=121817.975
global_step=11009, episode=10, episodic_return=117789.467
global_step=12010, episode=11, episodic_return=105317.687
global_step=13011, episode=12, episodic_return=68696.238
global_step=14012, episode=13, episodic_return=104445.539
global_step=15013, episode=14, episodic_return=63518.559
global_step=16014, episode=15, episodic_return=82988.339
global_step=17015, episode=16, episodic_return=50837.079
global_step=18016, episode=17, episodic_return=54890.060
global_step=19017, episode=18, episodic_return=60862.566
global_step=20018, episode=19, episodic_return=78759.656
global_step=21019, episode=20, episodic_return=50999.401
global_step=22020, episode=21, episodic_return=63185.039
global_step=23021, episode=22, episodic_return=65273.662
global_step=24022, episode=23, episodic_return=65573.279
global_step=25023, episode=24, episodic_return=67989.654
global_step=26024, episode=25, episodic_return=101330.743
global_step=27025, episode=26, episodic_return=128324.605
    -> Best video saved: videos/HumanoidStandup-v4_sac_10484990/best_step-27025_episode-26.mp4
    -> New best: episodic_return=128324.605
global_step=28026, episode=27, episodic_return=52497.979
global_step=29027, episode=28, episodic_return=48077.931
global_step=30028, episode=29, episodic_return=82556.976
global_step=31029, episode=30, episodic_return=62361.106
global_step=32030, episode=31, episodic_return=81103.963
global_step=33031, episode=32, episodic_return=77139.869
global_step=34032, episode=33, episodic_return=84799.308
global_step=35033, episode=34, episodic_return=94620.465
global_step=36034, episode=35, episodic_return=102227.965
global_step=37035, episode=36, episodic_return=110326.989
global_step=38036, episode=37, episodic_return=68910.764
global_step=39037, episode=38, episodic_return=122278.882
global_step=40038, episode=39, episodic_return=126146.021
global_step=41039, episode=40, episodic_return=125002.297
global_step=42040, episode=41, episodic_return=122163.017
global_step=43041, episode=42, episodic_return=127329.085
global_step=44042, episode=43, episodic_return=127539.053
global_step=45043, episode=44, episodic_return=123395.564
global_step=46044, episode=45, episodic_return=128174.187
global_step=47045, episode=46, episodic_return=129060.133
    -> Best video saved: videos/HumanoidStandup-v4_sac_10484990/best_step-47045_episode-46.mp4
    -> New best: episodic_return=129060.133
global_step=48046, episode=47, episodic_return=128186.570
global_step=49047, episode=48, episodic_return=131443.432
    -> Best video saved: videos/HumanoidStandup-v4_sac_10484990/best_step-49047_episode-48.mp4
    -> New best: episodic_return=131443.432
global_step=50048, episode=49, episodic_return=132275.565
    -> Best video saved: videos/HumanoidStandup-v4_sac_10484990/best_step-50048_episode-49.mp4
    -> New best: episodic_return=132275.565
global_step=51049, episode=50, episodic_return=134073.888
    -> Best video saved: videos/HumanoidStandup-v4_sac_10484990/best_step-51049_episode-50.mp4
    -> New best: episodic_return=134073.888
global_step=52050, episode=51, episodic_return=133215.264
global_step=53051, episode=52, episodic_return=132887.449
global_step=54052, episode=53, episodic_return=133218.868
global_step=55053, episode=54, episodic_return=133242.028
global_step=56054, episode=55, episodic_return=132270.060
global_step=57055, episode=56, episodic_return=133255.017
global_step=58056, episode=57, episodic_return=134986.361
    -> Best video saved: videos/HumanoidStandup-v4_sac_10484990/best_step-58056_episode-57.mp4
    -> New best: episodic_return=134986.361
global_step=59057, episode=58, episodic_return=130809.504
global_step=60058, episode=59, episodic_return=132876.548
global_step=61059, episode=60, episodic_return=133000.887
global_step=62060, episode=61, episodic_return=131314.755
global_step=63061, episode=62, episodic_return=131647.072
global_step=64062, episode=63, episodic_return=134510.662
global_step=65063, episode=64, episodic_return=131865.111
global_step=66064, episode=65, episodic_return=131145.156
global_step=67065, episode=66, episodic_return=133565.034
global_step=68066, episode=67, episodic_return=133551.141
global_step=69067, episode=68, episodic_return=133632.755
global_step=70068, episode=69, episodic_return=133799.868
global_step=71069, episode=70, episodic_return=133531.040
global_step=72070, episode=71, episodic_return=130998.527
global_step=73071, episode=72, episodic_return=132929.678
global_step=74072, episode=73, episodic_return=134042.556
global_step=75073, episode=74, episodic_return=136943.367
    -> Best video saved: videos/HumanoidStandup-v4_sac_10484990/best_step-75073_episode-74.mp4
    -> New best: episodic_return=136943.367
global_step=76074, episode=75, episodic_return=136870.287
global_step=77075, episode=76, episodic_return=135728.020
global_step=78076, episode=77, episodic_return=134722.422
global_step=79077, episode=78, episodic_return=134961.429
global_step=80078, episode=79, episodic_return=130495.509
global_step=81079, episode=80, episodic_return=130937.308
global_step=82080, episode=81, episodic_return=134328.765
global_step=83081, episode=82, episodic_return=132261.720
global_step=84082, episode=83, episodic_return=133243.354
global_step=85083, episode=84, episodic_return=134926.037
global_step=86084, episode=85, episodic_return=133263.803
global_step=87085, episode=86, episodic_return=133577.122
global_step=88086, episode=87, episodic_return=133332.801
global_step=89087, episode=88, episodic_return=132776.545
global_step=90088, episode=89, episodic_return=132624.237
global_step=91089, episode=90, episodic_return=132316.565
global_step=92090, episode=91, episodic_return=133443.643
global_step=93091, episode=92, episodic_return=123852.776
global_step=94092, episode=93, episodic_return=131935.649
global_step=95093, episode=94, episodic_return=133008.092
global_step=96094, episode=95, episodic_return=132758.925
global_step=97095, episode=96, episodic_return=134006.744
global_step=98096, episode=97, episodic_return=134399.049
global_step=99097, episode=98, episodic_return=136147.248
global_step=100098, episode=99, episodic_return=133218.709
global_step=101099, episode=100, episodic_return=134175.424
global_step=102100, episode=101, episodic_return=133743.494
global_step=103101, episode=102, episodic_return=132668.845
global_step=104102, episode=103, episodic_return=133731.856
global_step=105103, episode=104, episodic_return=135092.406
global_step=106104, episode=105, episodic_return=132660.840
global_step=107105, episode=106, episodic_return=134665.629
global_step=108106, episode=107, episodic_return=133388.943
global_step=109107, episode=108, episodic_return=134759.518
global_step=110108, episode=109, episodic_return=132375.168
global_step=111109, episode=110, episodic_return=133113.827
global_step=112110, episode=111, episodic_return=134346.475
global_step=113111, episode=112, episodic_return=132970.861
global_step=114112, episode=113, episodic_return=134706.774
global_step=115113, episode=114, episodic_return=135000.020
global_step=116114, episode=115, episodic_return=130817.621
global_step=117115, episode=116, episodic_return=132686.637
global_step=118116, episode=117, episodic_return=135866.030
global_step=119117, episode=118, episodic_return=132909.159
global_step=120118, episode=119, episodic_return=134018.001
global_step=121119, episode=120, episodic_return=134885.548
global_step=122120, episode=121, episodic_return=134512.009
global_step=123121, episode=122, episodic_return=134100.101
global_step=124122, episode=123, episodic_return=135251.621
global_step=125123, episode=124, episodic_return=71670.735
global_step=126124, episode=125, episodic_return=77323.619
global_step=127125, episode=126, episodic_return=135957.532
global_step=128126, episode=127, episodic_return=133244.536
global_step=129127, episode=128, episodic_return=134865.842
global_step=130128, episode=129, episodic_return=134229.903
global_step=131129, episode=130, episodic_return=133532.332
global_step=132130, episode=131, episodic_return=134899.813
global_step=133131, episode=132, episodic_return=134532.898
global_step=134132, episode=133, episodic_return=134471.597
global_step=135133, episode=134, episodic_return=135177.563
global_step=136134, episode=135, episodic_return=134870.644
global_step=137135, episode=136, episodic_return=110193.538
global_step=138136, episode=137, episodic_return=134592.878
global_step=139137, episode=138, episodic_return=134524.556
global_step=140138, episode=139, episodic_return=134899.223
global_step=141139, episode=140, episodic_return=135003.052
global_step=142140, episode=141, episodic_return=135571.636
global_step=143141, episode=142, episodic_return=134081.720
global_step=144142, episode=143, episodic_return=134821.773
global_step=145143, episode=144, episodic_return=133959.723
global_step=146144, episode=145, episodic_return=135751.999
global_step=147145, episode=146, episodic_return=135378.485
global_step=148146, episode=147, episodic_return=134849.055
global_step=149147, episode=148, episodic_return=132013.109
global_step=150148, episode=149, episodic_return=133484.641
global_step=151149, episode=150, episodic_return=133455.651
global_step=152150, episode=151, episodic_return=134384.917
global_step=153151, episode=152, episodic_return=134048.305
global_step=154152, episode=153, episodic_return=133978.021
global_step=155153, episode=154, episodic_return=133402.935
global_step=156154, episode=155, episodic_return=132746.451
global_step=157155, episode=156, episodic_return=133114.292
global_step=158156, episode=157, episodic_return=134565.607
global_step=159157, episode=158, episodic_return=135279.200
global_step=160158, episode=159, episodic_return=135686.726
global_step=161159, episode=160, episodic_return=135335.533
global_step=162160, episode=161, episodic_return=134840.246
global_step=163161, episode=162, episodic_return=132592.497
global_step=164162, episode=163, episodic_return=133428.388
global_step=165163, episode=164, episodic_return=134786.001
global_step=166164, episode=165, episodic_return=134994.264
global_step=167165, episode=166, episodic_return=134701.984
global_step=168166, episode=167, episodic_return=134878.894
global_step=169167, episode=168, episodic_return=135176.453
global_step=170168, episode=169, episodic_return=134829.441
global_step=171169, episode=170, episodic_return=134877.935
global_step=172170, episode=171, episodic_return=135026.462
global_step=173171, episode=172, episodic_return=134141.669
global_step=174172, episode=173, episodic_return=134077.246
global_step=175173, episode=174, episodic_return=134564.368
global_step=176174, episode=175, episodic_return=134229.794
global_step=177175, episode=176, episodic_return=133456.898
global_step=178176, episode=177, episodic_return=134260.919
global_step=179177, episode=178, episodic_return=133413.050
global_step=180178, episode=179, episodic_return=134104.470
global_step=181179, episode=180, episodic_return=134331.981
global_step=182180, episode=181, episodic_return=135254.065
global_step=183181, episode=182, episodic_return=134836.526
global_step=184182, episode=183, episodic_return=135071.625
global_step=185183, episode=184, episodic_return=135162.952
global_step=186184, episode=185, episodic_return=135019.121
global_step=187185, episode=186, episodic_return=135176.347
global_step=188186, episode=187, episodic_return=134744.129
global_step=189187, episode=188, episodic_return=135444.951
global_step=190188, episode=189, episodic_return=87115.087
global_step=191189, episode=190, episodic_return=133751.756
global_step=192190, episode=191, episodic_return=134803.152
global_step=193191, episode=192, episodic_return=134865.050
global_step=194192, episode=193, episodic_return=133982.138
global_step=195193, episode=194, episodic_return=134432.346
global_step=196194, episode=195, episodic_return=132622.793
global_step=197195, episode=196, episodic_return=132224.418
global_step=198196, episode=197, episodic_return=133357.662
global_step=199197, episode=198, episodic_return=133454.630
global_step=200198, episode=199, episodic_return=132886.514
global_step=201199, episode=200, episodic_return=133340.395
global_step=202200, episode=201, episodic_return=133704.639
global_step=203201, episode=202, episodic_return=134235.964
global_step=204202, episode=203, episodic_return=133093.289
global_step=205203, episode=204, episodic_return=132995.855
global_step=206204, episode=205, episodic_return=133494.902
global_step=207205, episode=206, episodic_return=134527.914
global_step=208206, episode=207, episodic_return=134361.202
global_step=209207, episode=208, episodic_return=134058.420
global_step=210208, episode=209, episodic_return=133706.942
global_step=211209, episode=210, episodic_return=135426.472
global_step=212210, episode=211, episodic_return=134757.626
global_step=213211, episode=212, episodic_return=133486.999
global_step=214212, episode=213, episodic_return=133652.237
global_step=215213, episode=214, episodic_return=132987.653
global_step=216214, episode=215, episodic_return=134266.978
global_step=217215, episode=216, episodic_return=135324.816
global_step=218216, episode=217, episodic_return=133747.964
global_step=219217, episode=218, episodic_return=135035.227
global_step=220218, episode=219, episodic_return=135473.354
global_step=221219, episode=220, episodic_return=134259.431
global_step=222220, episode=221, episodic_return=135896.393
global_step=223221, episode=222, episodic_return=136007.893
global_step=224222, episode=223, episodic_return=133056.264
global_step=225223, episode=224, episodic_return=134637.355
global_step=226224, episode=225, episodic_return=135351.124
global_step=227225, episode=226, episodic_return=133985.476
global_step=228226, episode=227, episodic_return=134938.548
global_step=229227, episode=228, episodic_return=135747.951
global_step=230228, episode=229, episodic_return=133616.669
global_step=231229, episode=230, episodic_return=135834.224
global_step=232230, episode=231, episodic_return=136168.868
global_step=233231, episode=232, episodic_return=136259.110
global_step=234232, episode=233, episodic_return=135626.004
global_step=235233, episode=234, episodic_return=135717.299
global_step=236234, episode=235, episodic_return=133856.980
global_step=237235, episode=236, episodic_return=134809.238
global_step=238236, episode=237, episodic_return=136340.590
global_step=239237, episode=238, episodic_return=136177.608
global_step=240238, episode=239, episodic_return=136486.633
global_step=241239, episode=240, episodic_return=134738.338
global_step=242240, episode=241, episodic_return=134072.596
global_step=243241, episode=242, episodic_return=135155.173
global_step=244242, episode=243, episodic_return=135579.801
global_step=245243, episode=244, episodic_return=135130.158
global_step=246244, episode=245, episodic_return=135559.557
global_step=247245, episode=246, episodic_return=135768.564
global_step=248246, episode=247, episodic_return=133488.426
global_step=249247, episode=248, episodic_return=136471.379
global_step=250248, episode=249, episodic_return=136543.919
global_step=251249, episode=250, episodic_return=136961.204
    -> Best video saved: videos/HumanoidStandup-v4_sac_10484990/best_step-251249_episode-250.mp4
    -> New best: episodic_return=136961.204
global_step=252250, episode=251, episodic_return=136608.974
global_step=253251, episode=252, episodic_return=137567.467
    -> Best video saved: videos/HumanoidStandup-v4_sac_10484990/best_step-253251_episode-252.mp4
    -> New best: episodic_return=137567.467
global_step=254252, episode=253, episodic_return=122581.499
global_step=255253, episode=254, episodic_return=136316.647
global_step=256254, episode=255, episodic_return=134103.464
global_step=257255, episode=256, episodic_return=134626.844
global_step=258256, episode=257, episodic_return=133195.340
global_step=259257, episode=258, episodic_return=134194.763
global_step=260258, episode=259, episodic_return=135888.184
global_step=261259, episode=260, episodic_return=133927.489
global_step=262260, episode=261, episodic_return=135105.219
global_step=263261, episode=262, episodic_return=135421.027
global_step=264262, episode=263, episodic_return=136863.459
global_step=265263, episode=264, episodic_return=134213.089
global_step=266264, episode=265, episodic_return=134865.827
global_step=267265, episode=266, episodic_return=50043.934
global_step=268266, episode=267, episodic_return=136230.341
global_step=269267, episode=268, episodic_return=135378.061
global_step=270268, episode=269, episodic_return=136162.164
global_step=271269, episode=270, episodic_return=134833.498
global_step=272270, episode=271, episodic_return=135271.815
global_step=273271, episode=272, episodic_return=136397.392
global_step=274272, episode=273, episodic_return=136702.482
global_step=275273, episode=274, episodic_return=134561.073
global_step=276274, episode=275, episodic_return=132946.079
global_step=277275, episode=276, episodic_return=132852.683
global_step=278276, episode=277, episodic_return=132569.871
global_step=279277, episode=278, episodic_return=132683.889
global_step=280278, episode=279, episodic_return=133474.960
global_step=281279, episode=280, episodic_return=133384.126
global_step=282280, episode=281, episodic_return=133952.611
global_step=283281, episode=282, episodic_return=133904.722
global_step=284282, episode=283, episodic_return=132868.902
global_step=285283, episode=284, episodic_return=135019.257
global_step=286284, episode=285, episodic_return=134996.452
global_step=287285, episode=286, episodic_return=133470.825
global_step=288286, episode=287, episodic_return=135186.019
global_step=289287, episode=288, episodic_return=132906.086
global_step=290288, episode=289, episodic_return=134886.543
global_step=291289, episode=290, episodic_return=134620.064
global_step=292290, episode=291, episodic_return=135013.315
global_step=293291, episode=292, episodic_return=133996.893
global_step=294292, episode=293, episodic_return=134604.906
global_step=295293, episode=294, episodic_return=134406.014
global_step=296294, episode=295, episodic_return=133671.233
global_step=297295, episode=296, episodic_return=135148.036
global_step=298296, episode=297, episodic_return=135746.003
global_step=299297, episode=298, episodic_return=135026.293
global_step=300298, episode=299, episodic_return=135875.730
global_step=301299, episode=300, episodic_return=134870.817
global_step=302300, episode=301, episodic_return=135519.305
global_step=303301, episode=302, episodic_return=135365.259
global_step=304302, episode=303, episodic_return=135333.786
global_step=305303, episode=304, episodic_return=134902.378
global_step=306304, episode=305, episodic_return=135479.395
global_step=307305, episode=306, episodic_return=135941.149
global_step=308306, episode=307, episodic_return=136053.470
global_step=309307, episode=308, episodic_return=136093.524
global_step=310308, episode=309, episodic_return=135170.696
global_step=311309, episode=310, episodic_return=135348.589
global_step=312310, episode=311, episodic_return=134509.875
global_step=313311, episode=312, episodic_return=134285.979
global_step=314312, episode=313, episodic_return=134862.722
global_step=315313, episode=314, episodic_return=133654.008
global_step=316314, episode=315, episodic_return=132909.240
global_step=317315, episode=316, episodic_return=132480.789
global_step=318316, episode=317, episodic_return=134772.413
global_step=319317, episode=318, episodic_return=136133.434
global_step=320318, episode=319, episodic_return=134924.513
global_step=321319, episode=320, episodic_return=134984.456
global_step=322320, episode=321, episodic_return=134785.687
global_step=323321, episode=322, episodic_return=133897.761
global_step=324322, episode=323, episodic_return=134486.561
global_step=325323, episode=324, episodic_return=134967.392
global_step=326324, episode=325, episodic_return=134284.741
global_step=327325, episode=326, episodic_return=135623.178
global_step=328326, episode=327, episodic_return=130027.611
global_step=329327, episode=328, episodic_return=134370.950
global_step=330328, episode=329, episodic_return=135672.915
global_step=331329, episode=330, episodic_return=135120.586
global_step=332330, episode=331, episodic_return=136460.436
global_step=333331, episode=332, episodic_return=134762.902
global_step=334332, episode=333, episodic_return=136002.146
global_step=335333, episode=334, episodic_return=135875.005
global_step=336334, episode=335, episodic_return=135451.834
global_step=337335, episode=336, episodic_return=135647.368
global_step=338336, episode=337, episodic_return=135248.441
global_step=339337, episode=338, episodic_return=136367.235
global_step=340338, episode=339, episodic_return=136160.919
global_step=341339, episode=340, episodic_return=136748.879
global_step=342340, episode=341, episodic_return=135906.975
global_step=343341, episode=342, episodic_return=136380.614
global_step=344342, episode=343, episodic_return=135716.600
global_step=345343, episode=344, episodic_return=136622.244
global_step=346344, episode=345, episodic_return=136324.908
global_step=347345, episode=346, episodic_return=134758.483
global_step=348346, episode=347, episodic_return=134332.041
global_step=349347, episode=348, episodic_return=133742.936
global_step=350348, episode=349, episodic_return=134950.227
global_step=351349, episode=350, episodic_return=134372.803
global_step=352350, episode=351, episodic_return=136102.479
global_step=353351, episode=352, episodic_return=135427.139
global_step=354352, episode=353, episodic_return=136019.902
global_step=355353, episode=354, episodic_return=135385.694
global_step=356354, episode=355, episodic_return=136269.728
global_step=357355, episode=356, episodic_return=136584.773
global_step=358356, episode=357, episodic_return=136258.768
global_step=359357, episode=358, episodic_return=133388.313
global_step=360358, episode=359, episodic_return=136655.826
global_step=361359, episode=360, episodic_return=136855.044
global_step=362360, episode=361, episodic_return=135518.208
global_step=363361, episode=362, episodic_return=136196.359
global_step=364362, episode=363, episodic_return=136075.357
global_step=365363, episode=364, episodic_return=135169.648
global_step=366364, episode=365, episodic_return=133173.368
global_step=367365, episode=366, episodic_return=136813.557
global_step=368366, episode=367, episodic_return=136283.423
global_step=369367, episode=368, episodic_return=134389.180
global_step=370368, episode=369, episodic_return=136655.247
global_step=371369, episode=370, episodic_return=137208.595
global_step=372370, episode=371, episodic_return=137654.878
    -> Best video saved: videos/HumanoidStandup-v4_sac_10484990/best_step-372370_episode-371.mp4
    -> New best: episodic_return=137654.878
global_step=373371, episode=372, episodic_return=137498.685
global_step=374372, episode=373, episodic_return=134813.153
global_step=375373, episode=374, episodic_return=134762.348
global_step=376374, episode=375, episodic_return=135022.930
global_step=377375, episode=376, episodic_return=136842.433
global_step=378376, episode=377, episodic_return=136040.186
global_step=379377, episode=378, episodic_return=133384.942
global_step=380378, episode=379, episodic_return=131974.792
global_step=381379, episode=380, episodic_return=132129.826
global_step=382380, episode=381, episodic_return=132421.907
global_step=383381, episode=382, episodic_return=131799.805
global_step=384382, episode=383, episodic_return=133013.914
global_step=385383, episode=384, episodic_return=135662.550
global_step=386384, episode=385, episodic_return=133859.898
global_step=387385, episode=386, episodic_return=135448.104
global_step=388386, episode=387, episodic_return=134525.396
global_step=389387, episode=388, episodic_return=136634.067
global_step=390388, episode=389, episodic_return=136616.505
global_step=391389, episode=390, episodic_return=136920.109
global_step=392390, episode=391, episodic_return=132853.175
global_step=393391, episode=392, episodic_return=137913.425
    -> Best video saved: videos/HumanoidStandup-v4_sac_10484990/best_step-393391_episode-392.mp4
    -> New best: episodic_return=137913.425
global_step=394392, episode=393, episodic_return=137580.573
global_step=395393, episode=394, episodic_return=133458.788
global_step=396394, episode=395, episodic_return=132494.832
global_step=397395, episode=396, episodic_return=135211.025
global_step=398396, episode=397, episodic_return=137104.403
global_step=399397, episode=398, episodic_return=143258.843
    -> Best video saved: videos/HumanoidStandup-v4_sac_10484990/best_step-399397_episode-398.mp4
    -> New best: episodic_return=143258.843
global_step=400398, episode=399, episodic_return=137080.373
global_step=401399, episode=400, episodic_return=139108.763
global_step=402400, episode=401, episodic_return=141715.910
global_step=403401, episode=402, episodic_return=140360.726
global_step=404402, episode=403, episodic_return=142446.246
global_step=405403, episode=404, episodic_return=138278.939
global_step=406404, episode=405, episodic_return=138056.289
global_step=407405, episode=406, episodic_return=140413.674
global_step=408406, episode=407, episodic_return=142269.612
global_step=409407, episode=408, episodic_return=140967.050
global_step=410408, episode=409, episodic_return=141212.929
global_step=411409, episode=410, episodic_return=141502.773
global_step=412410, episode=411, episodic_return=136258.866
global_step=413411, episode=412, episodic_return=137718.425
global_step=414412, episode=413, episodic_return=139175.978
global_step=415413, episode=414, episodic_return=139691.032
global_step=416414, episode=415, episodic_return=141895.468
global_step=417415, episode=416, episodic_return=137538.959
global_step=418416, episode=417, episodic_return=137920.973
global_step=419417, episode=418, episodic_return=137172.622
global_step=420418, episode=419, episodic_return=137259.901
global_step=421419, episode=420, episodic_return=139739.499
global_step=422420, episode=421, episodic_return=139990.076
global_step=423421, episode=422, episodic_return=141299.176
global_step=424422, episode=423, episodic_return=141754.795
global_step=425423, episode=424, episodic_return=140267.762
global_step=426424, episode=425, episodic_return=139093.243
global_step=427425, episode=426, episodic_return=138150.266
global_step=428426, episode=427, episodic_return=139825.137
global_step=429427, episode=428, episodic_return=143105.354
global_step=430428, episode=429, episodic_return=141439.517
global_step=431429, episode=430, episodic_return=138746.603
global_step=432430, episode=431, episodic_return=138885.076
global_step=433431, episode=432, episodic_return=142579.109
global_step=434432, episode=433, episodic_return=143151.913
global_step=435433, episode=434, episodic_return=141749.176
global_step=436434, episode=435, episodic_return=142024.881
global_step=437435, episode=436, episodic_return=143483.360
    -> Best video saved: videos/HumanoidStandup-v4_sac_10484990/best_step-437435_episode-436.mp4
    -> New best: episodic_return=143483.360
global_step=438436, episode=437, episodic_return=143459.094
global_step=439437, episode=438, episodic_return=141560.308
global_step=440438, episode=439, episodic_return=141937.493
global_step=441439, episode=440, episodic_return=141786.253
global_step=442440, episode=441, episodic_return=141784.629
global_step=443441, episode=442, episodic_return=142168.522
global_step=444442, episode=443, episodic_return=138130.569
global_step=445443, episode=444, episodic_return=141485.273
global_step=446444, episode=445, episodic_return=141509.796
global_step=447445, episode=446, episodic_return=142922.925
global_step=448446, episode=447, episodic_return=142384.887
global_step=449447, episode=448, episodic_return=142964.143
global_step=450448, episode=449, episodic_return=143206.124
global_step=451449, episode=450, episodic_return=142263.359
global_step=452450, episode=451, episodic_return=140174.424
global_step=453451, episode=452, episodic_return=143301.818
global_step=454452, episode=453, episodic_return=143000.454
global_step=455453, episode=454, episodic_return=142779.025
global_step=456454, episode=455, episodic_return=142894.997
global_step=457455, episode=456, episodic_return=142462.320
global_step=458456, episode=457, episodic_return=143503.653
    -> Best video saved: videos/HumanoidStandup-v4_sac_10484990/best_step-458456_episode-457.mp4
    -> New best: episodic_return=143503.653
global_step=459457, episode=458, episodic_return=142546.691
global_step=460458, episode=459, episodic_return=143778.403
    -> Best video saved: videos/HumanoidStandup-v4_sac_10484990/best_step-460458_episode-459.mp4
    -> New best: episodic_return=143778.403
global_step=461459, episode=460, episodic_return=142819.018
global_step=462460, episode=461, episodic_return=140172.213
global_step=463461, episode=462, episodic_return=141936.247
global_step=464462, episode=463, episodic_return=141679.095
global_step=465463, episode=464, episodic_return=142438.791
global_step=466464, episode=465, episodic_return=140785.889
global_step=467465, episode=466, episodic_return=143218.954
global_step=468466, episode=467, episodic_return=141546.716
global_step=469467, episode=468, episodic_return=143028.950
global_step=470468, episode=469, episodic_return=142686.169
global_step=471469, episode=470, episodic_return=142013.326
global_step=472470, episode=471, episodic_return=140883.981
global_step=473471, episode=472, episodic_return=140334.063
global_step=474472, episode=473, episodic_return=141252.274
global_step=475473, episode=474, episodic_return=143495.213
global_step=476474, episode=475, episodic_return=142465.358
global_step=477475, episode=476, episodic_return=141559.085
global_step=478476, episode=477, episodic_return=141056.571
global_step=479477, episode=478, episodic_return=140968.615
global_step=480478, episode=479, episodic_return=141567.917
global_step=481479, episode=480, episodic_return=140947.709
global_step=482480, episode=481, episodic_return=139620.410
global_step=483481, episode=482, episodic_return=140253.376
global_step=484482, episode=483, episodic_return=140793.941
global_step=485483, episode=484, episodic_return=140894.074
global_step=486484, episode=485, episodic_return=132420.196
global_step=487485, episode=486, episodic_return=141768.102
global_step=488486, episode=487, episodic_return=140297.686
global_step=489487, episode=488, episodic_return=141199.328
global_step=490488, episode=489, episodic_return=140294.321
global_step=491489, episode=490, episodic_return=137275.111
global_step=492490, episode=491, episodic_return=141816.215
global_step=493491, episode=492, episodic_return=140131.645
global_step=494492, episode=493, episodic_return=142207.933
global_step=495493, episode=494, episodic_return=142299.866
global_step=496494, episode=495, episodic_return=141033.370
global_step=497495, episode=496, episodic_return=141554.202
global_step=498496, episode=497, episodic_return=140366.526
global_step=499497, episode=498, episodic_return=139983.724
global_step=500498, episode=499, episodic_return=140270.840
global_step=501499, episode=500, episodic_return=139843.729
global_step=502500, episode=501, episodic_return=138499.308
global_step=503501, episode=502, episodic_return=140890.544
global_step=504502, episode=503, episodic_return=140326.373
global_step=505503, episode=504, episodic_return=140072.468
global_step=506504, episode=505, episodic_return=141413.854
global_step=507505, episode=506, episodic_return=142785.158
global_step=508506, episode=507, episodic_return=141892.228
global_step=509507, episode=508, episodic_return=143100.176
global_step=510508, episode=509, episodic_return=142206.679
global_step=511509, episode=510, episodic_return=143324.097
global_step=512510, episode=511, episodic_return=142356.148
global_step=513511, episode=512, episodic_return=142980.209
global_step=514512, episode=513, episodic_return=133842.835
global_step=515513, episode=514, episodic_return=139363.489
global_step=516514, episode=515, episodic_return=143601.755
global_step=517515, episode=516, episodic_return=143305.621
global_step=518516, episode=517, episodic_return=142124.061
global_step=519517, episode=518, episodic_return=143247.182
global_step=520518, episode=519, episodic_return=142585.947
global_step=521519, episode=520, episodic_return=145503.066
    -> Best video saved: videos/HumanoidStandup-v4_sac_10484990/best_step-521519_episode-520.mp4
    -> New best: episodic_return=145503.066
global_step=522520, episode=521, episodic_return=145289.774
global_step=523521, episode=522, episodic_return=144305.669
global_step=524522, episode=523, episodic_return=143538.459
global_step=525523, episode=524, episodic_return=143054.620
global_step=526524, episode=525, episodic_return=143597.005
global_step=527525, episode=526, episodic_return=142178.835
global_step=528526, episode=527, episodic_return=138171.634
global_step=529527, episode=528, episodic_return=144034.423
global_step=530528, episode=529, episodic_return=144204.086
global_step=531529, episode=530, episodic_return=145265.817
global_step=532530, episode=531, episodic_return=144586.146
global_step=533531, episode=532, episodic_return=145840.814
    -> Best video saved: videos/HumanoidStandup-v4_sac_10484990/best_step-533531_episode-532.mp4
    -> New best: episodic_return=145840.814
global_step=534532, episode=533, episodic_return=145820.916
global_step=535533, episode=534, episodic_return=145364.227
global_step=536534, episode=535, episodic_return=144552.230
global_step=537535, episode=536, episodic_return=146604.652
    -> Best video saved: videos/HumanoidStandup-v4_sac_10484990/best_step-537535_episode-536.mp4
    -> New best: episodic_return=146604.652
global_step=538536, episode=537, episodic_return=146033.622
global_step=539537, episode=538, episodic_return=144908.877
global_step=540538, episode=539, episodic_return=145624.038
global_step=541539, episode=540, episodic_return=145614.018
global_step=542540, episode=541, episodic_return=146997.565
    -> Best video saved: videos/HumanoidStandup-v4_sac_10484990/best_step-542540_episode-541.mp4
    -> New best: episodic_return=146997.565
global_step=543541, episode=542, episodic_return=141985.149
global_step=544542, episode=543, episodic_return=145260.994
global_step=545543, episode=544, episodic_return=146506.814
global_step=546544, episode=545, episodic_return=145819.840
global_step=547545, episode=546, episodic_return=146179.487
global_step=548546, episode=547, episodic_return=144050.262
global_step=549547, episode=548, episodic_return=146598.060
global_step=550548, episode=549, episodic_return=145120.555
global_step=551549, episode=550, episodic_return=146207.766
global_step=552550, episode=551, episodic_return=144379.770
global_step=553551, episode=552, episodic_return=146817.536
global_step=554552, episode=553, episodic_return=140584.231
global_step=555553, episode=554, episodic_return=144969.573
global_step=556554, episode=555, episodic_return=146754.974
global_step=557555, episode=556, episodic_return=147029.685
    -> Best video saved: videos/HumanoidStandup-v4_sac_10484990/best_step-557555_episode-556.mp4
    -> New best: episodic_return=147029.685
global_step=558556, episode=557, episodic_return=144971.106
global_step=559557, episode=558, episodic_return=144799.497
global_step=560558, episode=559, episodic_return=144427.705
global_step=561559, episode=560, episodic_return=145971.394
global_step=562560, episode=561, episodic_return=147687.604
    -> Best video saved: videos/HumanoidStandup-v4_sac_10484990/best_step-562560_episode-561.mp4
    -> New best: episodic_return=147687.604
global_step=563561, episode=562, episodic_return=146659.892
global_step=564562, episode=563, episodic_return=147051.720
global_step=565563, episode=564, episodic_return=143838.427
global_step=566564, episode=565, episodic_return=146400.365
global_step=567565, episode=566, episodic_return=146516.651
global_step=568566, episode=567, episodic_return=146849.104
global_step=569567, episode=568, episodic_return=145688.450
global_step=570568, episode=569, episodic_return=145725.485
global_step=571569, episode=570, episodic_return=146338.039
global_step=572570, episode=571, episodic_return=146269.952
global_step=573571, episode=572, episodic_return=145997.699
global_step=574572, episode=573, episodic_return=146003.812
global_step=575573, episode=574, episodic_return=147186.873
global_step=576574, episode=575, episodic_return=146049.272
global_step=577575, episode=576, episodic_return=146271.980
global_step=578576, episode=577, episodic_return=146562.015
global_step=579577, episode=578, episodic_return=146523.729
global_step=580578, episode=579, episodic_return=146456.154
global_step=581579, episode=580, episodic_return=146669.544
global_step=582580, episode=581, episodic_return=145626.446
global_step=583581, episode=582, episodic_return=146224.092
global_step=584582, episode=583, episodic_return=148271.852
    -> Best video saved: videos/HumanoidStandup-v4_sac_10484990/best_step-584582_episode-583.mp4
    -> New best: episodic_return=148271.852
global_step=585583, episode=584, episodic_return=146660.123
global_step=586584, episode=585, episodic_return=147017.322
global_step=587585, episode=586, episodic_return=146493.772
global_step=588586, episode=587, episodic_return=148334.572
    -> Best video saved: videos/HumanoidStandup-v4_sac_10484990/best_step-588586_episode-587.mp4
    -> New best: episodic_return=148334.572
global_step=589587, episode=588, episodic_return=146908.350
global_step=590588, episode=589, episodic_return=147615.196
global_step=591589, episode=590, episodic_return=144791.270
global_step=592590, episode=591, episodic_return=145093.757
global_step=593591, episode=592, episodic_return=147671.895
global_step=594592, episode=593, episodic_return=145716.318
global_step=595593, episode=594, episodic_return=143737.077
global_step=596594, episode=595, episodic_return=146514.371
global_step=597595, episode=596, episodic_return=147632.604
global_step=598596, episode=597, episodic_return=147912.181
global_step=599597, episode=598, episodic_return=145527.635
global_step=600598, episode=599, episodic_return=146495.495
global_step=601599, episode=600, episodic_return=146178.682
global_step=602600, episode=601, episodic_return=147157.165
global_step=603601, episode=602, episodic_return=146450.424
global_step=604602, episode=603, episodic_return=147592.675
global_step=605603, episode=604, episodic_return=147121.428
global_step=606604, episode=605, episodic_return=148457.729
    -> Best video saved: videos/HumanoidStandup-v4_sac_10484990/best_step-606604_episode-605.mp4
    -> New best: episodic_return=148457.729
global_step=607605, episode=606, episodic_return=148122.019
global_step=608606, episode=607, episodic_return=145605.691
global_step=609607, episode=608, episodic_return=146999.660
global_step=610608, episode=609, episodic_return=147761.797
global_step=611609, episode=610, episodic_return=146322.779
global_step=612610, episode=611, episodic_return=146934.121
global_step=613611, episode=612, episodic_return=147884.984
global_step=614612, episode=613, episodic_return=147681.742
global_step=615613, episode=614, episodic_return=147689.783
global_step=616614, episode=615, episodic_return=145107.110
global_step=617615, episode=616, episodic_return=148140.455
global_step=618616, episode=617, episodic_return=147451.793
global_step=619617, episode=618, episodic_return=145950.459
global_step=620618, episode=619, episodic_return=147983.736
global_step=621619, episode=620, episodic_return=146804.763
global_step=622620, episode=621, episodic_return=147146.530
global_step=623621, episode=622, episodic_return=146377.397
global_step=624622, episode=623, episodic_return=147647.984
global_step=625623, episode=624, episodic_return=147031.168
global_step=626624, episode=625, episodic_return=147254.494
global_step=627625, episode=626, episodic_return=144711.396
global_step=628626, episode=627, episodic_return=145040.909
global_step=629627, episode=628, episodic_return=145237.490
global_step=630628, episode=629, episodic_return=147452.665
global_step=631629, episode=630, episodic_return=146509.488
global_step=632630, episode=631, episodic_return=147341.387
global_step=633631, episode=632, episodic_return=148101.708
global_step=634632, episode=633, episodic_return=146141.514
global_step=635633, episode=634, episodic_return=147166.051
global_step=636634, episode=635, episodic_return=147771.247
global_step=637635, episode=636, episodic_return=147365.752
global_step=638636, episode=637, episodic_return=146690.487
global_step=639637, episode=638, episodic_return=147579.119
global_step=640638, episode=639, episodic_return=147371.221
global_step=641639, episode=640, episodic_return=148168.709
global_step=642640, episode=641, episodic_return=146813.304
global_step=643641, episode=642, episodic_return=143848.156
global_step=644642, episode=643, episodic_return=138866.415
global_step=645643, episode=644, episodic_return=142833.349
global_step=646644, episode=645, episodic_return=145924.275
global_step=647645, episode=646, episodic_return=147199.582
global_step=648646, episode=647, episodic_return=146483.677
global_step=649647, episode=648, episodic_return=146488.947
global_step=650648, episode=649, episodic_return=147762.142
global_step=651649, episode=650, episodic_return=147047.550
global_step=652650, episode=651, episodic_return=146807.606
global_step=653651, episode=652, episodic_return=146078.726
global_step=654652, episode=653, episodic_return=146665.776
global_step=655653, episode=654, episodic_return=145407.722
global_step=656654, episode=655, episodic_return=147123.360
global_step=657655, episode=656, episodic_return=147479.127
global_step=658656, episode=657, episodic_return=147019.640
global_step=659657, episode=658, episodic_return=146895.979
global_step=660658, episode=659, episodic_return=145985.941
global_step=661659, episode=660, episodic_return=146386.315
global_step=662660, episode=661, episodic_return=145833.766
global_step=663661, episode=662, episodic_return=147236.542
global_step=664662, episode=663, episodic_return=146180.873
global_step=665663, episode=664, episodic_return=146668.490
global_step=666664, episode=665, episodic_return=146874.797
global_step=667665, episode=666, episodic_return=145693.513
global_step=668666, episode=667, episodic_return=146536.184
global_step=669667, episode=668, episodic_return=146977.316
global_step=670668, episode=669, episodic_return=144585.061
global_step=671669, episode=670, episodic_return=145670.036
global_step=672670, episode=671, episodic_return=146994.602
global_step=673671, episode=672, episodic_return=148150.972
global_step=674672, episode=673, episodic_return=145527.306
global_step=675673, episode=674, episodic_return=145402.250
global_step=676674, episode=675, episodic_return=143736.294
global_step=677675, episode=676, episodic_return=145774.505
global_step=678676, episode=677, episodic_return=143191.710
global_step=679677, episode=678, episodic_return=146707.957
global_step=680678, episode=679, episodic_return=145906.681
global_step=681679, episode=680, episodic_return=144232.884
global_step=682680, episode=681, episodic_return=145525.785
global_step=683681, episode=682, episodic_return=146560.666
global_step=684682, episode=683, episodic_return=146309.861
global_step=685683, episode=684, episodic_return=147680.309
global_step=686684, episode=685, episodic_return=147703.447
global_step=687685, episode=686, episodic_return=142861.401
global_step=688686, episode=687, episodic_return=143453.278
global_step=689687, episode=688, episodic_return=145546.642
global_step=690688, episode=689, episodic_return=144539.778
global_step=691689, episode=690, episodic_return=143716.872
global_step=692690, episode=691, episodic_return=144584.664
global_step=693691, episode=692, episodic_return=143901.982
global_step=694692, episode=693, episodic_return=145642.505
global_step=695693, episode=694, episodic_return=145095.420
global_step=696694, episode=695, episodic_return=144883.071
global_step=697695, episode=696, episodic_return=130308.543
global_step=698696, episode=697, episodic_return=143649.754
global_step=699697, episode=698, episodic_return=140130.081
global_step=700698, episode=699, episodic_return=146599.933
global_step=701699, episode=700, episodic_return=143277.792
global_step=702700, episode=701, episodic_return=144408.758
global_step=703701, episode=702, episodic_return=145354.520
global_step=704702, episode=703, episodic_return=146043.219
global_step=705703, episode=704, episodic_return=146010.841
global_step=706704, episode=705, episodic_return=147566.828
global_step=707705, episode=706, episodic_return=142524.479
global_step=708706, episode=707, episodic_return=144516.649
global_step=709707, episode=708, episodic_return=142178.053
global_step=710708, episode=709, episodic_return=143026.987
global_step=711709, episode=710, episodic_return=146246.716
global_step=712710, episode=711, episodic_return=148344.878
global_step=713711, episode=712, episodic_return=144732.412
global_step=714712, episode=713, episodic_return=144540.351
global_step=715713, episode=714, episodic_return=145350.011
global_step=716714, episode=715, episodic_return=147035.651
global_step=717715, episode=716, episodic_return=147778.524
global_step=718716, episode=717, episodic_return=147515.888
global_step=719717, episode=718, episodic_return=147363.010
global_step=720718, episode=719, episodic_return=144837.893
global_step=721719, episode=720, episodic_return=146300.065
global_step=722720, episode=721, episodic_return=146708.537
global_step=723721, episode=722, episodic_return=145043.819
global_step=724722, episode=723, episodic_return=147382.858
global_step=725723, episode=724, episodic_return=145714.992
global_step=726724, episode=725, episodic_return=145273.117
global_step=727725, episode=726, episodic_return=144034.395
global_step=728726, episode=727, episodic_return=143523.122
global_step=729727, episode=728, episodic_return=146263.080
global_step=730728, episode=729, episodic_return=144733.283
global_step=731729, episode=730, episodic_return=144869.311
global_step=732730, episode=731, episodic_return=145791.031
global_step=733731, episode=732, episodic_return=145581.177
global_step=734732, episode=733, episodic_return=144389.462
global_step=735733, episode=734, episodic_return=144858.634
global_step=736734, episode=735, episodic_return=143374.181
global_step=737735, episode=736, episodic_return=145656.045
global_step=738736, episode=737, episodic_return=140882.545
global_step=739737, episode=738, episodic_return=143997.438
global_step=740738, episode=739, episodic_return=146248.704
global_step=741739, episode=740, episodic_return=146931.278
global_step=742740, episode=741, episodic_return=146837.237
global_step=743741, episode=742, episodic_return=146595.660
global_step=744742, episode=743, episodic_return=143593.905
global_step=745743, episode=744, episodic_return=143208.372
global_step=746744, episode=745, episodic_return=147092.119
global_step=747745, episode=746, episodic_return=145972.601
global_step=748746, episode=747, episodic_return=145957.685
global_step=749747, episode=748, episodic_return=146017.583
global_step=750748, episode=749, episodic_return=146967.272
global_step=751749, episode=750, episodic_return=144708.156
global_step=752750, episode=751, episodic_return=146052.578
global_step=753751, episode=752, episodic_return=147337.524
global_step=754752, episode=753, episodic_return=147725.248
global_step=755753, episode=754, episodic_return=147126.239
global_step=756754, episode=755, episodic_return=146835.247
global_step=757755, episode=756, episodic_return=144846.626
global_step=758756, episode=757, episodic_return=146537.114
global_step=759757, episode=758, episodic_return=142587.820
global_step=760758, episode=759, episodic_return=146865.186
global_step=761759, episode=760, episodic_return=146474.844
global_step=762760, episode=761, episodic_return=148355.174
global_step=763761, episode=762, episodic_return=145893.539
global_step=764762, episode=763, episodic_return=146616.909
global_step=765763, episode=764, episodic_return=148000.254
global_step=766764, episode=765, episodic_return=147405.807
global_step=767765, episode=766, episodic_return=145725.643
global_step=768766, episode=767, episodic_return=146628.276
global_step=769767, episode=768, episodic_return=144783.405
global_step=770768, episode=769, episodic_return=147502.207
global_step=771769, episode=770, episodic_return=148181.715
global_step=772770, episode=771, episodic_return=146283.525
global_step=773771, episode=772, episodic_return=146562.969
global_step=774772, episode=773, episodic_return=145577.419
global_step=775773, episode=774, episodic_return=146412.885
global_step=776774, episode=775, episodic_return=146560.075
global_step=777775, episode=776, episodic_return=145066.411
global_step=778776, episode=777, episodic_return=147707.339
global_step=779777, episode=778, episodic_return=148560.548
    -> Best video saved: videos/HumanoidStandup-v4_sac_10484990/best_step-779777_episode-778.mp4
    -> New best: episodic_return=148560.548
global_step=780778, episode=779, episodic_return=148538.929
global_step=781779, episode=780, episodic_return=147575.908
global_step=782780, episode=781, episodic_return=148158.858
global_step=783781, episode=782, episodic_return=148335.106
global_step=784782, episode=783, episodic_return=148096.054
global_step=785783, episode=784, episodic_return=147592.064
global_step=786784, episode=785, episodic_return=145489.884
global_step=787785, episode=786, episodic_return=148153.817
global_step=788786, episode=787, episodic_return=148258.417
global_step=789787, episode=788, episodic_return=145495.918
global_step=790788, episode=789, episodic_return=146734.269
global_step=791789, episode=790, episodic_return=146683.988
global_step=792790, episode=791, episodic_return=144041.470
global_step=793791, episode=792, episodic_return=146625.702
global_step=794792, episode=793, episodic_return=145779.255
global_step=795793, episode=794, episodic_return=145100.030
global_step=796794, episode=795, episodic_return=143552.938
global_step=797795, episode=796, episodic_return=145947.198
global_step=798796, episode=797, episodic_return=144237.429
global_step=799797, episode=798, episodic_return=145750.945
global_step=800798, episode=799, episodic_return=146364.190
global_step=801799, episode=800, episodic_return=145348.698
global_step=802800, episode=801, episodic_return=145122.641
global_step=803801, episode=802, episodic_return=145614.715
global_step=804802, episode=803, episodic_return=145637.921
global_step=805803, episode=804, episodic_return=147866.177
global_step=806804, episode=805, episodic_return=146511.444
global_step=807805, episode=806, episodic_return=146718.658
global_step=808806, episode=807, episodic_return=146607.085
global_step=809807, episode=808, episodic_return=146980.864
global_step=810808, episode=809, episodic_return=146888.912
global_step=811809, episode=810, episodic_return=145231.717
global_step=812810, episode=811, episodic_return=147581.107
global_step=813811, episode=812, episodic_return=146448.100
global_step=814812, episode=813, episodic_return=145868.723
global_step=815813, episode=814, episodic_return=145942.149
global_step=816814, episode=815, episodic_return=144569.877
global_step=817815, episode=816, episodic_return=143825.220
global_step=818816, episode=817, episodic_return=147285.762
global_step=819817, episode=818, episodic_return=147273.312
global_step=820818, episode=819, episodic_return=147384.882
global_step=821819, episode=820, episodic_return=147826.864
global_step=822820, episode=821, episodic_return=148077.604
global_step=823821, episode=822, episodic_return=149069.479
    -> Best video saved: videos/HumanoidStandup-v4_sac_10484990/best_step-823821_episode-822.mp4
    -> New best: episodic_return=149069.479
global_step=824822, episode=823, episodic_return=148382.335
global_step=825823, episode=824, episodic_return=147660.592
global_step=826824, episode=825, episodic_return=148162.054
global_step=827825, episode=826, episodic_return=148695.571
global_step=828826, episode=827, episodic_return=148124.157
global_step=829827, episode=828, episodic_return=148576.290
global_step=830828, episode=829, episodic_return=148657.061
global_step=831829, episode=830, episodic_return=148990.772
global_step=832830, episode=831, episodic_return=147825.957
global_step=833831, episode=832, episodic_return=147155.000
global_step=834832, episode=833, episodic_return=147382.379
global_step=835833, episode=834, episodic_return=147510.127
global_step=836834, episode=835, episodic_return=149049.611
global_step=837835, episode=836, episodic_return=148726.683
global_step=838836, episode=837, episodic_return=148735.566
global_step=839837, episode=838, episodic_return=147780.736
global_step=840838, episode=839, episodic_return=146409.104
global_step=841839, episode=840, episodic_return=146946.765
global_step=842840, episode=841, episodic_return=148634.439
global_step=843841, episode=842, episodic_return=146974.250
global_step=844842, episode=843, episodic_return=146704.375
global_step=845843, episode=844, episodic_return=148529.967
global_step=846844, episode=845, episodic_return=148184.536
global_step=847845, episode=846, episodic_return=148448.083
global_step=848846, episode=847, episodic_return=145778.825
global_step=849847, episode=848, episodic_return=147780.157
global_step=850848, episode=849, episodic_return=148688.765
global_step=851849, episode=850, episodic_return=147032.145
global_step=852850, episode=851, episodic_return=147671.339
global_step=853851, episode=852, episodic_return=147674.112
global_step=854852, episode=853, episodic_return=148780.107
global_step=855853, episode=854, episodic_return=148045.819
global_step=856854, episode=855, episodic_return=149031.396
global_step=857855, episode=856, episodic_return=147930.216
global_step=858856, episode=857, episodic_return=149747.421
    -> Best video saved: videos/HumanoidStandup-v4_sac_10484990/best_step-858856_episode-857.mp4
    -> New best: episodic_return=149747.421
global_step=859857, episode=858, episodic_return=106075.803
global_step=860858, episode=859, episodic_return=148055.487
global_step=861859, episode=860, episodic_return=149000.704
global_step=862860, episode=861, episodic_return=147982.214
global_step=863861, episode=862, episodic_return=147078.633
global_step=864862, episode=863, episodic_return=144962.771
global_step=865863, episode=864, episodic_return=143481.082
global_step=866864, episode=865, episodic_return=146907.912
global_step=867865, episode=866, episodic_return=143641.202
global_step=868866, episode=867, episodic_return=136256.719
global_step=869867, episode=868, episodic_return=117303.820
global_step=870868, episode=869, episodic_return=142260.404
global_step=871869, episode=870, episodic_return=137425.514
global_step=872870, episode=871, episodic_return=143130.179
global_step=873871, episode=872, episodic_return=136739.004
global_step=874872, episode=873, episodic_return=141452.778
global_step=875873, episode=874, episodic_return=144870.758
global_step=876874, episode=875, episodic_return=144532.398
global_step=877875, episode=876, episodic_return=145513.005
global_step=878876, episode=877, episodic_return=145302.363
global_step=879877, episode=878, episodic_return=146142.332
global_step=880878, episode=879, episodic_return=148105.783
global_step=881879, episode=880, episodic_return=147479.991
global_step=882880, episode=881, episodic_return=146926.489
global_step=883881, episode=882, episodic_return=145805.889
global_step=884882, episode=883, episodic_return=146203.736
global_step=885883, episode=884, episodic_return=145974.908
global_step=886884, episode=885, episodic_return=146074.913
global_step=887885, episode=886, episodic_return=144123.812
global_step=888886, episode=887, episodic_return=144051.599
global_step=889887, episode=888, episodic_return=145623.722
global_step=890888, episode=889, episodic_return=145005.481
global_step=891889, episode=890, episodic_return=149112.900
global_step=892890, episode=891, episodic_return=145743.813
global_step=893891, episode=892, episodic_return=146839.675
global_step=894892, episode=893, episodic_return=146450.402
global_step=895893, episode=894, episodic_return=146989.834
global_step=896894, episode=895, episodic_return=148016.130
global_step=897895, episode=896, episodic_return=148568.525
global_step=898896, episode=897, episodic_return=147926.600
global_step=899897, episode=898, episodic_return=146746.204
global_step=900898, episode=899, episodic_return=148532.460
global_step=901899, episode=900, episodic_return=146641.172
global_step=902900, episode=901, episodic_return=147893.575
global_step=903901, episode=902, episodic_return=148295.992
global_step=904902, episode=903, episodic_return=145515.239
global_step=905903, episode=904, episodic_return=147468.266
global_step=906904, episode=905, episodic_return=143642.347
global_step=907905, episode=906, episodic_return=145827.622
global_step=908906, episode=907, episodic_return=145798.491
global_step=909907, episode=908, episodic_return=148903.590
global_step=910908, episode=909, episodic_return=145460.021
global_step=911909, episode=910, episodic_return=141859.672
global_step=912910, episode=911, episodic_return=139069.027
global_step=913911, episode=912, episodic_return=144913.586
global_step=914912, episode=913, episodic_return=140839.083
global_step=915913, episode=914, episodic_return=142856.206
global_step=916914, episode=915, episodic_return=140687.147
global_step=917915, episode=916, episodic_return=138637.848
global_step=918916, episode=917, episodic_return=140309.154
global_step=919917, episode=918, episodic_return=147307.254
global_step=920918, episode=919, episodic_return=148729.169
global_step=921919, episode=920, episodic_return=149285.873
global_step=922920, episode=921, episodic_return=149546.969
global_step=923921, episode=922, episodic_return=148997.302
global_step=924922, episode=923, episodic_return=148326.224
global_step=925923, episode=924, episodic_return=148936.873
global_step=926924, episode=925, episodic_return=148038.987
global_step=927925, episode=926, episodic_return=145292.423
global_step=928926, episode=927, episodic_return=145856.272
global_step=929927, episode=928, episodic_return=147455.811
global_step=930928, episode=929, episodic_return=145840.350
global_step=931929, episode=930, episodic_return=148325.230
global_step=932930, episode=931, episodic_return=149323.454
global_step=933931, episode=932, episodic_return=149615.628
global_step=934932, episode=933, episodic_return=148587.870
global_step=935933, episode=934, episodic_return=149458.134
global_step=936934, episode=935, episodic_return=147990.085
global_step=937935, episode=936, episodic_return=149554.274
global_step=938936, episode=937, episodic_return=148814.440
global_step=939937, episode=938, episodic_return=144379.936
global_step=940938, episode=939, episodic_return=149455.801
global_step=941939, episode=940, episodic_return=149058.616
global_step=942940, episode=941, episodic_return=149486.079
global_step=943941, episode=942, episodic_return=149929.586
    -> Best video saved: videos/HumanoidStandup-v4_sac_10484990/best_step-943941_episode-942.mp4
    -> New best: episodic_return=149929.586
global_step=944942, episode=943, episodic_return=148967.619
global_step=945943, episode=944, episodic_return=148866.636
global_step=946944, episode=945, episodic_return=148555.261
global_step=947945, episode=946, episodic_return=149390.159
global_step=948946, episode=947, episodic_return=148833.358
global_step=949947, episode=948, episodic_return=148915.957
global_step=950948, episode=949, episodic_return=147740.061
global_step=951949, episode=950, episodic_return=149894.082
global_step=952950, episode=951, episodic_return=149189.097
global_step=953951, episode=952, episodic_return=149678.445
global_step=954952, episode=953, episodic_return=147653.678
global_step=955953, episode=954, episodic_return=142409.389
global_step=956954, episode=955, episodic_return=149231.824
global_step=957955, episode=956, episodic_return=145980.009
global_step=958956, episode=957, episodic_return=148496.401
global_step=959957, episode=958, episodic_return=149379.198
global_step=960958, episode=959, episodic_return=149667.550
global_step=961959, episode=960, episodic_return=149975.382
    -> Best video saved: videos/HumanoidStandup-v4_sac_10484990/best_step-961959_episode-960.mp4
    -> New best: episodic_return=149975.382
global_step=962960, episode=961, episodic_return=149238.417
global_step=963961, episode=962, episodic_return=149445.056
global_step=964962, episode=963, episodic_return=149451.021
global_step=965963, episode=964, episodic_return=149805.403
global_step=966964, episode=965, episodic_return=150011.434
    -> Best video saved: videos/HumanoidStandup-v4_sac_10484990/best_step-966964_episode-965.mp4
    -> New best: episodic_return=150011.434
global_step=967965, episode=966, episodic_return=149738.326
global_step=968966, episode=967, episodic_return=149502.147
global_step=969967, episode=968, episodic_return=149971.518
global_step=970968, episode=969, episodic_return=149517.094
global_step=971969, episode=970, episodic_return=147318.978
global_step=972970, episode=971, episodic_return=149403.364
global_step=973971, episode=972, episodic_return=149532.871
global_step=974972, episode=973, episodic_return=149712.036
global_step=975973, episode=974, episodic_return=150086.106
    -> Best video saved: videos/HumanoidStandup-v4_sac_10484990/best_step-975973_episode-974.mp4
    -> New best: episodic_return=150086.106
global_step=976974, episode=975, episodic_return=149857.292
global_step=977975, episode=976, episodic_return=149803.822
global_step=978976, episode=977, episodic_return=149510.837
global_step=979977, episode=978, episodic_return=150100.867
    -> Best video saved: videos/HumanoidStandup-v4_sac_10484990/best_step-979977_episode-978.mp4
    -> New best: episodic_return=150100.867
global_step=980978, episode=979, episodic_return=149936.942
global_step=981979, episode=980, episodic_return=149834.711
global_step=982980, episode=981, episodic_return=150175.415
    -> Best video saved: videos/HumanoidStandup-v4_sac_10484990/best_step-982980_episode-981.mp4
    -> New best: episodic_return=150175.415
global_step=983981, episode=982, episodic_return=150346.160
    -> Best video saved: videos/HumanoidStandup-v4_sac_10484990/best_step-983981_episode-982.mp4
    -> New best: episodic_return=150346.160
global_step=984982, episode=983, episodic_return=149361.934
global_step=985983, episode=984, episodic_return=150086.643
global_step=986984, episode=985, episodic_return=149790.689
global_step=987985, episode=986, episodic_return=149903.491
global_step=988986, episode=987, episodic_return=149999.095
global_step=989987, episode=988, episodic_return=150048.010
global_step=990988, episode=989, episodic_return=150237.885
global_step=991989, episode=990, episodic_return=149848.121
global_step=992990, episode=991, episodic_return=150138.160
global_step=993991, episode=992, episodic_return=150211.363
global_step=994992, episode=993, episodic_return=149854.171
global_step=995993, episode=994, episodic_return=150149.858
global_step=996994, episode=995, episodic_return=150068.878
global_step=997995, episode=996, episodic_return=149990.050
global_step=998996, episode=997, episodic_return=149643.446
global_step=999997, episode=998, episodic_return=150347.325
    -> Best video saved: videos/HumanoidStandup-v4_sac_10484990/best_step-999997_episode-998.mp4
    -> New best: episodic_return=150347.325
