/var/spool/slurm/job10478854/slurm_script: line 28: cd: /home/yang2739/VLM-RL: No such file or directory
Resolved 150 packages in 1ms
Audited 93 packages in 2.59s
wandb: [wandb.login()] Loaded credentials for https://api.wandb.ai from /home/yang2739/.netrc.
wandb: Currently logged in as: yang2739 (sohn5312-purdue-university) to https://api.wandb.ai. Use `wandb login --relogin` to force relogin
wandb: setting up run jlflfed1
wandb: Tracking run with wandb version 0.25.1
wandb: Run data is saved locally in /home/yang2739/CS490/VLM-RL/wandb/run-20260327_132250-jlflfed1
wandb: Run `wandb offline` to turn off syncing.
wandb: Syncing run Ant-v4_sac_qwen_multiframe_10478854
wandb: ⭐️ View project at https://wandb.ai/sohn5312-purdue-university/cleanrl-experiments
wandb: 🚀 View run at https://wandb.ai/sohn5312-purdue-university/cleanrl-experiments/runs/jlflfed1
/scratch/gilbreth/yang2739/VLM-RL-RUNS/venv/lib64/python3.9/site-packages/gymnasium/envs/registration.py:519: DeprecationWarning: [33mWARN: The environment Ant-v4 is out of date. You should consider upgrading to version `v5`.[0m
  logger.deprecation(
`torch_dtype` is deprecated! Use `dtype` instead!
Fetching 5 files:   0%|          | 0/5 [00:00<?, ?it/s]Fetching 5 files:  20%|██        | 1/5 [00:11<00:46, 11.65s/it]Fetching 5 files:  40%|████      | 2/5 [00:12<00:15,  5.01s/it]Fetching 5 files: 100%|██████████| 5/5 [00:12<00:00,  2.40s/it]
Loading checkpoint shards:   0%|          | 0/5 [00:00<?, ?it/s]Loading checkpoint shards:  20%|██        | 1/5 [00:01<00:07,  1.94s/it]Loading checkpoint shards:  40%|████      | 2/5 [00:03<00:04,  1.63s/it]Loading checkpoint shards:  60%|██████    | 3/5 [00:04<00:03,  1.55s/it]Loading checkpoint shards:  80%|████████  | 4/5 [00:06<00:01,  1.49s/it]Loading checkpoint shards: 100%|██████████| 5/5 [00:06<00:00,  1.09s/it]Loading checkpoint shards: 100%|██████████| 5/5 [00:06<00:00,  1.31s/it]
The image processor of type `Qwen2VLImageProcessor` is now loaded as a fast processor by default, even if the model checkpoint was saved with a slow processor. This is a breaking change and may produce slightly different outputs. To continue using the slow processor, instantiate this class with `use_fast=False`. Note that this behavior will be extended to all models in a future release.
/scratch/gilbreth/yang2739/VLM-RL-RUNS/venv/lib64/python3.9/site-packages/gymnasium/utils/passive_env_checker.py:134: UserWarning: [33mWARN: The obs returned by the `reset()` method was expecting numpy array dtype to be <class 'numpy.float32'>, actual type: float64[0m
  logger.warn(
/scratch/gilbreth/yang2739/VLM-RL-RUNS/venv/lib64/python3.9/site-packages/gymnasium/utils/passive_env_checker.py:158: UserWarning: [33mWARN: The obs returned by the `reset()` method is not within the observation space.[0m
  logger.warn(f"{pre} is not within the observation space.")
/scratch/gilbreth/yang2739/VLM-RL-RUNS/venv/lib64/python3.9/site-packages/gymnasium/utils/passive_env_checker.py:134: UserWarning: [33mWARN: The obs returned by the `step()` method was expecting numpy array dtype to be <class 'numpy.float32'>, actual type: float64[0m
  logger.warn(
/scratch/gilbreth/yang2739/VLM-RL-RUNS/venv/lib64/python3.9/site-packages/gymnasium/utils/passive_env_checker.py:158: UserWarning: [33mWARN: The obs returned by the `step()` method is not within the observation space.[0m
  logger.warn(f"{pre} is not within the observation space.")
wandb: updating run metadata
wandb: uploading config.yaml; uploading runs/Ant-v4_sac_qwen_multiframe_10478854/events.out.tfevents.1774632187.gilbreth-h001.rcac.purdue.edu.989254.0
wandb: uploading runs/Ant-v4_sac_qwen_multiframe_10478854/events.out.tfevents.1774632187.gilbreth-h001.rcac.purdue.edu.989254.0; uploading output.log
wandb: 
wandb: Run history:
wandb:             charts/SPS ▁███████████████████████████████████████
wandb: charts/episodic_length ▂▂▂█▁█▃▂▁▁█▁▂▂▂▂▁██▁█▁██▁███████▁███████
wandb: charts/episodic_return ▄▆▄▄▄▃▄▅▇▃▄▄▃▆▄▅▆▆▇▅▅▂▅█▆▄▆▅▅▅▄▆▅▃▄▁▆▆▅▆
wandb:            global_step ▁▁▁▁▁▂▂▂▂▂▂▂▂▃▃▃▃▃▃▄▄▄▄▄▄▄▄▅▅▅▅▅▅▆▆▆▆▆▇█
wandb:      losses/actor_loss ▁▁▂▂▅▇▇███▇▇▆▇█▇▇▇▇▇▇▇▅▆▅▆▅▅▅▅▅▅▄▆▅▅▄▅▆▄
wandb:           losses/alpha ▆▇▇▇▇▅▄█▇█▆███▇▇▆▅▅▆▆▆▄▄▄▃▃▃▃▃▃▃▂▂▂▂▂▁▁▂
wandb:      losses/alpha_loss █▂▂▁▂▂▂▂▂▂▂▂▂▂▂▂▁▂▂▂▂▂▁▂▂▂▂▂▂▂▂▂▂▁▂▂▂▂▂▂
wandb:        losses/qf1_loss ▂▂▂▂▂▁▂▂▂▁▁▁▂▁▂▂▁▁▁▂▁▁█▁▁▁▁▁▁▁▂▁▂▁▁▁▁▁▁▁
wandb:      losses/qf1_values █▅▄▃▃▁▂▁▁▁▂▁▂▂▁▁▃▃▃▄▄▃▃▃▂▃▂▃▃▄▃▄▄▄▄▃▄▄▃▄
wandb:        losses/qf2_loss ▃▂▂▃▃▂▂▂▃▂▂▂▂█▂▁▂▂▂▂▂▆▂▂▁▁▂▂▁▁▂█▁▂▁▂▁▁▂▁
wandb:                     +2 ...
wandb: 
wandb: Run summary:
wandb:             charts/SPS 22
wandb: charts/episodic_length 17
wandb: charts/episodic_return 34.95195
wandb:            global_step 999900
wandb:      losses/actor_loss -134.39172
wandb:           losses/alpha 0.08206
wandb:      losses/alpha_loss -0.03295
wandb:        losses/qf1_loss 69.76675
wandb:      losses/qf1_values 133.41348
wandb:        losses/qf2_loss 81.10057
wandb:                     +2 ...
wandb: 
wandb: 🚀 View run Ant-v4_sac_qwen_multiframe_10478854 at: https://wandb.ai/sohn5312-purdue-university/cleanrl-experiments/runs/jlflfed1
wandb: ⭐️ View project at: https://wandb.ai/sohn5312-purdue-university/cleanrl-experiments
wandb: Synced 8 W&B file(s), 0 media file(s), 0 artifact file(s) and 1 other file(s)
wandb: Find logs at: ./wandb/run-20260327_132250-jlflfed1/logs
