/var/spool/slurm/job10477044/slurm_script: line 28: cd: /home/yang2739/VLM-RL: No such file or directory
Resolved 150 packages in 16ms
Audited 93 packages in 3.79s
wandb: [wandb.login()] Loaded credentials for https://api.wandb.ai from /home/yang2739/.netrc.
wandb: Currently logged in as: yang2739 (sohn5312-purdue-university) to https://api.wandb.ai. Use `wandb login --relogin` to force relogin
wandb: Tracking run with wandb version 0.25.1
wandb: Run data is saved locally in /home/yang2739/CS490/VLM-RL/wandb/run-20260326_225619-w580kxbh
wandb: Run `wandb offline` to turn off syncing.
wandb: Syncing run Ant-v4_sac_qwen_multiframe_10477044
wandb: ⭐️ View project at https://wandb.ai/sohn5312-purdue-university/cleanrl-experiments
wandb: 🚀 View run at https://wandb.ai/sohn5312-purdue-university/cleanrl-experiments/runs/w580kxbh
/scratch/gilbreth/yang2739/VLM-RL-RUNS/venv/lib64/python3.9/site-packages/gymnasium/envs/registration.py:519: DeprecationWarning: [33mWARN: The environment Ant-v4 is out of date. You should consider upgrading to version `v5`.[0m
  logger.deprecation(
`torch_dtype` is deprecated! Use `dtype` instead!
Loading checkpoint shards:   0%|          | 0/2 [00:00<?, ?it/s]Loading checkpoint shards:  50%|█████     | 1/2 [02:22<02:22, 142.07s/it]Loading checkpoint shards: 100%|██████████| 2/2 [02:38<00:00, 68.29s/it] Loading checkpoint shards: 100%|██████████| 2/2 [02:38<00:00, 79.36s/it]
The image processor of type `Qwen2VLImageProcessor` is now loaded as a fast processor by default, even if the model checkpoint was saved with a slow processor. This is a breaking change and may produce slightly different outputs. To continue using the slow processor, instantiate this class with `use_fast=False`. Note that this behavior will be extended to all models in a future release.
/scratch/gilbreth/yang2739/VLM-RL-RUNS/venv/lib64/python3.9/site-packages/gymnasium/utils/passive_env_checker.py:134: UserWarning: [33mWARN: The obs returned by the `reset()` method was expecting numpy array dtype to be <class 'numpy.float32'>, actual type: float64[0m
  logger.warn(
/scratch/gilbreth/yang2739/VLM-RL-RUNS/venv/lib64/python3.9/site-packages/gymnasium/utils/passive_env_checker.py:158: UserWarning: [33mWARN: The obs returned by the `reset()` method is not within the observation space.[0m
  logger.warn(f"{pre} is not within the observation space.")
/scratch/gilbreth/yang2739/VLM-RL-RUNS/venv/lib64/python3.9/site-packages/gymnasium/utils/passive_env_checker.py:134: UserWarning: [33mWARN: The obs returned by the `step()` method was expecting numpy array dtype to be <class 'numpy.float32'>, actual type: float64[0m
  logger.warn(
/scratch/gilbreth/yang2739/VLM-RL-RUNS/venv/lib64/python3.9/site-packages/gymnasium/utils/passive_env_checker.py:158: UserWarning: [33mWARN: The obs returned by the `step()` method is not within the observation space.[0m
  logger.warn(f"{pre} is not within the observation space.")
wandb: updating run metadata
wandb: uploading output.log; uploading wandb-summary.json; uploading config.yaml; uploading runs/Ant-v4_sac_qwen_multiframe_10477044/events.out.tfevents.1774580219.gilbreth-h005.rcac.purdue.edu.3904049.0
wandb: uploading output.log; uploading runs/Ant-v4_sac_qwen_multiframe_10477044/events.out.tfevents.1774580219.gilbreth-h005.rcac.purdue.edu.3904049.0
wandb: 
wandb: Run history:
wandb:             charts/SPS ▁▁▁▁▁▁▁▁██████▁▁▁▁██████████████████████
wandb: charts/episodic_length ▁▁▂█▁▁█▁▂██▆▁█▁█▅▁▃▄█▁▅██████████▇▄█████
wandb: charts/episodic_return ▅▆▇▆▇▆▇▁▇▇▄▇██▄█▆▄▇▇▆▇▄▅▄▆▄▄▆▆▆▅▆▅▅▇▆▇▅▆
wandb:            global_step ▁▁▁▁▁▂▂▂▂▂▃▃▃▃▃▄▄▄▄▄▅▅▅▅▅▆▆▆▆▇▇▇▇▇▇▇████
wandb:      losses/actor_loss ▁▄▆▆▇▇███▇▇▇▇▇▇▆▆▆▆▆▆▆▆▆▆▆▆▆▆▆▆▆▆▅▅▆▅▅▆▆
wandb:           losses/alpha █▅▆▆▆▆▆▅▅▅▅▄▄▄▄▄▄▃▃▃▂▃▃▂▂▂▂▂▂▂▂▁▁▂▁▁▁▂▂▁
wandb:      losses/alpha_loss ▂██▂▂▅▅▆▅▇▇▅▃▆▄▁▄▆▄▄▅▄▆▄▂▃▆▄▄▄▄▅▃▅▃▄▅▄▃▆
wandb:        losses/qf1_loss ▄▅▄▃▂▁▁▁▂▂▂▁▁▂▂▁▂▁▁▁▂▁▁▂▁▁▁▂▁▁▇▂▁▂▂▂█▁▁▁
wandb:      losses/qf1_values ▇██▇▃▂▂▁▁▁▂▃▃▃▃▃▃▃▂▃▂▃▃▃▃▃▃▃▄▄▄▄▄▃▃▃▃▄▄▃
wandb:        losses/qf2_loss ▂▅▃▂▂▂▂▂▂▂▂▂▂▁▁▃▂▁▃▁▁▁▁▁▁▁▁▁▃▁▁▁▁█▂▂▁▁▁▁
wandb:                     +2 ...
wandb: 
wandb: Run summary:
wandb:             charts/SPS 31
wandb: charts/episodic_length 1000
wandb: charts/episodic_return -6.83705
wandb:            global_step 999900
wandb:      losses/actor_loss -64.38419
wandb:           losses/alpha 0.06075
wandb:      losses/alpha_loss 0.02149
wandb:        losses/qf1_loss 99.16097
wandb:      losses/qf1_values 63.81068
wandb:        losses/qf2_loss 95.0576
wandb:                     +2 ...
wandb: 
wandb: 🚀 View run Ant-v4_sac_qwen_multiframe_10477044 at: https://wandb.ai/sohn5312-purdue-university/cleanrl-experiments/runs/w580kxbh
wandb: ⭐️ View project at: https://wandb.ai/sohn5312-purdue-university/cleanrl-experiments
wandb: Synced 8 W&B file(s), 0 media file(s), 0 artifact file(s) and 1 other file(s)
wandb: Find logs at: ./wandb/run-20260326_225619-w580kxbh/logs
