Resolved 150 packages in 13ms
Audited 93 packages in 2.99s
/scratch/gilbreth/yang2739/VLM-RL-RUNS/venv/lib64/python3.9/site-packages/gymnasium/envs/registration.py:519: DeprecationWarning: [33mWARN: The environment Hopper-v4 is out of date. You should consider upgrading to version `v5`.[0m
  logger.deprecation(
`torch_dtype` is deprecated! Use `dtype` instead!
Loading checkpoint shards:   0%|          | 0/2 [00:00<?, ?it/s]Loading checkpoint shards:  50%|█████     | 1/2 [01:45<01:45, 105.61s/it]Loading checkpoint shards: 100%|██████████| 2/2 [01:56<00:00, 49.84s/it] Loading checkpoint shards: 100%|██████████| 2/2 [01:56<00:00, 58.21s/it]
The image processor of type `Qwen2VLImageProcessor` is now loaded as a fast processor by default, even if the model checkpoint was saved with a slow processor. This is a breaking change and may produce slightly different outputs. To continue using the slow processor, instantiate this class with `use_fast=False`. Note that this behavior will be extended to all models in a future release.
wandb: [wandb.login()] Loaded credentials for https://api.wandb.ai from /home/yang2739/.netrc.
wandb: Currently logged in as: yang2739 (sohn5312-purdue-university) to https://api.wandb.ai. Use `wandb login --relogin` to force relogin
wandb: Tracking run with wandb version 0.25.1
wandb: Run data is saved locally in /home/yang2739/CS490/VLM-RL/wandb/run-20260329_093944-x7ifrh6p
wandb: Run `wandb offline` to turn off syncing.
wandb: Syncing run Hopper-v4_sac_vlm_10486462
wandb: ⭐️ View project at https://wandb.ai/sohn5312-purdue-university/cleanrl-experiments
wandb: 🚀 View run at https://wandb.ai/sohn5312-purdue-university/cleanrl-experiments/runs/x7ifrh6p
/scratch/gilbreth/yang2739/VLM-RL-RUNS/venv/lib64/python3.9/site-packages/gymnasium/utils/passive_env_checker.py:134: UserWarning: [33mWARN: The obs returned by the `reset()` method was expecting numpy array dtype to be <class 'numpy.float32'>, actual type: float64[0m
  logger.warn(
/scratch/gilbreth/yang2739/VLM-RL-RUNS/venv/lib64/python3.9/site-packages/gymnasium/utils/passive_env_checker.py:158: UserWarning: [33mWARN: The obs returned by the `reset()` method is not within the observation space.[0m
  logger.warn(f"{pre} is not within the observation space.")
/scratch/gilbreth/yang2739/VLM-RL-RUNS/venv/lib64/python3.9/site-packages/gymnasium/utils/passive_env_checker.py:134: UserWarning: [33mWARN: The obs returned by the `step()` method was expecting numpy array dtype to be <class 'numpy.float32'>, actual type: float64[0m
  logger.warn(
/scratch/gilbreth/yang2739/VLM-RL-RUNS/venv/lib64/python3.9/site-packages/gymnasium/utils/passive_env_checker.py:158: UserWarning: [33mWARN: The obs returned by the `step()` method is not within the observation space.[0m
  logger.warn(f"{pre} is not within the observation space.")
wandb: WARNING `fps` argument does not affect the frame rate of the video when providing a file path or raw bytes.
wandb: WARNING Step cannot be set when using tensorboard syncing. Please use `run.define_metric(...)` to define a custom metric to log your step values.
wandb: WARNING `fps` argument does not affect the frame rate of the video when providing a file path or raw bytes.
wandb: WARNING `fps` argument does not affect the frame rate of the video when providing a file path or raw bytes.
wandb: WARNING `fps` argument does not affect the frame rate of the video when providing a file path or raw bytes.
wandb: WARNING `fps` argument does not affect the frame rate of the video when providing a file path or raw bytes.
wandb: WARNING `fps` argument does not affect the frame rate of the video when providing a file path or raw bytes.
wandb: WARNING `fps` argument does not affect the frame rate of the video when providing a file path or raw bytes.
wandb: WARNING `fps` argument does not affect the frame rate of the video when providing a file path or raw bytes.
wandb: WARNING `fps` argument does not affect the frame rate of the video when providing a file path or raw bytes.
wandb: WARNING `fps` argument does not affect the frame rate of the video when providing a file path or raw bytes.
wandb: WARNING `fps` argument does not affect the frame rate of the video when providing a file path or raw bytes.
wandb: WARNING `fps` argument does not affect the frame rate of the video when providing a file path or raw bytes.
wandb: WARNING `fps` argument does not affect the frame rate of the video when providing a file path or raw bytes.
wandb: WARNING `fps` argument does not affect the frame rate of the video when providing a file path or raw bytes.
wandb: WARNING `fps` argument does not affect the frame rate of the video when providing a file path or raw bytes.
wandb: WARNING `fps` argument does not affect the frame rate of the video when providing a file path or raw bytes.
wandb: WARNING `fps` argument does not affect the frame rate of the video when providing a file path or raw bytes.
wandb: WARNING `fps` argument does not affect the frame rate of the video when providing a file path or raw bytes.
wandb: WARNING `fps` argument does not affect the frame rate of the video when providing a file path or raw bytes.
wandb: WARNING `fps` argument does not affect the frame rate of the video when providing a file path or raw bytes.
wandb: WARNING `fps` argument does not affect the frame rate of the video when providing a file path or raw bytes.
wandb: WARNING `fps` argument does not affect the frame rate of the video when providing a file path or raw bytes.
wandb: WARNING `fps` argument does not affect the frame rate of the video when providing a file path or raw bytes.
wandb: WARNING `fps` argument does not affect the frame rate of the video when providing a file path or raw bytes.
wandb: WARNING `fps` argument does not affect the frame rate of the video when providing a file path or raw bytes.
wandb: WARNING `fps` argument does not affect the frame rate of the video when providing a file path or raw bytes.
wandb: WARNING `fps` argument does not affect the frame rate of the video when providing a file path or raw bytes.
wandb: WARNING `fps` argument does not affect the frame rate of the video when providing a file path or raw bytes.
wandb: WARNING `fps` argument does not affect the frame rate of the video when providing a file path or raw bytes.
wandb: WARNING `fps` argument does not affect the frame rate of the video when providing a file path or raw bytes.
wandb: WARNING `fps` argument does not affect the frame rate of the video when providing a file path or raw bytes.
wandb: WARNING `fps` argument does not affect the frame rate of the video when providing a file path or raw bytes.
wandb: WARNING `fps` argument does not affect the frame rate of the video when providing a file path or raw bytes.
wandb: WARNING `fps` argument does not affect the frame rate of the video when providing a file path or raw bytes.
wandb: WARNING `fps` argument does not affect the frame rate of the video when providing a file path or raw bytes.
wandb: WARNING `fps` argument does not affect the frame rate of the video when providing a file path or raw bytes.
wandb: WARNING `fps` argument does not affect the frame rate of the video when providing a file path or raw bytes.
wandb: WARNING `fps` argument does not affect the frame rate of the video when providing a file path or raw bytes.
wandb: WARNING `fps` argument does not affect the frame rate of the video when providing a file path or raw bytes.
wandb: WARNING `fps` argument does not affect the frame rate of the video when providing a file path or raw bytes.
wandb: WARNING `fps` argument does not affect the frame rate of the video when providing a file path or raw bytes.
wandb: WARNING `fps` argument does not affect the frame rate of the video when providing a file path or raw bytes.
wandb: WARNING `fps` argument does not affect the frame rate of the video when providing a file path or raw bytes.
wandb: WARNING `fps` argument does not affect the frame rate of the video when providing a file path or raw bytes.
wandb: WARNING `fps` argument does not affect the frame rate of the video when providing a file path or raw bytes.
wandb: WARNING `fps` argument does not affect the frame rate of the video when providing a file path or raw bytes.
wandb: WARNING `fps` argument does not affect the frame rate of the video when providing a file path or raw bytes.
wandb: WARNING `fps` argument does not affect the frame rate of the video when providing a file path or raw bytes.
wandb: WARNING `fps` argument does not affect the frame rate of the video when providing a file path or raw bytes.
wandb: WARNING `fps` argument does not affect the frame rate of the video when providing a file path or raw bytes.
wandb: WARNING `fps` argument does not affect the frame rate of the video when providing a file path or raw bytes.
wandb: WARNING `fps` argument does not affect the frame rate of the video when providing a file path or raw bytes.
wandb: WARNING `fps` argument does not affect the frame rate of the video when providing a file path or raw bytes.
wandb: WARNING `fps` argument does not affect the frame rate of the video when providing a file path or raw bytes.
wandb: WARNING `fps` argument does not affect the frame rate of the video when providing a file path or raw bytes.
wandb: WARNING `fps` argument does not affect the frame rate of the video when providing a file path or raw bytes.
wandb: WARNING `fps` argument does not affect the frame rate of the video when providing a file path or raw bytes.
wandb: WARNING `fps` argument does not affect the frame rate of the video when providing a file path or raw bytes.
wandb: WARNING `fps` argument does not affect the frame rate of the video when providing a file path or raw bytes.
wandb: WARNING `fps` argument does not affect the frame rate of the video when providing a file path or raw bytes.
wandb: WARNING `fps` argument does not affect the frame rate of the video when providing a file path or raw bytes.
wandb: WARNING `fps` argument does not affect the frame rate of the video when providing a file path or raw bytes.
wandb: WARNING `fps` argument does not affect the frame rate of the video when providing a file path or raw bytes.
wandb: WARNING `fps` argument does not affect the frame rate of the video when providing a file path or raw bytes.
wandb: WARNING `fps` argument does not affect the frame rate of the video when providing a file path or raw bytes.
wandb: WARNING `fps` argument does not affect the frame rate of the video when providing a file path or raw bytes.
wandb: WARNING `fps` argument does not affect the frame rate of the video when providing a file path or raw bytes.
wandb: WARNING `fps` argument does not affect the frame rate of the video when providing a file path or raw bytes.
wandb: WARNING `fps` argument does not affect the frame rate of the video when providing a file path or raw bytes.
wandb: WARNING `fps` argument does not affect the frame rate of the video when providing a file path or raw bytes.
wandb: WARNING `fps` argument does not affect the frame rate of the video when providing a file path or raw bytes.
wandb: WARNING `fps` argument does not affect the frame rate of the video when providing a file path or raw bytes.
wandb: WARNING `fps` argument does not affect the frame rate of the video when providing a file path or raw bytes.
wandb: WARNING `fps` argument does not affect the frame rate of the video when providing a file path or raw bytes.
wandb: WARNING `fps` argument does not affect the frame rate of the video when providing a file path or raw bytes.
wandb: WARNING `fps` argument does not affect the frame rate of the video when providing a file path or raw bytes.
wandb: WARNING `fps` argument does not affect the frame rate of the video when providing a file path or raw bytes.
wandb: WARNING `fps` argument does not affect the frame rate of the video when providing a file path or raw bytes.
wandb: WARNING `fps` argument does not affect the frame rate of the video when providing a file path or raw bytes.
wandb: WARNING `fps` argument does not affect the frame rate of the video when providing a file path or raw bytes.
wandb: WARNING `fps` argument does not affect the frame rate of the video when providing a file path or raw bytes.
wandb: WARNING `fps` argument does not affect the frame rate of the video when providing a file path or raw bytes.
wandb: WARNING `fps` argument does not affect the frame rate of the video when providing a file path or raw bytes.
wandb: WARNING `fps` argument does not affect the frame rate of the video when providing a file path or raw bytes.
wandb: WARNING `fps` argument does not affect the frame rate of the video when providing a file path or raw bytes.
wandb: WARNING `fps` argument does not affect the frame rate of the video when providing a file path or raw bytes.
wandb: WARNING `fps` argument does not affect the frame rate of the video when providing a file path or raw bytes.
wandb: WARNING `fps` argument does not affect the frame rate of the video when providing a file path or raw bytes.
wandb: WARNING `fps` argument does not affect the frame rate of the video when providing a file path or raw bytes.
wandb: WARNING `fps` argument does not affect the frame rate of the video when providing a file path or raw bytes.
wandb: WARNING `fps` argument does not affect the frame rate of the video when providing a file path or raw bytes.
wandb: WARNING `fps` argument does not affect the frame rate of the video when providing a file path or raw bytes.
wandb: WARNING `fps` argument does not affect the frame rate of the video when providing a file path or raw bytes.
wandb: WARNING `fps` argument does not affect the frame rate of the video when providing a file path or raw bytes.
wandb: WARNING `fps` argument does not affect the frame rate of the video when providing a file path or raw bytes.
wandb: WARNING `fps` argument does not affect the frame rate of the video when providing a file path or raw bytes.
wandb: WARNING `fps` argument does not affect the frame rate of the video when providing a file path or raw bytes.
wandb: WARNING `fps` argument does not affect the frame rate of the video when providing a file path or raw bytes.
wandb: WARNING `fps` argument does not affect the frame rate of the video when providing a file path or raw bytes.
wandb: WARNING `fps` argument does not affect the frame rate of the video when providing a file path or raw bytes.
wandb: WARNING `fps` argument does not affect the frame rate of the video when providing a file path or raw bytes.
wandb: WARNING `fps` argument does not affect the frame rate of the video when providing a file path or raw bytes.
wandb: WARNING `fps` argument does not affect the frame rate of the video when providing a file path or raw bytes.
wandb: WARNING `fps` argument does not affect the frame rate of the video when providing a file path or raw bytes.
wandb: WARNING `fps` argument does not affect the frame rate of the video when providing a file path or raw bytes.
wandb: WARNING `fps` argument does not affect the frame rate of the video when providing a file path or raw bytes.
wandb: WARNING `fps` argument does not affect the frame rate of the video when providing a file path or raw bytes.
wandb: WARNING `fps` argument does not affect the frame rate of the video when providing a file path or raw bytes.
wandb: WARNING `fps` argument does not affect the frame rate of the video when providing a file path or raw bytes.
wandb: WARNING `fps` argument does not affect the frame rate of the video when providing a file path or raw bytes.
wandb: WARNING `fps` argument does not affect the frame rate of the video when providing a file path or raw bytes.
wandb: WARNING `fps` argument does not affect the frame rate of the video when providing a file path or raw bytes.
wandb: WARNING `fps` argument does not affect the frame rate of the video when providing a file path or raw bytes.
wandb: WARNING `fps` argument does not affect the frame rate of the video when providing a file path or raw bytes.
wandb: WARNING `fps` argument does not affect the frame rate of the video when providing a file path or raw bytes.
wandb: WARNING `fps` argument does not affect the frame rate of the video when providing a file path or raw bytes.
wandb: WARNING `fps` argument does not affect the frame rate of the video when providing a file path or raw bytes.
wandb: WARNING `fps` argument does not affect the frame rate of the video when providing a file path or raw bytes.
wandb: WARNING `fps` argument does not affect the frame rate of the video when providing a file path or raw bytes.
wandb: WARNING `fps` argument does not affect the frame rate of the video when providing a file path or raw bytes.
wandb: WARNING `fps` argument does not affect the frame rate of the video when providing a file path or raw bytes.
wandb: WARNING `fps` argument does not affect the frame rate of the video when providing a file path or raw bytes.
wandb: WARNING `fps` argument does not affect the frame rate of the video when providing a file path or raw bytes.
wandb: WARNING `fps` argument does not affect the frame rate of the video when providing a file path or raw bytes.
wandb: WARNING `fps` argument does not affect the frame rate of the video when providing a file path or raw bytes.
wandb: WARNING `fps` argument does not affect the frame rate of the video when providing a file path or raw bytes.
wandb: WARNING `fps` argument does not affect the frame rate of the video when providing a file path or raw bytes.
wandb: WARNING `fps` argument does not affect the frame rate of the video when providing a file path or raw bytes.
wandb: WARNING `fps` argument does not affect the frame rate of the video when providing a file path or raw bytes.
wandb: WARNING `fps` argument does not affect the frame rate of the video when providing a file path or raw bytes.
wandb: WARNING `fps` argument does not affect the frame rate of the video when providing a file path or raw bytes.
wandb: WARNING `fps` argument does not affect the frame rate of the video when providing a file path or raw bytes.
wandb: WARNING `fps` argument does not affect the frame rate of the video when providing a file path or raw bytes.
wandb: WARNING `fps` argument does not affect the frame rate of the video when providing a file path or raw bytes.
wandb: WARNING `fps` argument does not affect the frame rate of the video when providing a file path or raw bytes.
wandb: WARNING `fps` argument does not affect the frame rate of the video when providing a file path or raw bytes.
wandb: WARNING `fps` argument does not affect the frame rate of the video when providing a file path or raw bytes.
wandb: WARNING `fps` argument does not affect the frame rate of the video when providing a file path or raw bytes.
wandb: WARNING `fps` argument does not affect the frame rate of the video when providing a file path or raw bytes.
wandb: WARNING `fps` argument does not affect the frame rate of the video when providing a file path or raw bytes.
wandb: WARNING `fps` argument does not affect the frame rate of the video when providing a file path or raw bytes.
wandb: WARNING `fps` argument does not affect the frame rate of the video when providing a file path or raw bytes.
wandb: WARNING `fps` argument does not affect the frame rate of the video when providing a file path or raw bytes.
wandb: WARNING `fps` argument does not affect the frame rate of the video when providing a file path or raw bytes.
wandb: WARNING `fps` argument does not affect the frame rate of the video when providing a file path or raw bytes.
wandb: WARNING `fps` argument does not affect the frame rate of the video when providing a file path or raw bytes.
wandb: WARNING `fps` argument does not affect the frame rate of the video when providing a file path or raw bytes.
wandb: WARNING `fps` argument does not affect the frame rate of the video when providing a file path or raw bytes.
wandb: WARNING `fps` argument does not affect the frame rate of the video when providing a file path or raw bytes.
wandb: WARNING `fps` argument does not affect the frame rate of the video when providing a file path or raw bytes.
wandb: WARNING `fps` argument does not affect the frame rate of the video when providing a file path or raw bytes.
wandb: WARNING `fps` argument does not affect the frame rate of the video when providing a file path or raw bytes.
wandb: WARNING `fps` argument does not affect the frame rate of the video when providing a file path or raw bytes.
wandb: WARNING `fps` argument does not affect the frame rate of the video when providing a file path or raw bytes.
wandb: WARNING `fps` argument does not affect the frame rate of the video when providing a file path or raw bytes.
wandb: WARNING `fps` argument does not affect the frame rate of the video when providing a file path or raw bytes.
wandb: WARNING `fps` argument does not affect the frame rate of the video when providing a file path or raw bytes.
wandb: WARNING `fps` argument does not affect the frame rate of the video when providing a file path or raw bytes.
wandb: WARNING `fps` argument does not affect the frame rate of the video when providing a file path or raw bytes.
wandb: WARNING `fps` argument does not affect the frame rate of the video when providing a file path or raw bytes.
wandb: WARNING `fps` argument does not affect the frame rate of the video when providing a file path or raw bytes.
wandb: WARNING `fps` argument does not affect the frame rate of the video when providing a file path or raw bytes.
wandb: WARNING `fps` argument does not affect the frame rate of the video when providing a file path or raw bytes.
wandb: WARNING `fps` argument does not affect the frame rate of the video when providing a file path or raw bytes.
wandb: WARNING `fps` argument does not affect the frame rate of the video when providing a file path or raw bytes.
wandb: WARNING `fps` argument does not affect the frame rate of the video when providing a file path or raw bytes.
wandb: WARNING `fps` argument does not affect the frame rate of the video when providing a file path or raw bytes.
wandb: WARNING `fps` argument does not affect the frame rate of the video when providing a file path or raw bytes.
wandb: WARNING `fps` argument does not affect the frame rate of the video when providing a file path or raw bytes.
wandb: WARNING `fps` argument does not affect the frame rate of the video when providing a file path or raw bytes.
wandb: WARNING `fps` argument does not affect the frame rate of the video when providing a file path or raw bytes.
wandb: WARNING `fps` argument does not affect the frame rate of the video when providing a file path or raw bytes.
wandb: WARNING `fps` argument does not affect the frame rate of the video when providing a file path or raw bytes.
wandb: WARNING `fps` argument does not affect the frame rate of the video when providing a file path or raw bytes.
wandb: WARNING `fps` argument does not affect the frame rate of the video when providing a file path or raw bytes.
wandb: WARNING `fps` argument does not affect the frame rate of the video when providing a file path or raw bytes.
wandb: WARNING `fps` argument does not affect the frame rate of the video when providing a file path or raw bytes.
wandb: WARNING `fps` argument does not affect the frame rate of the video when providing a file path or raw bytes.
wandb: WARNING `fps` argument does not affect the frame rate of the video when providing a file path or raw bytes.
wandb: WARNING `fps` argument does not affect the frame rate of the video when providing a file path or raw bytes.
wandb: WARNING `fps` argument does not affect the frame rate of the video when providing a file path or raw bytes.
wandb: WARNING `fps` argument does not affect the frame rate of the video when providing a file path or raw bytes.
wandb: WARNING `fps` argument does not affect the frame rate of the video when providing a file path or raw bytes.
wandb: WARNING `fps` argument does not affect the frame rate of the video when providing a file path or raw bytes.
wandb: WARNING `fps` argument does not affect the frame rate of the video when providing a file path or raw bytes.
wandb: WARNING `fps` argument does not affect the frame rate of the video when providing a file path or raw bytes.
wandb: WARNING `fps` argument does not affect the frame rate of the video when providing a file path or raw bytes.
wandb: WARNING `fps` argument does not affect the frame rate of the video when providing a file path or raw bytes.
wandb: WARNING `fps` argument does not affect the frame rate of the video when providing a file path or raw bytes.
wandb: WARNING `fps` argument does not affect the frame rate of the video when providing a file path or raw bytes.
wandb: WARNING `fps` argument does not affect the frame rate of the video when providing a file path or raw bytes.
wandb: WARNING `fps` argument does not affect the frame rate of the video when providing a file path or raw bytes.
wandb: WARNING `fps` argument does not affect the frame rate of the video when providing a file path or raw bytes.
wandb: WARNING `fps` argument does not affect the frame rate of the video when providing a file path or raw bytes.
wandb: WARNING `fps` argument does not affect the frame rate of the video when providing a file path or raw bytes.
wandb: WARNING `fps` argument does not affect the frame rate of the video when providing a file path or raw bytes.
wandb: WARNING `fps` argument does not affect the frame rate of the video when providing a file path or raw bytes.
wandb: WARNING `fps` argument does not affect the frame rate of the video when providing a file path or raw bytes.
wandb: WARNING `fps` argument does not affect the frame rate of the video when providing a file path or raw bytes.
wandb: WARNING `fps` argument does not affect the frame rate of the video when providing a file path or raw bytes.
wandb: WARNING `fps` argument does not affect the frame rate of the video when providing a file path or raw bytes.
wandb: WARNING `fps` argument does not affect the frame rate of the video when providing a file path or raw bytes.
wandb: WARNING `fps` argument does not affect the frame rate of the video when providing a file path or raw bytes.
wandb: WARNING `fps` argument does not affect the frame rate of the video when providing a file path or raw bytes.
wandb: WARNING `fps` argument does not affect the frame rate of the video when providing a file path or raw bytes.
wandb: WARNING `fps` argument does not affect the frame rate of the video when providing a file path or raw bytes.
wandb: WARNING `fps` argument does not affect the frame rate of the video when providing a file path or raw bytes.
wandb: WARNING `fps` argument does not affect the frame rate of the video when providing a file path or raw bytes.
wandb: WARNING `fps` argument does not affect the frame rate of the video when providing a file path or raw bytes.
wandb: WARNING `fps` argument does not affect the frame rate of the video when providing a file path or raw bytes.
wandb: WARNING `fps` argument does not affect the frame rate of the video when providing a file path or raw bytes.
wandb: WARNING `fps` argument does not affect the frame rate of the video when providing a file path or raw bytes.
wandb: WARNING `fps` argument does not affect the frame rate of the video when providing a file path or raw bytes.
wandb: WARNING `fps` argument does not affect the frame rate of the video when providing a file path or raw bytes.
wandb: WARNING `fps` argument does not affect the frame rate of the video when providing a file path or raw bytes.
wandb: updating run metadata
wandb: uploading wandb-summary.json; uploading config.yaml; uploading runs/Hopper-v4_sac_vlm_10486462/events.out.tfevents.1774791606.gilbreth-h014.rcac.purdue.edu.2397183.0; uploading output.log
wandb: uploading runs/Hopper-v4_sac_vlm_10486462/events.out.tfevents.1774791606.gilbreth-h014.rcac.purdue.edu.2397183.0; uploading output.log
wandb: 
wandb: Run history:
wandb:             charts/SPS ▁▅▅▅▅██████████████████████████████████▅
wandb: charts/episodic_length ▁▇▅▆▇▆▅▆▇▆▃▇▆▆██▇▆█▇▇▇█▆▇▇█▇▆▆▆▇▆▇▇▇▇▇▇█
wandb: charts/episodic_return ▂▂▂▇▇▄▁▄▂▇▅▃▆▅▅▄▄▆▇█▆▄▇▅▆█▆▆▅▆▆▆▆▆▇▄▄▆▄▅
wandb:            global_step ▁▂▂▂▂▃▃▃▃▃▃▃▃▃▄▄▄▄▄▄▅▅▅▅▅▆▆▆▆▇▇▇▇▇▇▇▇███
wandb:      losses/actor_loss █▁▃▄▄▅▆▆▆▆▆▆▆▆▆▆▆▆▆▆▆▆▆▆▆▆▆▆▆▆▆▆▆▆▆▆▆▆▆▆
wandb:           losses/alpha █▆▄▅▅▄▄▃▃▂▂▂▂▂▂▂▂▂▁▁▁▁▁▁▁▁▁▁▁▁▁▁▁▁▁▁▁▁▁▁
wandb:      losses/alpha_loss █▂▁▃▃▄▃▃▂▂▂▂▂▂▂▂▂▂▂▃▂▂▂▃▂▂▂▃▃▂▂▂▃▂▂▃▃▂▂▂
wandb:        losses/qf1_loss ▄█▆▄▄▄▃▂▃▂▂▂▂▂▂▂▂▁▂▂▁▂▂▁▁▁▂▂▂▂▁▁▁▂▂▂▂▂▂▂
wandb:      losses/qf1_values █▄▃▂▂▂▂▁▁▁▁▁▁▁▁▁▁▁▂▂▂▂▁▂▁▂▁▁▁▁▁▁▁▁▁▁▁▁▁▁
wandb:        losses/qf2_loss ▅█▄▄▅▂▃▂▂▂▂▂▂▂▂▂▂▁▁▂▂▂▂▂▂▁▂▂▁▁▁▂▁▂▂▁▁▁▁▂
wandb:                     +2 ...
wandb: 
wandb: Run summary:
wandb:             charts/SPS 31
wandb: charts/episodic_length 47
wandb: charts/episodic_return 220.99838
wandb:            global_step 999963
wandb:      losses/actor_loss -102.41194
wandb:           losses/alpha 0.09339
wandb:      losses/alpha_loss -0.01939
wandb:        losses/qf1_loss 126.11029
wandb:      losses/qf1_values 102.46381
wandb:        losses/qf2_loss 113.9165
wandb:                     +2 ...
wandb: 
wandb: 🚀 View run Hopper-v4_sac_vlm_10486462 at: https://wandb.ai/sohn5312-purdue-university/cleanrl-experiments/runs/x7ifrh6p
wandb: ⭐️ View project at: https://wandb.ai/sohn5312-purdue-university/cleanrl-experiments
wandb: Synced 8 W&B file(s), 215 media file(s), 0 artifact file(s) and 1 other file(s)
wandb: Find logs at: ./wandb/run-20260329_093944-x7ifrh6p/logs
