/var/spool/slurm/job10477729/slurm_script: line 28: cd: /home/yang2739/VLM-RL: No such file or directory
Resolved 150 packages in 17ms
Audited 93 packages in 92ms
wandb: [wandb.login()] Loaded credentials for https://api.wandb.ai from /home/yang2739/.netrc.
wandb: Currently logged in as: yang2739 (sohn5312-purdue-university) to https://api.wandb.ai. Use `wandb login --relogin` to force relogin
wandb: Tracking run with wandb version 0.25.1
wandb: Run data is saved locally in /home/yang2739/CS490/VLM-RL/wandb/run-20260327_021125-d4ww84rw
wandb: Run `wandb offline` to turn off syncing.
wandb: Syncing run Ant-v4_sac_clip_multiframe_10477729
wandb: ⭐️ View project at https://wandb.ai/sohn5312-purdue-university/cleanrl-experiments
wandb: 🚀 View run at https://wandb.ai/sohn5312-purdue-university/cleanrl-experiments/runs/d4ww84rw
/scratch/gilbreth/yang2739/VLM-RL-RUNS/venv/lib64/python3.9/site-packages/gymnasium/envs/registration.py:519: DeprecationWarning: [33mWARN: The environment Ant-v4 is out of date. You should consider upgrading to version `v5`.[0m
  logger.deprecation(
/scratch/gilbreth/yang2739/VLM-RL-RUNS/venv/lib64/python3.9/site-packages/gymnasium/utils/passive_env_checker.py:134: UserWarning: [33mWARN: The obs returned by the `reset()` method was expecting numpy array dtype to be <class 'numpy.float32'>, actual type: float64[0m
  logger.warn(
/scratch/gilbreth/yang2739/VLM-RL-RUNS/venv/lib64/python3.9/site-packages/gymnasium/utils/passive_env_checker.py:158: UserWarning: [33mWARN: The obs returned by the `reset()` method is not within the observation space.[0m
  logger.warn(f"{pre} is not within the observation space.")
/scratch/gilbreth/yang2739/VLM-RL-RUNS/venv/lib64/python3.9/site-packages/gymnasium/utils/passive_env_checker.py:134: UserWarning: [33mWARN: The obs returned by the `step()` method was expecting numpy array dtype to be <class 'numpy.float32'>, actual type: float64[0m
  logger.warn(
/scratch/gilbreth/yang2739/VLM-RL-RUNS/venv/lib64/python3.9/site-packages/gymnasium/utils/passive_env_checker.py:158: UserWarning: [33mWARN: The obs returned by the `step()` method is not within the observation space.[0m
  logger.warn(f"{pre} is not within the observation space.")
wandb: WARNING `fps` argument does not affect the frame rate of the video when providing a file path or raw bytes.
wandb: WARNING `fps` argument does not affect the frame rate of the video when providing a file path or raw bytes.
wandb: WARNING `fps` argument does not affect the frame rate of the video when providing a file path or raw bytes.
wandb: WARNING `fps` argument does not affect the frame rate of the video when providing a file path or raw bytes.
wandb: WARNING `fps` argument does not affect the frame rate of the video when providing a file path or raw bytes.
wandb: WARNING `fps` argument does not affect the frame rate of the video when providing a file path or raw bytes.
wandb: WARNING `fps` argument does not affect the frame rate of the video when providing a file path or raw bytes.
wandb: WARNING `fps` argument does not affect the frame rate of the video when providing a file path or raw bytes.
wandb: WARNING `fps` argument does not affect the frame rate of the video when providing a file path or raw bytes.
wandb: WARNING `fps` argument does not affect the frame rate of the video when providing a file path or raw bytes.
wandb: WARNING `fps` argument does not affect the frame rate of the video when providing a file path or raw bytes.
wandb: WARNING `fps` argument does not affect the frame rate of the video when providing a file path or raw bytes.
wandb: WARNING `fps` argument does not affect the frame rate of the video when providing a file path or raw bytes.
wandb: WARNING `fps` argument does not affect the frame rate of the video when providing a file path or raw bytes.
wandb: WARNING `fps` argument does not affect the frame rate of the video when providing a file path or raw bytes.
wandb: WARNING `fps` argument does not affect the frame rate of the video when providing a file path or raw bytes.
wandb: WARNING `fps` argument does not affect the frame rate of the video when providing a file path or raw bytes.
wandb: WARNING `fps` argument does not affect the frame rate of the video when providing a file path or raw bytes.
wandb: WARNING `fps` argument does not affect the frame rate of the video when providing a file path or raw bytes.
wandb: WARNING `fps` argument does not affect the frame rate of the video when providing a file path or raw bytes.
wandb: WARNING `fps` argument does not affect the frame rate of the video when providing a file path or raw bytes.
wandb: WARNING `fps` argument does not affect the frame rate of the video when providing a file path or raw bytes.
wandb: WARNING `fps` argument does not affect the frame rate of the video when providing a file path or raw bytes.
wandb: WARNING `fps` argument does not affect the frame rate of the video when providing a file path or raw bytes.
wandb: WARNING `fps` argument does not affect the frame rate of the video when providing a file path or raw bytes.
wandb: WARNING `fps` argument does not affect the frame rate of the video when providing a file path or raw bytes.
wandb: WARNING `fps` argument does not affect the frame rate of the video when providing a file path or raw bytes.
wandb: WARNING `fps` argument does not affect the frame rate of the video when providing a file path or raw bytes.
wandb: WARNING `fps` argument does not affect the frame rate of the video when providing a file path or raw bytes.
wandb: WARNING `fps` argument does not affect the frame rate of the video when providing a file path or raw bytes.
wandb: WARNING `fps` argument does not affect the frame rate of the video when providing a file path or raw bytes.
wandb: WARNING `fps` argument does not affect the frame rate of the video when providing a file path or raw bytes.
wandb: WARNING `fps` argument does not affect the frame rate of the video when providing a file path or raw bytes.
wandb: WARNING `fps` argument does not affect the frame rate of the video when providing a file path or raw bytes.
wandb: WARNING `fps` argument does not affect the frame rate of the video when providing a file path or raw bytes.
wandb: updating run metadata
wandb: uploading media/videos/rl-video-episode-512_11_5b6caa6db4d8a882582b.mp4; uploading media/videos/rl-video-episode-8000_30_0d9fd601d9e24194cab0.mp4; uploading wandb-summary.json; uploading config.yaml; uploading media/videos/rl-video-episode-9000_2_cf205dccd01b42168d1e.mp4 (+ 11 more)
wandb: uploading media/videos/rl-video-episode-512_11_5b6caa6db4d8a882582b.mp4; uploading output.log; uploading media/videos/rl-video-episode-729_5_167718911363511f1dd9.mp4; uploading media/videos/rl-video-episode-11000_18_32632434cad3bee1f99b.mp4; uploading media/videos/rl-video-episode-17000_0_d0a19dee70dd79409165.mp4 (+ 25 more)
wandb: uploading output.log; uploading media/videos/rl-video-episode-216_13_5364a13de0324b974dd4.mp4; uploading runs/Ant-v4_sac_clip_multiframe_10477729/events.out.tfevents.1774591915.gilbreth-k038.rcac.purdue.edu.539112.0
wandb: uploading history steps 141093-141295, summary, console lines 99616-99733
wandb: 
wandb: Run history:
wandb:             charts/SPS ▁▂▄▅▇▇██▅▆▆▇▇▇▇▇▇▇▇▇▇▇▇▇▇▇▇▇▇▇▇▇▇▇▇▇▇▇▇▇
wandb: charts/episodic_length ▂█▁▁▁▁▁▁▁▁▁▁▁▁▁▁▁▁▁▁▁▁▁▁▁▁▁▁▁▁▁▁▁▁▁▁▁▁▁▁
wandb: charts/episodic_return ▁▃█▂▅▂▂▂▂▂▂▂▂▂▂▂▂▂▂▂▂▂▂▂▂▂▂▂▂▂▂▂▂▂▂▂▂▂▂▂
wandb:            global_step ▁▁▁▁▁▁▂▂▃▃▃▃▃▃▄▄▄▅▅▅▅▅▅▅▆▇▇▇▇▇▇▇▇▇▇█████
wandb:      losses/actor_loss █▁▂▄▅▅▆▆▆▇▇▇▇▇▇▇▇▇▇▇▇▇▇▇▇▇▇▇▇▇▇▆▇▆▆▆▆▆▆▆
wandb:           losses/alpha ▄▂▁▅▆▇▅▅▅▇██▆▇▇▆▆▆▆▅▆▆▅▅▅▄▄▄▃▃▃▃▂▃▄▃▄▄▄▃
wandb:      losses/alpha_loss ▆▅▅▆█▅▅▅▄▇▆▁▅▄▆▄▇▅▅▇▆▆▄▅▆▅▂▇▆▄▄▄▆▆▆█▅▆▆▄
wandb:        losses/qf1_loss ▄▃▃▂▂▂▁▂▂▅▆▃▂▂▂▃▂█▂▂▂▂▂▂▃▆▁▂▁▆▅▂▃▄▁▂▁▂▁▂
wandb:      losses/qf1_values ███▅▃▂▁▁▁▁▁▁▂▁▂▂▁▁▁▁▁▂▂▁▂▂▂▂▂▂▂▂▂▃▃▃▂▃▃▃
wandb:        losses/qf2_loss ▅▅▄▆▃▃▃▆▄▄▃▄▂▁▃▂▄▃▇▂▂▂▄█▄▄▃▄▃▂▃▃▂▂▃▃▁█▃▂
wandb:                     +2 ...
wandb: 
wandb: Run summary:
wandb:             charts/SPS 113
wandb: charts/episodic_length 9
wandb: charts/episodic_return 0
wandb:            global_step 999900
wandb:      losses/actor_loss -79.63876
wandb:           losses/alpha 0.15973
wandb:      losses/alpha_loss 0.01993
wandb:        losses/qf1_loss 74.41255
wandb:      losses/qf1_values 79.97481
wandb:        losses/qf2_loss 77.1128
wandb:                     +2 ...
wandb: 
wandb: 🚀 View run Ant-v4_sac_clip_multiframe_10477729 at: https://wandb.ai/sohn5312-purdue-university/cleanrl-experiments/runs/d4ww84rw
wandb: ⭐️ View project at: https://wandb.ai/sohn5312-purdue-university/cleanrl-experiments
wandb: Synced 8 W&B file(s), 35 media file(s), 0 artifact file(s) and 1 other file(s)
wandb: Find logs at: ./wandb/run-20260327_021125-d4ww84rw/logs
