/var/spool/slurm/job10477720/slurm_script: line 28: cd: /home/yang2739/VLM-RL: No such file or directory
Resolved 150 packages in 13ms
Audited 93 packages in 3.63s
wandb: [wandb.login()] Loaded credentials for https://api.wandb.ai from /home/yang2739/.netrc.
wandb: Currently logged in as: yang2739 (sohn5312-purdue-university) to https://api.wandb.ai. Use `wandb login --relogin` to force relogin
wandb: Tracking run with wandb version 0.25.1
wandb: Run data is saved locally in /home/yang2739/CS490/VLM-RL/wandb/run-20260327_021125-dpfl5kgi
wandb: Run `wandb offline` to turn off syncing.
wandb: Syncing run Ant-v4_sac_clip_multiframe_10477720
wandb: ⭐️ View project at https://wandb.ai/sohn5312-purdue-university/cleanrl-experiments
wandb: 🚀 View run at https://wandb.ai/sohn5312-purdue-university/cleanrl-experiments/runs/dpfl5kgi
/scratch/gilbreth/yang2739/VLM-RL-RUNS/venv/lib64/python3.9/site-packages/gymnasium/envs/registration.py:519: DeprecationWarning: [33mWARN: The environment Ant-v4 is out of date. You should consider upgrading to version `v5`.[0m
  logger.deprecation(
/scratch/gilbreth/yang2739/VLM-RL-RUNS/venv/lib64/python3.9/site-packages/gymnasium/utils/passive_env_checker.py:134: UserWarning: [33mWARN: The obs returned by the `reset()` method was expecting numpy array dtype to be <class 'numpy.float32'>, actual type: float64[0m
  logger.warn(
/scratch/gilbreth/yang2739/VLM-RL-RUNS/venv/lib64/python3.9/site-packages/gymnasium/utils/passive_env_checker.py:158: UserWarning: [33mWARN: The obs returned by the `reset()` method is not within the observation space.[0m
  logger.warn(f"{pre} is not within the observation space.")
/scratch/gilbreth/yang2739/VLM-RL-RUNS/venv/lib64/python3.9/site-packages/gymnasium/utils/passive_env_checker.py:134: UserWarning: [33mWARN: The obs returned by the `step()` method was expecting numpy array dtype to be <class 'numpy.float32'>, actual type: float64[0m
  logger.warn(
/scratch/gilbreth/yang2739/VLM-RL-RUNS/venv/lib64/python3.9/site-packages/gymnasium/utils/passive_env_checker.py:158: UserWarning: [33mWARN: The obs returned by the `step()` method is not within the observation space.[0m
  logger.warn(f"{pre} is not within the observation space.")
wandb: WARNING `fps` argument does not affect the frame rate of the video when providing a file path or raw bytes.
wandb: WARNING `fps` argument does not affect the frame rate of the video when providing a file path or raw bytes.
wandb: WARNING `fps` argument does not affect the frame rate of the video when providing a file path or raw bytes.
wandb: WARNING `fps` argument does not affect the frame rate of the video when providing a file path or raw bytes.
wandb: WARNING `fps` argument does not affect the frame rate of the video when providing a file path or raw bytes.
wandb: WARNING `fps` argument does not affect the frame rate of the video when providing a file path or raw bytes.
wandb: WARNING `fps` argument does not affect the frame rate of the video when providing a file path or raw bytes.
wandb: WARNING `fps` argument does not affect the frame rate of the video when providing a file path or raw bytes.
wandb: WARNING `fps` argument does not affect the frame rate of the video when providing a file path or raw bytes.
wandb: WARNING `fps` argument does not affect the frame rate of the video when providing a file path or raw bytes.
wandb: WARNING `fps` argument does not affect the frame rate of the video when providing a file path or raw bytes.
wandb: WARNING `fps` argument does not affect the frame rate of the video when providing a file path or raw bytes.
wandb: WARNING `fps` argument does not affect the frame rate of the video when providing a file path or raw bytes.
wandb: WARNING `fps` argument does not affect the frame rate of the video when providing a file path or raw bytes.
wandb: WARNING `fps` argument does not affect the frame rate of the video when providing a file path or raw bytes.
wandb: WARNING `fps` argument does not affect the frame rate of the video when providing a file path or raw bytes.
wandb: WARNING `fps` argument does not affect the frame rate of the video when providing a file path or raw bytes.
wandb: WARNING `fps` argument does not affect the frame rate of the video when providing a file path or raw bytes.
wandb: WARNING `fps` argument does not affect the frame rate of the video when providing a file path or raw bytes.
wandb: WARNING `fps` argument does not affect the frame rate of the video when providing a file path or raw bytes.
wandb: WARNING `fps` argument does not affect the frame rate of the video when providing a file path or raw bytes.
wandb: WARNING `fps` argument does not affect the frame rate of the video when providing a file path or raw bytes.
wandb: WARNING `fps` argument does not affect the frame rate of the video when providing a file path or raw bytes.
wandb: WARNING `fps` argument does not affect the frame rate of the video when providing a file path or raw bytes.
wandb: WARNING `fps` argument does not affect the frame rate of the video when providing a file path or raw bytes.
wandb: WARNING `fps` argument does not affect the frame rate of the video when providing a file path or raw bytes.
wandb: WARNING `fps` argument does not affect the frame rate of the video when providing a file path or raw bytes.
wandb: WARNING `fps` argument does not affect the frame rate of the video when providing a file path or raw bytes.
wandb: WARNING `fps` argument does not affect the frame rate of the video when providing a file path or raw bytes.
wandb: WARNING `fps` argument does not affect the frame rate of the video when providing a file path or raw bytes.
wandb: WARNING `fps` argument does not affect the frame rate of the video when providing a file path or raw bytes.
wandb: WARNING `fps` argument does not affect the frame rate of the video when providing a file path or raw bytes.
wandb: WARNING `fps` argument does not affect the frame rate of the video when providing a file path or raw bytes.
wandb: WARNING `fps` argument does not affect the frame rate of the video when providing a file path or raw bytes.
wandb: WARNING `fps` argument does not affect the frame rate of the video when providing a file path or raw bytes.
wandb: WARNING `fps` argument does not affect the frame rate of the video when providing a file path or raw bytes.
wandb: WARNING `fps` argument does not affect the frame rate of the video when providing a file path or raw bytes.
wandb: WARNING `fps` argument does not affect the frame rate of the video when providing a file path or raw bytes.
wandb: WARNING `fps` argument does not affect the frame rate of the video when providing a file path or raw bytes.
wandb: WARNING `fps` argument does not affect the frame rate of the video when providing a file path or raw bytes.
wandb: WARNING `fps` argument does not affect the frame rate of the video when providing a file path or raw bytes.
wandb: WARNING `fps` argument does not affect the frame rate of the video when providing a file path or raw bytes.
wandb: WARNING `fps` argument does not affect the frame rate of the video when providing a file path or raw bytes.
wandb: WARNING `fps` argument does not affect the frame rate of the video when providing a file path or raw bytes.
wandb: uploading media/videos/rl-video-episode-16000_28_0998263185305dfd235e.mp4; uploading media/videos/rl-video-episode-8000_5_ed2ab61e4bac0837a0d3.mp4; uploading media/videos/rl-video-episode-512_18_486e99bbe6501374de37.mp4; uploading media/videos/rl-video-episode-0_24_8830f9b859c9a8f04163.mp4; uploading media/videos/rl-video-episode-2000_27_7efdc7f475c301ac816a.mp4 (+ 42 more)
wandb: uploading output.log; uploading runs/Ant-v4_sac_clip_multiframe_10477720/events.out.tfevents.1774591915.gilbreth-i004.rcac.purdue.edu.4162662.0
wandb: uploading history steps 159224-159406, summary, console lines 110556-110671
wandb: 
wandb: Run history:
wandb:             charts/SPS ▁▅▆▇▇▇▇▇██████████▇▇▇▇▇▇▇▇▇▇▇▇▇▇▇▇▇▇▇▇▇▇
wandb: charts/episodic_length ▁█▁▁▁▁█▁▁▁▁▁▁▁▁▁▁▁▁▁▁▁▁▁▁▁▁▁▁▁▁▁▁▁▁▁▁▁▁▁
wandb: charts/episodic_return █▁▁▁▁▁▁▁▁▁▁▁▁▁▁▁▁▁▁▁▁▁▁▁▁▁▁▁▁▁▁▁▁▁▁▁▁▁▁▁
wandb:            global_step ▁▁▂▂▂▃▃▃▃▃▄▄▄▄▅▅▅▅▅▅▅▅▅▆▆▆▆▆▆▆▇▇▇▇▇▇▇███
wandb:      losses/actor_loss ▁▄▅▅▅▆▆▆▆▆▇█▇███▇▇▇▆▆▆▆▆▅▅▆▅▅▅▆▆▅▆▅▅▅▆▅▅
wandb:           losses/alpha █▂▂▁▁▁▁▁▁▁▁▁▁▁▁▁▁▂▂▂▂▂▂▁▂▂▂▁▂▂▂▁▁▁▂▂▁▂▁▁
wandb:      losses/alpha_loss █▅▇█▆▃▆▅▅▆▅▆▆▅▆▇▄▆▅▄▃▄▃▅▄▂▆▃▆▄▅▃▄▅▆▅▅▁▄▁
wandb:        losses/qf1_loss ▁▄▃▃▃▃▃▄▃▅▃▂▃▂▂▂▂▂▂▂▁▂▁▂▂▂▂▃▂▂▂▁▁▂▂▁▁█▂▂
wandb:      losses/qf1_values █▇▆▅▂▁▁▁▁▁▁▁▂▂▂▂▂▂▂▂▂▂▂▂▂▂▂▂▂▃▃▂▂▃▂▂▂▂▃▃
wandb:        losses/qf2_loss ▆▅▄▄▃▃▃▃▄▄▃▄█▃▃▃▃▁▂▃▂▂▃▂▂▂▂▄▂▂▂▁▁▃▁▁▂▄▂▂
wandb:                     +2 ...
wandb: 
wandb: Run summary:
wandb:             charts/SPS 113
wandb: charts/episodic_length 9
wandb: charts/episodic_return 0
wandb:            global_step 999997
wandb:      losses/actor_loss -36.45301
wandb:           losses/alpha 0.11785
wandb:      losses/alpha_loss 0.04225
wandb:        losses/qf1_loss 75.87534
wandb:      losses/qf1_values 37.57096
wandb:        losses/qf2_loss 63.49661
wandb:                     +2 ...
wandb: 
wandb: 🚀 View run Ant-v4_sac_clip_multiframe_10477720 at: https://wandb.ai/sohn5312-purdue-university/cleanrl-experiments/runs/dpfl5kgi
wandb: ⭐️ View project at: https://wandb.ai/sohn5312-purdue-university/cleanrl-experiments
wandb: Synced 8 W&B file(s), 44 media file(s), 0 artifact file(s) and 1 other file(s)
wandb: Find logs at: ./wandb/run-20260327_021125-dpfl5kgi/logs
